<html>
<body>
<pre>
<h1>µVision Build Log</h1>
<h2>Tool Versions:</h2>
IDE-Version: ¦ÌVision V5.40.0.0
Copyright (C) 2024 ARM Ltd and ARM Germany GmbH. All rights reserved.
License Information: lee hm, null, LIC=8VRJ7-EM9KL-56QQ2-9F0U5-UXXRY-XTUVW
 
Tool Versions:
Toolchain:       MDK-ARM Plus  Version: 5.40.0.3
Toolchain Path:  D:\Keil5\ARM\ARMCLANG\Bin
C Compiler:      ArmClang.exe V6.22
Assembler:       Armasm.exe V6.22
Linker/Locator:  ArmLink.exe V6.22
Library Manager: ArmAr.exe V6.22
Hex Converter:   FromElf.exe V6.22
CPU DLL:         SARMCM3.DLL V5.40.0.3
Dialog DLL:      DCM.DLL V1.17.5.0
Target DLL:      STLink\ST-LINKIII-KEIL_SWO.dll V3.3.0.0
Dialog DLL:      TCM.DLL V1.56.4.0
 
<h2>Project:</h2>
C:\Users\32806\Desktop\9th_R2\IIT6_Template\MDK-ARM\IIT6_Template.uvprojx
Project File Date:  10/01/2024

<h2>Output:</h2>
*** Using Compiler 'V6.22', folder: 'D:\Keil5\ARM\ARMCLANG\Bin'
Rebuild target 'IIT6_Template'
compiling quadspi.c...
compiling usb_otg.c...
compiling memorymap.c...
compiling freertos.c...
assembling startup_stm32h743xx.s...
compiling stm32h7xx_it.c...
compiling gpio.c...
compiling stm32h7xx_hal_msp.c...
compiling stm32h7xx_hal_timebase_tim.c...
compiling fdcan.c...
compiling i2c.c...
compiling usart.c...
compiling spi.c...
compiling main.c...
compiling adc.c...
compiling tim.c...
compiling stm32h7xx_hal_flash.c...
compiling stm32h7xx_hal_hsem.c...
compiling stm32h7xx_hal_gpio.c...
compiling stm32h7xx_hal_adc.c...
compiling stm32h7xx_hal_rcc.c...
compiling stm32h7xx_hal_flash_ex.c...
compiling stm32h7xx_hal_dma_ex.c...
compiling stm32h7xx_hal_pwr.c...
compiling stm32h7xx_hal_rcc_ex.c...
compiling stm32h7xx_hal_adc_ex.c...
compiling stm32h7xx_hal_cortex.c...
compiling stm32h7xx_hal_pwr_ex.c...
compiling stm32h7xx_hal_mdma.c...
compiling stm32h7xx_hal.c...
compiling stm32h7xx_hal_i2c_ex.c...
compiling stm32h7xx_hal_dma.c...
compiling stm32h7xx_hal_exti.c...
compiling stm32h7xx_hal_spi_ex.c...
compiling croutine.c...
compiling event_groups.c...
compiling list.c...
compiling stm32h7xx_hal_qspi.c...
compiling system_stm32h7xx.c...
compiling stm32h7xx_hal_uart_ex.c...
compiling stm32h7xx_hal_spi.c...
compiling stream_buffer.c...
compiling stm32h7xx_hal_tim_ex.c...
compiling timers.c...
compiling port.c...
compiling heap_4.c...
compiling PID.cpp...
compiling queue.c...
compiling stm32h7xx_hal_i2c.c...
compiling tasks.c...
compiling stm32h7xx_hal_fdcan.c...
compiling stm32h7xx_hal_uart.c...
compiling cmsis_os2.c...
compiling stm32h7xx_hal_tim.c...
compiling Hardware_Peripheral.cpp...
compiling Callback_Function.cpp...
compiling Task_Manager.cpp...
compiling Base_Calculation.cpp...
linking...
Program Size: Code=36744 RO-data=896 RW-data=20 ZI-data=23316  
FromELF: creating hex file...
"IIT6_Template\IIT6_Template.axf" - 0 Error(s), 0 Warning(s).

<h2>Software Packages used:</h2>

Package Vendor: ARM
                https://www.keil.com/pack/ARM.CMSIS.6.1.0.pack
                ARM::CMSIS@6.1.0
                CMSIS (Common Microcontroller Software Interface Standard)
   * Component: CORE Version: 6.1.0

Package Vendor: Keil
                https://www.keil.com/pack/Keil.STM32H7xx_DFP.3.1.1.pack
                Keil::STM32H7xx_DFP@3.1.1
                STMicroelectronics STM32H7 Series Device Support and Examples

<h2>Collection of Component include folders:</h2>
  ./RTE/_IIT6_Template
  D:/Keil5/ARM/PACK/ARM/CMSIS/6.1.0/CMSIS/Core/Include
  D:/Keil5/ARM/PACK/Keil/STM32H7xx_DFP/3.1.1/Drivers/CMSIS/Device/ST/STM32H7xx/Include

<h2>Collection of Component Files used:</h2>

   * Component: ARM::CMSIS:CORE@6.1.0
      Include file:  CMSIS/Core/Include/tz_context.h
Build Time Elapsed:  00:00:04
</pre>
</body>
</html>
