<html>
<body>
<pre>
<h1>µVision Build Log</h1>
<h2>Tool Versions:</h2>
IDE-Version: ¦ÌVision V5.40.0.0
Copyright (C) 2024 ARM Ltd and ARM Germany GmbH. All rights reserved.
License Information: lee hm, null, LIC=8VRJ7-EM9KL-56QQ2-9F0U5-UXXRY-XTUVW
 
Tool Versions:
Toolchain:       MDK-ARM Plus  Version: 5.40.0.3
Toolchain Path:  D:\Keil5\ARM\ARMCC\Bin
C Compiler:      Armcc.exe V5.06 update 7 (build 960)
Assembler:       Armasm.exe V5.06 update 7 (build 960)
Linker/Locator:  ArmLink.exe V5.06 update 7 (build 960)
Library Manager: ArmAr.exe V5.06 update 7 (build 960)
Hex Converter:   FromElf.exe V5.06 update 7 (build 960)
CPU DLL:         SARMCM3.DLL V5.40.0.3
Dialog DLL:      DCM.DLL V1.17.5.0
Target DLL:      CMSIS_AGDI.dll V1.33.18.0
Dialog DLL:      TCM.DLL V1.56.4.0
 
<h2>Project:</h2>
C:\Users\32806\Desktop\¾ÅÆÚR2\1.AIR_CONTROL_TEST-24.9.16\MDK-ARM\template.uvprojx
Project File Date:  09/19/2024

<h2>Output:</h2>
*** Using Compiler 'V5.06 update 7 (build 960)', folder: 'D:\Keil5\ARM\ARMCC\Bin'
Build target 'template'
compiling calculation.c...
../Drivers/CMSIS/Device/ST/STM32F4xx/Include/stm32f407xx.h(51): warning:  #47-D: incompatible redefinition of macro "__FPU_PRESENT" 
  #define __FPU_PRESENT             1U       /*!< FPU present                                   */
../Drivers/CMSIS/Include/core_cm4.h(79): warning:  #47-D: incompatible redefinition of macro "__FPU_USED" 
        #define __FPU_USED       1U
..\GDUT_User\calculation.c(26): warning:  #1035-D: single-precision operand implicitly converted to double-precision
  	MOTOR_REAL_INFO[0].TARGET_RPM = 19*((0 + Robot_Chassis.Robot_V[x] + RADIUS * Robot_Chassis.Robot_V[w])*60)/(Radius_Wheel*2*PI);
..\GDUT_User\calculation.c(27): warning:  #1035-D: single-precision operand implicitly converted to double-precision
  	MOTOR_REAL_INFO[1].TARGET_RPM = 19*((-(number/2) * Robot_Chassis.Robot_V[y] - (0.5) * Robot_Chassis.Robot_V[x] + RADIUS * Robot_Chassis.Robot_V[w])*60)/(Radius_Wheel*2*PI);
..\GDUT_User\calculation.c(27): warning:  #1035-D: single-precision operand implicitly converted to double-precision
  	MOTOR_REAL_INFO[1].TARGET_RPM = 19*((-(number/2) * Robot_Chassis.Robot_V[y] - (0.5) * Robot_Chassis.Robot_V[x] + RADIUS * Robot_Chassis.Robot_V[w])*60)/(Radius_Wheel*2*PI);
..\GDUT_User\calculation.c(28): warning:  #1035-D: single-precision operand implicitly converted to double-precision
  	MOTOR_REAL_INFO[2].TARGET_RPM = 19*(((number/2) * Robot_Chassis.Robot_V[y] - (0.5) * Robot_Chassis.Robot_V[x] + RADIUS * Robot_Chassis.Robot_V[w])*60)/(Radius_Wheel*2*PI);
..\GDUT_User\calculation.c(28): warning:  #1035-D: single-precision operand implicitly converted to double-precision
  	MOTOR_REAL_INFO[2].TARGET_RPM = 19*(((number/2) * Robot_Chassis.Robot_V[y] - (0.5) * Robot_Chassis.Robot_V[x] + RADIUS * Robot_Chassis.Robot_V[w])*60)/(Radius_Wheel*2*PI);
..\GDUT_User\calculation.c(44): warning:  #1035-D: single-precision operand implicitly converted to double-precision
  	Robot_Chassis.Robot_V[x]= cos(-ACTION_GL_POS_DATA.REAL_YAW* PI / 180) * (Robot_Chassis.World_V[x]) + sin(-ACTION_GL_POS_DATA.REAL_YAW* PI / 180) * (Robot_Chassis.World_V[y]);
..\GDUT_User\calculation.c(44): warning:  #1035-D: single-precision operand implicitly converted to double-precision
  	Robot_Chassis.Robot_V[x]= cos(-ACTION_GL_POS_DATA.REAL_YAW* PI / 180) * (Robot_Chassis.World_V[x]) + sin(-ACTION_GL_POS_DATA.REAL_YAW* PI / 180) * (Robot_Chassis.World_V[y]);
..\GDUT_User\calculation.c(46): warning:  #1035-D: single-precision operand implicitly converted to double-precision
  	Robot_Chassis.Robot_V[y]= -sin(-ACTION_GL_POS_DATA.REAL_YAW* PI / 180) * (Robot_Chassis.World_V[x]) + cos(-ACTION_GL_POS_DATA.REAL_YAW* PI / 180)*(Robot_Chassis.World_V[y]);
..\GDUT_User\calculation.c(46): warning:  #1035-D: single-precision operand implicitly converted to double-precision
  	Robot_Chassis.Robot_V[y]= -sin(-ACTION_GL_POS_DATA.REAL_YAW* PI / 180) * (Robot_Chassis.World_V[x]) + cos(-ACTION_GL_POS_DATA.REAL_YAW* PI / 180)*(Robot_Chassis.World_V[y]);
..\GDUT_User\calculation.c(128): warning:  #1-D: last line of file ends without a newline
  }
..\GDUT_User\calculation.c: 12 warnings, 0 errors
linking...
Program Size: Code=25124 RO-data=944 RW-data=260 ZI-data=22332  
FromELF: creating hex file...
"template\template.axf" - 0 Error(s), 12 Warning(s).

<h2>Software Packages used:</h2>

Package Vendor: ARM
                https://www.keil.com/pack/ARM.CMSIS.6.1.0.pack
                ARM::CMSIS@6.1.0
                CMSIS (Common Microcontroller Software Interface Standard)
   * Component: CORE Version: 6.1.0

Package Vendor: Keil
                https://www.keil.com/pack/Keil.STM32F4xx_DFP.2.17.1.pack
                Keil::STM32F4xx_DFP@2.17.1
                STMicroelectronics STM32F4 Series Device Support, Drivers and Examples

<h2>Collection of Component include folders:</h2>
  ./RTE/_template
  D:/Keil5/ARM/PACK/ARM/CMSIS/6.1.0/CMSIS/Core/Include
  D:/Keil5/ARM/PACK/Keil/STM32F4xx_DFP/2.17.1/Drivers/CMSIS/Device/ST/STM32F4xx/Include

<h2>Collection of Component Files used:</h2>

   * Component: ARM::CMSIS:CORE@6.1.0
Build Time Elapsed:  00:00:01
</pre>
</body>
</html>
