Component: ARM Compiler 5.06 update 7 (build 960) Tool: armlink [4d3601]

==============================================================================

Section Cross References

    startup_stm32f407xx.o(RESET) refers to startup_stm32f407xx.o(STACK) for __initial_sp
    startup_stm32f407xx.o(RESET) refers to startup_stm32f407xx.o(.text) for Reset_Handler
    startup_stm32f407xx.o(RESET) refers to stm32f4xx_it.o(i.NMI_Handler) for NMI_Handler
    startup_stm32f407xx.o(RESET) refers to stm32f4xx_it.o(i.HardFault_Handler) for HardFault_Handler
    startup_stm32f407xx.o(RESET) refers to stm32f4xx_it.o(i.MemManage_Handler) for MemManage_Handler
    startup_stm32f407xx.o(RESET) refers to stm32f4xx_it.o(i.BusFault_Handler) for BusFault_Handler
    startup_stm32f407xx.o(RESET) refers to stm32f4xx_it.o(i.UsageFault_Handler) for UsageFault_Handler
    startup_stm32f407xx.o(RESET) refers to port.o(.emb_text) for SVC_Handler
    startup_stm32f407xx.o(RESET) refers to stm32f4xx_it.o(i.DebugMon_Handler) for DebugMon_Handler
    startup_stm32f407xx.o(RESET) refers to cmsis_os2.o(i.SysTick_Handler) for SysTick_Handler
    startup_stm32f407xx.o(RESET) refers to stm32f4xx_it.o(i.CAN1_TX_IRQHandler) for CAN1_TX_IRQHandler
    startup_stm32f407xx.o(RESET) refers to stm32f4xx_it.o(i.CAN1_RX0_IRQHandler) for CAN1_RX0_IRQHandler
    startup_stm32f407xx.o(RESET) refers to stm32f4xx_it.o(i.CAN1_RX1_IRQHandler) for CAN1_RX1_IRQHandler
    startup_stm32f407xx.o(RESET) refers to stm32f4xx_it.o(i.CAN1_SCE_IRQHandler) for CAN1_SCE_IRQHandler
    startup_stm32f407xx.o(RESET) refers to stm32f4xx_it.o(i.EXTI9_5_IRQHandler) for EXTI9_5_IRQHandler
    startup_stm32f407xx.o(RESET) refers to stm32f4xx_it.o(i.TIM2_IRQHandler) for TIM2_IRQHandler
    startup_stm32f407xx.o(RESET) refers to stm32f4xx_it.o(i.USART3_IRQHandler) for USART3_IRQHandler
    startup_stm32f407xx.o(RESET) refers to stm32f4xx_it.o(i.EXTI15_10_IRQHandler) for EXTI15_10_IRQHandler
    startup_stm32f407xx.o(RESET) refers to stm32f4xx_it.o(i.UART4_IRQHandler) for UART4_IRQHandler
    startup_stm32f407xx.o(RESET) refers to stm32f4xx_it.o(i.TIM6_DAC_IRQHandler) for TIM6_DAC_IRQHandler
    startup_stm32f407xx.o(RESET) refers to stm32f4xx_it.o(i.CAN2_TX_IRQHandler) for CAN2_TX_IRQHandler
    startup_stm32f407xx.o(RESET) refers to stm32f4xx_it.o(i.CAN2_RX0_IRQHandler) for CAN2_RX0_IRQHandler
    startup_stm32f407xx.o(RESET) refers to stm32f4xx_it.o(i.CAN2_RX1_IRQHandler) for CAN2_RX1_IRQHandler
    startup_stm32f407xx.o(RESET) refers to stm32f4xx_it.o(i.CAN2_SCE_IRQHandler) for CAN2_SCE_IRQHandler
    startup_stm32f407xx.o(.text) refers to system_stm32f4xx.o(i.SystemInit) for SystemInit
    startup_stm32f407xx.o(.text) refers to entry.o(.ARM.Collect$$$$00000000) for __main
    mit.o(i.DM43_Init) refers to mit.o(i.DM43_control_cmd) for DM43_control_cmd
    mit.o(i.DM43_Init) refers to stm32f4xx_hal.o(i.HAL_Delay) for HAL_Delay
    mit.o(i.DM43_control_cmd) refers to stm32f4xx_hal_can.o(i.HAL_CAN_AddTxMessage) for HAL_CAN_AddTxMessage
    mit.o(i.DM43_control_cmd) refers to can.o(.bss) for hcan2
    mit.o(i.DM43_update_info) refers to mit.o(i.uint_to_float) for uint_to_float
    mit.o(i.DM43_update_info) refers to mit.o(.bss) for .bss
    mit.o(i.MOTOR_Speed_Control) refers to stm32f4xx_hal_can.o(i.HAL_CAN_AddTxMessage) for HAL_CAN_AddTxMessage
    mit.o(i.MOTOR_Speed_Control) refers to can.o(.bss) for hcan2
    mit.o(i.U8_control_cmd) refers to stm32f4xx_hal_can.o(i.HAL_CAN_AddTxMessage) for HAL_CAN_AddTxMessage
    mit.o(i.U8_control_cmd) refers to can.o(.bss) for hcan2
    mit.o(i.U8_init) refers to mit.o(i.U8_control_cmd) for U8_control_cmd
    mit.o(i.U8_init) refers to stm32f4xx_hal.o(i.HAL_Delay) for HAL_Delay
    mit.o(i.U8_update_info) refers to mit.o(i.uint_to_float) for uint_to_float
    mit.o(i.U8_update_info) refers to mit.o(.bss) for .bss
    mit.o(i.ctrl_motor2) refers to stm32f4xx_hal_can.o(i.HAL_CAN_AddTxMessage) for HAL_CAN_AddTxMessage
    mit.o(i.ctrl_motor2) refers to can.o(.bss) for hcan2
    main.o(i.HAL_TIM_PeriodElapsedCallback) refers to stm32f4xx_hal.o(i.HAL_IncTick) for HAL_IncTick
    main.o(i.HAL_TIM_PeriodElapsedCallback) refers to hareware.o(.data) for TIME_ISR_CNT
    main.o(i.HAL_TIM_PeriodElapsedCallback) refers to hareware.o(.data) for LAST_TIME_ISR_CNT
    main.o(i.HAL_TIM_PeriodElapsedCallback) refers to hareware.o(.data) for Microsecond_Cnt
    main.o(i.HAL_TIM_PeriodElapsedCallback) refers to hareware.o(.data) for Time_Sys
    main.o(i.SystemClock_Config) refers to memseta.o(.text) for __aeabi_memclr4
    main.o(i.SystemClock_Config) refers to stm32f4xx_hal_rcc.o(i.HAL_RCC_OscConfig) for HAL_RCC_OscConfig
    main.o(i.SystemClock_Config) refers to stm32f4xx_hal_rcc.o(i.HAL_RCC_ClockConfig) for HAL_RCC_ClockConfig
    main.o(i.main) refers to stm32f4xx_hal.o(i.HAL_Init) for HAL_Init
    main.o(i.main) refers to main.o(i.SystemClock_Config) for SystemClock_Config
    main.o(i.main) refers to gpio.o(i.MX_GPIO_Init) for MX_GPIO_Init
[...]
    prvSampleTimeNow                         0x08005401   Thumb Code    36  timers.o(i.prvSampleTimeNow)
    i.prvSwitchTimerLists                    0x08005428   Section        0  timers.o(i.prvSwitchTimerLists)
    prvSwitchTimerLists                      0x08005429   Thumb Code   104  timers.o(i.prvSwitchTimerLists)
    i.prvTaskExitError                       0x08005494   Section        0  port.o(i.prvTaskExitError)
    prvTaskExitError                         0x08005495   Thumb Code    36  port.o(i.prvTaskExitError)
    i.prvTimerTask                           0x080054bc   Section        0  timers.o(i.prvTimerTask)
    prvTimerTask                             0x080054bd   Thumb Code    32  timers.o(i.prvTimerTask)
    i.prvUnlockQueue                         0x080054e0   Section        0  queue.o(i.prvUnlockQueue)
    prvUnlockQueue                           0x080054e1   Thumb Code   106  queue.o(i.prvUnlockQueue)
    i.pvPortMalloc                           0x0800554c   Section        0  heap_4.o(i.pvPortMalloc)
    i.pxPortInitialiseStack                  0x08005628   Section        0  port.o(i.pxPortInitialiseStack)
    i.uxListRemove                           0x08005654   Section        0  list.o(i.uxListRemove)
    i.vApplicationGetIdleTaskMemory          0x0800567c   Section        0  cmsis_os2.o(i.vApplicationGetIdleTaskMemory)
    i.vApplicationGetTimerTaskMemory         0x08005690   Section        0  cmsis_os2.o(i.vApplicationGetTimerTaskMemory)
    i.vListInitialise                        0x080056a8   Section        0  list.o(i.vListInitialise)
    i.vListInitialiseItem                    0x080056be   Section        0  list.o(i.vListInitialiseItem)
    i.vListInsert                            0x080056c4   Section        0  list.o(i.vListInsert)
    i.vListInsertEnd                         0x080056f4   Section        0  list.o(i.vListInsertEnd)
    i.vPortEnterCritical                     0x0800570c   Section        0  port.o(i.vPortEnterCritical)
    i.vPortExitCritical                      0x0800574c   Section        0  port.o(i.vPortExitCritical)
    i.vPortFree                              0x08005774   Section        0  heap_4.o(i.vPortFree)
    i.vPortSetupTimerInterrupt               0x080057d8   Section        0  port.o(i.vPortSetupTimerInterrupt)
    i.vPortValidateInterruptPriority         0x080057fc   Section        0  port.o(i.vPortValidateInterruptPriority)
    i.vQueueAddToRegistry                    0x08005850   Section        0  queue.o(i.vQueueAddToRegistry)
    i.vQueueWaitForMessageRestricted         0x08005878   Section        0  queue.o(i.vQueueWaitForMessageRestricted)
    i.vTaskDelay                             0x080058bc   Section        0  tasks.o(i.vTaskDelay)
    i.vTaskDelayUntil                        0x08005908   Section        0  tasks.o(i.vTaskDelayUntil)
    i.vTaskInternalSetTimeOutState           0x08005994   Section        0  tasks.o(i.vTaskInternalSetTimeOutState)
    i.vTaskMissedYield                       0x080059a4   Section        0  tasks.o(i.vTaskMissedYield)
    i.vTaskPlaceOnEventList                  0x080059b0   Section        0  tasks.o(i.vTaskPlaceOnEventList)
    i.vTaskPlaceOnEventListRestricted        0x080059e0   Section        0  tasks.o(i.vTaskPlaceOnEventListRestricted)
    i.vTaskStartScheduler                    0x08005a18   Section        0  tasks.o(i.vTaskStartScheduler)
    i.vTaskSuspendAll                        0x08005aa0   Section        0  tasks.o(i.vTaskSuspendAll)
    i.vTaskSwitchContext                     0x08005ab0   Section        0  tasks.o(i.vTaskSwitchContext)
    i.xPortStartScheduler                    0x08005b14   Section        0  port.o(i.xPortStartScheduler)
    i.xPortSysTickHandler                    0x08005c08   Section        0  port.o(i.xPortSysTickHandler)
    i.xQueueGenericCreateStatic              0x08005c34   Section        0  queue.o(i.xQueueGenericCreateStatic)
    i.xQueueGenericReset                     0x08005c9c   Section        0  queue.o(i.xQueueGenericReset)
    i.xQueueGenericSend                      0x08005d24   Section        0  queue.o(i.xQueueGenericSend)
    i.xQueueGenericSendFromISR               0x08005e84   Section        0  queue.o(i.xQueueGenericSendFromISR)
    i.xQueueReceive                          0x08005f44   Section        0  queue.o(i.xQueueReceive)
    i.xTaskCheckForTimeOut                   0x0800607c   Section        0  tasks.o(i.xTaskCheckForTimeOut)
    i.xTaskCreate                            0x080060f0   Section        0  tasks.o(i.xTaskCreate)
    i.xTaskCreateStatic                      0x0800614a   Section        0  tasks.o(i.xTaskCreateStatic)
    i.xTaskGetSchedulerState                 0x080061a0   Section        0  tasks.o(i.xTaskGetSchedulerState)
    i.xTaskGetTickCount                      0x080061bc   Section        0  tasks.o(i.xTaskGetTickCount)
    i.xTaskIncrementTick                     0x080061c8   Section        0  tasks.o(i.xTaskIncrementTick)
    i.xTaskPriorityDisinherit                0x08006290   Section        0  tasks.o(i.xTaskPriorityDisinherit)
    i.xTaskRemoveFromEventList               0x08006310   Section        0  tasks.o(i.xTaskRemoveFromEventList)
    i.xTaskResumeAll                         0x08006380   Section        0  tasks.o(i.xTaskResumeAll)
    i.xTimerCreateTimerTask                  0x08006444   Section        0  timers.o(i.xTimerCreateTimerTask)
    i.xTimerGenericCommand                   0x080064a4   Section        0  timers.o(i.xTimerGenericCommand)
    .constdata                               0x0800650c   Section      144  freertos.o(.constdata)
    .constdata                               0x0800659c   Section       16  system_stm32f4xx.o(.constdata)
    .constdata                               0x080065ac   Section        8  system_stm32f4xx.o(.constdata)
    .constdata                               0x080065b8   Section       48  cos_i.o(.constdata)
    C                                        0x080065b8   Data          48  cos_i.o(.constdata)
    .constdata                               0x080065e8   Section      200  rred.o(.constdata)
    pio2s                                    0x080065e8   Data          48  rred.o(.constdata)
    twooverpi                                0x08006618   Data         152  rred.o(.constdata)
    .constdata                               0x080066b0   Section       40  sin_i.o(.constdata)
    S                                        0x080066b0   Data          40  sin_i.o(.constdata)
    .conststring                             0x080066d8   Section       60  freertos.o(.conststring)
    .data                                    0x20000000   Section       20  freertos.o(.data)
    move_xLastWakeTime                       0x20000000   Data           4  freertos.o(.data)
    .data                                    0x20000014   Section       20  can.o(.data)
    HAL_RCC_CAN1_CLK_ENABLED                 0x20000018   Data           4  can.o(.data)
    .data                                    0x20000028   Section        1  usart.o(.data)
    .data                                    0x2000002a   Section        8  hareware.o(.data)
    .data                                    0x20000032   Section        2  hareware.o(.data)
    .data                                    0x20000034   Section       28  hareware.o(.data)
    ppm_ready                                0x20000035   Data           1  hareware.o(.data)
    ppm_sample_cnt                           0x20000036   Data           1  hareware.o(.data)
    ch                                       0x20000037   Data           1  hareware.o(.data)
    count                                    0x20000038   Data           1  hareware.o(.data)
    i                                        0x20000039   Data           1  hareware.o(.data)
    ppm_time_delta                           0x2000003a   Data           2  hareware.o(.data)
    last_ppm_time                            0x20000048   Data           4  hareware.o(.data)
    now_ppm_time                             0x2000004c   Data           4  hareware.o(.data)
    .data                                    0x20000050   Section        4  hareware.o(.data)
    .data                                    0x20000054   Section       24  moto.o(.data)
    recursiveTimes                           0x20000054   Data           1  moto.o(.data)
    PCAD_tim                                 0x20000060   Data           4  moto.o(.data)
    PCAD_tim2                                0x20000064   Data           4  moto.o(.data)
    PCAD_STOP                                0x20000068   Data           4  moto.o(.data)
    .data                                    0x2000006c   Section       12  calculation.o(.data)
    KEEP_YAW                                 0x20000070   Data           4  calculation.o(.data)
    flag                                     0x20000074   Data           4  calculation.o(.data)
    .data                                    0x20000078   Section       12  stm32f4xx_hal.o(.data)
    .data                                    0x20000084   Section        4  system_stm32f4xx.o(.data)
    .data                                    0x20000088   Section       60  tasks.o(.data)
    uxDeletedTasksWaitingCleanUp             0x2000008c   Data           4  tasks.o(.data)
    uxCurrentNumberOfTasks                   0x20000090   Data           4  tasks.o(.data)
    xTickCount                               0x20000094   Data           4  tasks.o(.data)
    uxTopReadyPriority                       0x20000098   Data           4  tasks.o(.data)
    xSchedulerRunning                        0x2000009c   Data           4  tasks.o(.data)
    xPendedTicks                             0x200000a0   Data           4  tasks.o(.data)
    xYieldPending                            0x200000a4   Data           4  tasks.o(.data)
    xNumOfOverflows                          0x200000a8   Data           4  tasks.o(.data)
    uxTaskNumber                             0x200000ac   Data           4  tasks.o(.data)
    xNextTaskUnblockTime                     0x200000b0   Data           4  tasks.o(.data)
    xIdleTaskHandle                          0x200000b4   Data           4  tasks.o(.data)
    uxSchedulerSuspended                     0x200000b8   Data           4  tasks.o(.data)
    pxDelayedTaskList                        0x200000bc   Data           4  tasks.o(.data)
    pxOverflowDelayedTaskList                0x200000c0   Data           4  tasks.o(.data)
    .data                                    0x200000c4   Section       20  timers.o(.data)
    xTimerQueue                              0x200000c4   Data           4  timers.o(.data)
    xTimerTaskHandle                         0x200000c8   Data           4  timers.o(.data)
    xLastTime                                0x200000cc   Data           4  timers.o(.data)
    pxCurrentTimerList                       0x200000d0   Data           4  timers.o(.data)
    pxOverflowTimerList                      0x200000d4   Data           4  timers.o(.data)
    .data                                    0x200000d8   Section        4  cmsis_os2.o(.data)
    KernelState                              0x200000d8   Data           4  cmsis_os2.o(.data)
    .data                                    0x200000dc   Section       32  heap_4.o(.data)
    pxEnd                                    0x200000dc   Data           4  heap_4.o(.data)
    xFreeBytesRemaining                      0x200000e0   Data           4  heap_4.o(.data)
    xMinimumEverFreeBytesRemaining           0x200000e4   Data           4  heap_4.o(.data)
    xNumberOfSuccessfulAllocations           0x200000e8   Data           4  heap_4.o(.data)
    xNumberOfSuccessfulFrees                 0x200000ec   Data           4  heap_4.o(.data)
    xBlockAllocatedBit                       0x200000f0   Data           4  heap_4.o(.data)
    xStart                                   0x200000f4   Data           8  heap_4.o(.data)
    .data                                    0x200000fc   Section       12  port.o(.data)
    ucMaxSysCallPriority                     0x200000fc   Data           1  port.o(.data)
    uxCriticalNesting                        0x20000100   Data           4  port.o(.data)
    ulMaxPRIGROUPValue                       0x20000104   Data           4  port.o(.data)
    .data                                    0x20000108   Section        4  errno.o(.data)
    _errno                                   0x20000108   Data           4  errno.o(.data)
    .bss                                     0x2000010c   Section      104  can.o(.bss)
    .bss                                     0x20000174   Section       72  tim.o(.bss)
    .bss                                     0x200001bc   Section      144  usart.o(.bss)
    .bss                                     0x2000024c   Section       72  stm32f4xx_hal_timebase_tim.o(.bss)
    .bss                                     0x20000294   Section      160  hareware.o(.bss)
    PPM_buf                                  0x20000294   Data          20  hareware.o(.bss)
    posture                                  0x200002cc   Data          24  hareware.o(.bss)
    .bss                                     0x20000334   Section       36  hareware.o(.bss)
    .bss                                     0x20000358   Section     2072  moto.o(.bss)
    .bss                                     0x20000b70   Section       64  queue.o(.bss)
    .bss                                     0x20000bb0   Section     1220  tasks.o(.bss)
    pxReadyTasksLists                        0x20000bb0   Data        1120  tasks.o(.bss)
    xDelayedTaskList1                        0x20001010   Data          20  tasks.o(.bss)
    xDelayedTaskList2                        0x20001024   Data          20  tasks.o(.bss)
    xPendingReadyList                        0x20001038   Data          20  tasks.o(.bss)
    xTasksWaitingTermination                 0x2000104c   Data          20  tasks.o(.bss)
    xSuspendedTaskList                       0x20001060   Data          20  tasks.o(.bss)
    .bss                                     0x20001074   Section      280  timers.o(.bss)
    xStaticTimerQueue                        0x20001074   Data          80  timers.o(.bss)
    ucStaticTimerQueueStorage                0x200010c4   Data         160  timers.o(.bss)
    xActiveTimerList1                        0x20001164   Data          20  timers.o(.bss)
    xActiveTimerList2                        0x20001178   Data          20  timers.o(.bss)
    .bss                                     0x2000118c   Section     1720  cmsis_os2.o(.bss)
    Idle_TCB                                 0x2000118c   Data          92  cmsis_os2.o(.bss)
    Idle_Stack                               0x200011e8   Data         512  cmsis_os2.o(.bss)
    Timer_TCB                                0x200013e8   Data          92  cmsis_os2.o(.bss)
    Timer_Stack                              0x20001444   Data        1024  cmsis_os2.o(.bss)
    .bss                                     0x20001844   Section    15360  heap_4.o(.bss)
    ucHeap                                   0x20001844   Data       15360  heap_4.o(.bss)
    STACK                                    0x20005448   Section     1024  startup_stm32f407xx.o(STACK)

    Global Symbols

    Symbol Name                              Value     Ov Type        Size  Object(Section)

    BuildAttributes$$THM_ISAv4$E$P$D$K$B$S$7EM$VFPi3$EXTD16$VFPS$VFMA$PE$A:L22UL41UL21$X:L11$S22US41US21$IEEE1$IW$USESV6$~STKCKD$USESV7$~SHL$OTIME$ROPI$IEEEX$EBA8$MICROLIB$REQ8$PRES8$EABIv2 0x00000000   Number         0  anon$$obj.o ABSOLUTE
    __ARM_use_no_argv                        0x00000000   Number         0  main.o ABSOLUTE
    __arm_fini_                               - Undefined Weak Reference
    __cpp_initialize__aeabi_                  - Undefined Weak Reference
    __cxa_finalize                            - Undefined Weak Reference
    __decompress                              - Undefined Weak Reference
    _clock_init                               - Undefined Weak Reference
    _microlib_exit                            - Undefined Weak Reference
    __Vectors_Size                           0x00000188   Number         0  startup_stm32f407xx.o ABSOLUTE
    __Vectors                                0x08000000   Data           4  startup_stm32f407xx.o(RESET)
    __Vectors_End                            0x08000188   Data           0  startup_stm32f407xx.o(RESET)
    __main                                   0x08000189   Thumb Code     0  entry.o(.ARM.Collect$$$$00000000)
    _main_stk                                0x08000189   Thumb Code     0  entry2.o(.ARM.Collect$$$$00000001)
    _main_scatterload                        0x0800018d   Thumb Code     0  entry5.o(.ARM.Collect$$$$00000004)
    __main_after_scatterload                 0x08000191   Thumb Code     0  entry5.o(.ARM.Collect$$$$00000004)
    _main_clock                              0x08000191   Thumb Code     0  entry7b.o(.ARM.Collect$$$$00000008)
    _main_cpp_init                           0x08000191   Thumb Code     0  entry8b.o(.ARM.Collect$$$$0000000A)
    _main_init                               0x08000191   Thumb Code     0  entry9a.o(.ARM.Collect$$$$0000000B)
    __rt_lib_shutdown_fini                   0x08000199   Thumb Code     0  entry12b.o(.ARM.Collect$$$$0000000E)
    __rt_final_cpp                           0x0800019d   Thumb Code     0  entry10a.o(.ARM.Collect$$$$0000000F)
    __rt_final_exit                          0x0800019d   Thumb Code     0  entry11a.o(.ARM.Collect$$$$00000011)
    SVC_Handler                              0x080001a1   Thumb Code    28  port.o(.emb_text)
    __asm___6_port_c_39a90d8d__prvStartFirstTask 0x080001c1   Thumb Code    36  port.o(.emb_text)
    __asm___6_port_c_39a90d8d__prvEnableVFP  0x080001e9   Thumb Code    16  port.o(.emb_text)
    PendSV_Handler                           0x080001fd   Thumb Code    88  port.o(.emb_text)
    vPortGetIPSR                             0x08000259   Thumb Code     6  port.o(.emb_text)
    Reset_Handler                            0x08000261   Thumb Code     8  startup_stm32f407xx.o(.text)
    ADC_IRQHandler                           0x0800027b   Thumb Code     0  startup_stm32f407xx.o(.text)
    DCMI_IRQHandler                          0x0800027b   Thumb Code     0  startup_stm32f407xx.o(.text)
    DMA1_Stream0_IRQHandler                  0x0800027b   Thumb Code     0  startup_stm32f407xx.o(.text)
    DMA1_Stream1_IRQHandler                  0x0800027b   Thumb Code     0  startup_stm32f407xx.o(.text)
    DMA1_Stream2_IRQHandler                  0x0800027b   Thumb Code     0  startup_stm32f407xx.o(.text)
    DMA1_Stream3_IRQHandler                  0x0800027b   Thumb Code     0  startup_stm32f407xx.o(.text)
    DMA1_Stream4_IRQHandler                  0x0800027b   Thumb Code     0  startup_stm32f407xx.o(.text)
    DMA1_Stream5_IRQHandler                  0x0800027b   Thumb Code     0  startup_stm32f407xx.o(.text)
    DMA1_Stream6_IRQHandler                  0x0800027b   Thumb Code     0  startup_stm32f407xx.o(.text)
    DMA1_Stream7_IRQHandler                  0x0800027b   Thumb Code     0  startup_stm32f407xx.o(.text)
    DMA2_Stream0_IRQHandler                  0x0800027b   Thumb Code     0  startup_stm32f407xx.o(.text)
    DMA2_Stream1_IRQHandler                  0x0800027b   Thumb Code     0  startup_stm32f407xx.o(.text)
    DMA2_Stream2_IRQHandler                  0x0800027b   Thumb Code     0  startup_stm32f407xx.o(.text)
    DMA2_Stream3_IRQHandler                  0x0800027b   Thumb Code     0  startup_stm32f407xx.o(.text)
    DMA2_Stream4_IRQHandler                  0x0800027b   Thumb Code     0  startup_stm32f407xx.o(.text)
    DMA2_Stream5_IRQHandler                  0x0800027b   Thumb Code     0  startup_stm32f407xx.o(.text)
    DMA2_Stream6_IRQHandler                  0x0800027b   Thumb Code     0  startup_stm32f407xx.o(.text)
    DMA2_Stream7_IRQHandler                  0x0800027b   Thumb Code     0  startup_stm32f407xx.o(.text)
    ETH_IRQHandler                           0x0800027b   Thumb Code     0  startup_stm32f407xx.o(.text)
    ETH_WKUP_IRQHandler                      0x0800027b   Thumb Code     0  startup_stm32f407xx.o(.text)
    EXTI0_IRQHandler                         0x0800027b   Thumb Code     0  startup_stm32f407xx.o(.text)
    EXTI1_IRQHandler                         0x0800027b   Thumb Code     0  startup_stm32f407xx.o(.text)
    EXTI2_IRQHandler                         0x0800027b   Thumb Code     0  startup_stm32f407xx.o(.text)
    EXTI3_IRQHandler                         0x0800027b   Thumb Code     0  startup_stm32f407xx.o(.text)
    EXTI4_IRQHandler                         0x0800027b   Thumb Code     0  startup_stm32f407xx.o(.text)
    FLASH_IRQHandler                         0x0800027b   Thumb Code     0  startup_stm32f407xx.o(.text)
    FMC_IRQHandler                           0x0800027b   Thumb Code     0  startup_stm32f407xx.o(.text)
    FPU_IRQHandler                           0x0800027b   Thumb Code     0  startup_stm32f407xx.o(.text)
    HASH_RNG_IRQHandler                      0x0800027b   Thumb Code     0  startup_stm32f407xx.o(.text)
    I2C1_ER_IRQHandler                       0x0800027b   Thumb Code     0  startup_stm32f407xx.o(.text)
    I2C1_EV_IRQHandler                       0x0800027b   Thumb Code     0  startup_stm32f407xx.o(.text)
    I2C2_ER_IRQHandler                       0x0800027b   Thumb Code     0  startup_stm32f407xx.o(.text)
    I2C2_EV_IRQHandler                       0x0800027b   Thumb Code     0  startup_stm32f407xx.o(.text)
    I2C3_ER_IRQHandler                       0x0800027b   Thumb Code     0  startup_stm32f407xx.o(.text)
    I2C3_EV_IRQHandler                       0x0800027b   Thumb Code     0  startup_stm32f407xx.o(.text)
    OTG_FS_IRQHandler                        0x0800027b   Thumb Code     0  startup_stm32f407xx.o(.text)
    OTG_FS_WKUP_IRQHandler                   0x0800027b   Thumb Code     0  startup_stm32f407xx.o(.text)
    OTG_HS_EP1_IN_IRQHandler                 0x0800027b   Thumb Code     0  startup_stm32f407xx.o(.text)
    OTG_HS_EP1_OUT_IRQHandler                0x0800027b   Thumb Code     0  startup_stm32f407xx.o(.text)
    OTG_HS_IRQHandler                        0x0800027b   Thumb Code     0  startup_stm32f407xx.o(.text)
    OTG_HS_WKUP_IRQHandler                   0x0800027b   Thumb Code     0  startup_stm32f407xx.o(.text)
    PVD_IRQHandler                           0x0800027b   Thumb Code     0  startup_stm32f407xx.o(.text)
    RCC_IRQHandler                           0x0800027b   Thumb Code     0  startup_stm32f407xx.o(.text)
    RTC_Alarm_IRQHandler                     0x0800027b   Thumb Code     0  startup_stm32f407xx.o(.text)
    RTC_WKUP_IRQHandler                      0x0800027b   Thumb Code     0  startup_stm32f407xx.o(.text)
    SDIO_IRQHandler                          0x0800027b   Thumb Code     0  startup_stm32f407xx.o(.text)
    SPI1_IRQHandler                          0x0800027b   Thumb Code     0  startup_stm32f407xx.o(.text)
    SPI2_IRQHandler                          0x0800027b   Thumb Code     0  startup_stm32f407xx.o(.text)
    SPI3_IRQHandler                          0x0800027b   Thumb Code     0  startup_stm32f407xx.o(.text)
    TAMP_STAMP_IRQHandler                    0x0800027b   Thumb Code     0  startup_stm32f407xx.o(.text)
    TIM1_BRK_TIM9_IRQHandler                 0x0800027b   Thumb Code     0  startup_stm32f407xx.o(.text)
    TIM1_CC_IRQHandler                       0x0800027b   Thumb Code     0  startup_stm32f407xx.o(.text)
    TIM1_TRG_COM_TIM11_IRQHandler            0x0800027b   Thumb Code     0  startup_stm32f407xx.o(.text)
    TIM1_UP_TIM10_IRQHandler                 0x0800027b   Thumb Code     0  startup_stm32f407xx.o(.text)
    TIM3_IRQHandler                          0x0800027b   Thumb Code     0  startup_stm32f407xx.o(.text)
    TIM4_IRQHandler                          0x0800027b   Thumb Code     0  startup_stm32f407xx.o(.text)
    TIM5_IRQHandler                          0x0800027b   Thumb Code     0  startup_stm32f407xx.o(.text)
    TIM7_IRQHandler                          0x0800027b   Thumb Code     0  startup_stm32f407xx.o(.text)
    TIM8_BRK_TIM12_IRQHandler                0x0800027b   Thumb Code     0  startup_stm32f407xx.o(.text)
    TIM8_CC_IRQHandler                       0x0800027b   Thumb Code     0  startup_stm32f407xx.o(.text)
    TIM8_TRG_COM_TIM14_IRQHandler            0x0800027b   Thumb Code     0  startup_stm32f407xx.o(.text)
    TIM8_UP_TIM13_IRQHandler                 0x0800027b   Thumb Code     0  startup_stm32f407xx.o(.text)
    UART5_IRQHandler                         0x0800027b   Thumb Code     0  startup_stm32f407xx.o(.text)
    USART1_IRQHandler                        0x0800027b   Thumb Code     0  startup_stm32f407xx.o(.text)
    USART2_IRQHandler                        0x0800027b   Thumb Code     0  startup_stm32f407xx.o(.text)
    USART6_IRQHandler                        0x0800027b   Thumb Code     0  startup_stm32f407xx.o(.text)
    WWDG_IRQHandler                          0x0800027b   Thumb Code     0  startup_stm32f407xx.o(.text)
    __aeabi_uldivmod                         0x08000285   Thumb Code    98  uldiv.o(.text)
    __aeabi_memcpy                           0x080002e7   Thumb Code    36  memcpya.o(.text)
    __aeabi_memcpy4                          0x080002e7   Thumb Code     0  memcpya.o(.text)
    __aeabi_memcpy8                          0x080002e7   Thumb Code     0  memcpya.o(.text)
    __aeabi_memset                           0x0800030b   Thumb Code    14  memseta.o(.text)
    __aeabi_memset4                          0x0800030b   Thumb Code     0  memseta.o(.text)
    __aeabi_memset8                          0x0800030b   Thumb Code     0  memseta.o(.text)
    __aeabi_memclr                           0x08000319   Thumb Code     4  memseta.o(.text)
    __aeabi_memclr4                          0x08000319   Thumb Code     0  memseta.o(.text)
    __aeabi_memclr8                          0x08000319   Thumb Code     0  memseta.o(.text)
    memset                                   0x0800031d   Thumb Code    18  memseta.o(.text)
    __aeabi_dadd                             0x0800032f   Thumb Code   322  dadd.o(.text)
    __aeabi_dsub                             0x08000471   Thumb Code     6  dadd.o(.text)
    __aeabi_drsub                            0x08000477   Thumb Code     6  dadd.o(.text)
    __aeabi_dmul                             0x0800047d   Thumb Code   228  dmul.o(.text)
    __aeabi_ddiv                             0x08000561   Thumb Code   222  ddiv.o(.text)
    __aeabi_f2d                              0x0800063f   Thumb Code    38  f2d.o(.text)
    __aeabi_d2f                              0x08000665   Thumb Code    56  d2f.o(.text)
    __aeabi_llsl                             0x0800069d   Thumb Code    30  llshl.o(.text)
    _ll_shift_l                              0x0800069d   Thumb Code     0  llshl.o(.text)
    __aeabi_llsr                             0x080006bb   Thumb Code    32  llushr.o(.text)
    _ll_ushift_r                             0x080006bb   Thumb Code     0  llushr.o(.text)
    __aeabi_lasr                             0x080006db   Thumb Code    36  llsshr.o(.text)
    _ll_sshift_r                             0x080006db   Thumb Code     0  llsshr.o(.text)
    __I$use$fp                               0x080006ff   Thumb Code     0  iusefp.o(.text)
    _float_round                             0x080006ff   Thumb Code    18  fepilogue.o(.text)
    _float_epilogue                          0x08000711   Thumb Code    92  fepilogue.o(.text)
    _double_round                            0x0800076d   Thumb Code    30  depilogue.o(.text)
    _double_epilogue                         0x0800078b   Thumb Code   156  depilogue.o(.text)
    _dsqrt                                   0x08000827   Thumb Code   162  dsqrt.o(.text)
    __scatterload                            0x080008c9   Thumb Code    28  init.o(.text)
    __scatterload_rt2                        0x080008c9   Thumb Code     0  init.o(.text)
    __aeabi_i2d                              0x080008ed   Thumb Code    34  dflti.o(.text)
    __aeabi_ui2d                             0x0800090f   Thumb Code    26  dfltui.o(.text)
    __aeabi_d2iz                             0x08000929   Thumb Code    62  dfixi.o(.text)
    Action_Reset                             0x08000969   Thumb Code    32  hareware.o(i.Action_Reset)
    Air_Pump_Control                         0x08000995   Thumb Code    54  hareware.o(i.Air_Pump_Control)
    AngleLimit                               0x080009d1   Thumb Code    70  moto.o(i.AngleLimit)
    Axis_analyse_for_WORLDtoROBOT            0x08000a29   Thumb Code   316  calculation.o(i.Axis_analyse_for_WORLDtoROBOT)
    BusFault_Handler                         0x08000b7d   Thumb Code     2  stm32f4xx_it.o(i.BusFault_Handler)
    CAN1_Filter_Init                         0x08000b81   Thumb Code    92  can.o(i.CAN1_Filter_Init)
    CAN1_RX0_IRQHandler                      0x08000be1   Thumb Code     6  stm32f4xx_it.o(i.CAN1_RX0_IRQHandler)
    CAN1_RX1_IRQHandler                      0x08000bed   Thumb Code     6  stm32f4xx_it.o(i.CAN1_RX1_IRQHandler)
    CAN1_SCE_IRQHandler                      0x08000bf9   Thumb Code     6  stm32f4xx_it.o(i.CAN1_SCE_IRQHandler)
    CAN1_TX_IRQHandler                       0x08000c05   Thumb Code     6  stm32f4xx_it.o(i.CAN1_TX_IRQHandler)
    CAN2_RX0_IRQHandler                      0x08000c11   Thumb Code     6  stm32f4xx_it.o(i.CAN2_RX0_IRQHandler)
    CAN2_RX1_IRQHandler                      0x08000c1d   Thumb Code     6  stm32f4xx_it.o(i.CAN2_RX1_IRQHandler)
    CAN2_SCE_IRQHandler                      0x08000c29   Thumb Code     6  stm32f4xx_it.o(i.CAN2_SCE_IRQHandler)
    CAN2_TX_IRQHandler                       0x08000c35   Thumb Code     6  stm32f4xx_it.o(i.CAN2_TX_IRQHandler)
    Contor_FSM                               0x08000c41   Thumb Code    66  calculation.o(i.Contor_FSM)
    DebugMon_Handler                         0x08000c8d   Thumb Code     2  stm32f4xx_it.o(i.DebugMon_Handler)
    EXTI15_10_IRQHandler                     0x08000c8f   Thumb Code    46  stm32f4xx_it.o(i.EXTI15_10_IRQHandler)
    EXTI9_5_IRQHandler                       0x08000cbd   Thumb Code     6  stm32f4xx_it.o(i.EXTI9_5_IRQHandler)
    Error_Handler                            0x08000cc3   Thumb Code     4  main.o(i.Error_Handler)
    HAL_CAN_ActivateNotification             0x08000cc7   Thumb Code    36  stm32f4xx_hal_can.o(i.HAL_CAN_ActivateNotification)
    HAL_CAN_AddTxMessage                     0x08000ceb   Thumb Code   208  stm32f4xx_hal_can.o(i.HAL_CAN_AddTxMessage)
    HAL_CAN_ConfigFilter                     0x08000dbd   Thumb Code   262  stm32f4xx_hal_can.o(i.HAL_CAN_ConfigFilter)
    HAL_CAN_ErrorCallback                    0x08000ec9   Thumb Code     2  stm32f4xx_hal_can.o(i.HAL_CAN_ErrorCallback)
    HAL_CAN_GetRxMessage                     0x08000ecb   Thumb Code   244  stm32f4xx_hal_can.o(i.HAL_CAN_GetRxMessage)
    HAL_CAN_IRQHandler                       0x08000fbf   Thumb Code   508  stm32f4xx_hal_can.o(i.HAL_CAN_IRQHandler)
    HAL_CAN_Init                             0x080011bb   Thumb Code   282  stm32f4xx_hal_can.o(i.HAL_CAN_Init)
    HAL_CAN_MspInit                          0x080012d5   Thumb Code   328  can.o(i.HAL_CAN_MspInit)
    HAL_CAN_RxFifo0FullCallback              0x08001435   Thumb Code     2  stm32f4xx_hal_can.o(i.HAL_CAN_RxFifo0FullCallback)
    HAL_CAN_RxFifo0MsgPendingCallback        0x08001439   Thumb Code    78  can.o(i.HAL_CAN_RxFifo0MsgPendingCallback)
    HAL_CAN_RxFifo1FullCallback              0x08001495   Thumb Code     2  stm32f4xx_hal_can.o(i.HAL_CAN_RxFifo1FullCallback)
    HAL_CAN_RxFifo1MsgPendingCallback        0x08001497   Thumb Code     2  stm32f4xx_hal_can.o(i.HAL_CAN_RxFifo1MsgPendingCallback)
    HAL_CAN_SleepCallback                    0x08001499   Thumb Code     2  stm32f4xx_hal_can.o(i.HAL_CAN_SleepCallback)
    HAL_CAN_Start                            0x0800149d   Thumb Code    88  stm32f4xx_hal_can.o(i.HAL_CAN_Start)
    HAL_CAN_TxMailbox0AbortCallback          0x080014f5   Thumb Code     2  stm32f4xx_hal_can.o(i.HAL_CAN_TxMailbox0AbortCallback)
    HAL_CAN_TxMailbox0CompleteCallback       0x080014f7   Thumb Code     2  stm32f4xx_hal_can.o(i.HAL_CAN_TxMailbox0CompleteCallback)
    HAL_CAN_TxMailbox1AbortCallback          0x080014f9   Thumb Code     2  stm32f4xx_hal_can.o(i.HAL_CAN_TxMailbox1AbortCallback)
    HAL_CAN_TxMailbox1CompleteCallback       0x080014fb   Thumb Code     2  stm32f4xx_hal_can.o(i.HAL_CAN_TxMailbox1CompleteCallback)
    HAL_CAN_TxMailbox2AbortCallback          0x080014fd   Thumb Code     2  stm32f4xx_hal_can.o(i.HAL_CAN_TxMailbox2AbortCallback)
    HAL_CAN_TxMailbox2CompleteCallback       0x080014ff   Thumb Code     2  stm32f4xx_hal_can.o(i.HAL_CAN_TxMailbox2CompleteCallback)
    HAL_CAN_WakeUpFromRxMsgCallback          0x08001501   Thumb Code     2  stm32f4xx_hal_can.o(i.HAL_CAN_WakeUpFromRxMsgCallback)
    HAL_DMA_Abort                            0x08001503   Thumb Code   146  stm32f4xx_hal_dma.o(i.HAL_DMA_Abort)
    HAL_DMA_Abort_IT                         0x08001595   Thumb Code    36  stm32f4xx_hal_dma.o(i.HAL_DMA_Abort_IT)
    HAL_GPIO_EXTI_Callback                   0x080015b9   Thumb Code   322  hareware.o(i.HAL_GPIO_EXTI_Callback)
    HAL_GPIO_EXTI_IRQHandler                 0x08001705   Thumb Code    18  stm32f4xx_hal_gpio.o(i.HAL_GPIO_EXTI_IRQHandler)
    HAL_GPIO_Init                            0x0800171d   Thumb Code   450  stm32f4xx_hal_gpio.o(i.HAL_GPIO_Init)
    HAL_GPIO_WritePin                        0x0800190d   Thumb Code    10  stm32f4xx_hal_gpio.o(i.HAL_GPIO_WritePin)
    HAL_GetTick                              0x08001919   Thumb Code     6  stm32f4xx_hal.o(i.HAL_GetTick)
    HAL_IncTick                              0x08001925   Thumb Code    12  stm32f4xx_hal.o(i.HAL_IncTick)
    HAL_Init                                 0x08001935   Thumb Code    48  stm32f4xx_hal.o(i.HAL_Init)
    HAL_InitTick                             0x08001969   Thumb Code   132  stm32f4xx_hal_timebase_tim.o(i.HAL_InitTick)
    HAL_MspInit                              0x08001a01   Thumb Code    52  stm32f4xx_hal_msp.o(i.HAL_MspInit)
    HAL_NVIC_EnableIRQ                       0x08001a39   Thumb Code    26  stm32f4xx_hal_cortex.o(i.HAL_NVIC_EnableIRQ)
    HAL_NVIC_SetPriority                     0x08001a55   Thumb Code    60  stm32f4xx_hal_cortex.o(i.HAL_NVIC_SetPriority)
    HAL_NVIC_SetPriorityGrouping             0x08001a95   Thumb Code    26  stm32f4xx_hal_cortex.o(i.HAL_NVIC_SetPriorityGrouping)
    HAL_RCC_ClockConfig                      0x08001ab9   Thumb Code   288  stm32f4xx_hal_rcc.o(i.HAL_RCC_ClockConfig)
    HAL_RCC_GetClockConfig                   0x08001bed   Thumb Code    54  stm32f4xx_hal_rcc.o(i.HAL_RCC_GetClockConfig)
    HAL_RCC_GetPCLK1Freq                     0x08001c2d   Thumb Code    20  stm32f4xx_hal_rcc.o(i.HAL_RCC_GetPCLK1Freq)
    HAL_RCC_GetPCLK2Freq                     0x08001c4d   Thumb Code    20  stm32f4xx_hal_rcc.o(i.HAL_RCC_GetPCLK2Freq)
    HAL_RCC_GetSysClockFreq                  0x08001c6d   Thumb Code    88  stm32f4xx_hal_rcc.o(i.HAL_RCC_GetSysClockFreq)
    HAL_RCC_OscConfig                        0x08001ccd   Thumb Code   856  stm32f4xx_hal_rcc.o(i.HAL_RCC_OscConfig)
    HAL_TIMEx_BreakCallback                  0x08002039   Thumb Code     2  stm32f4xx_hal_tim_ex.o(i.HAL_TIMEx_BreakCallback)
    HAL_TIMEx_CommutCallback                 0x0800203b   Thumb Code     2  stm32f4xx_hal_tim_ex.o(i.HAL_TIMEx_CommutCallback)
    HAL_TIMEx_MasterConfigSynchronization    0x0800203d   Thumb Code   116  stm32f4xx_hal_tim_ex.o(i.HAL_TIMEx_MasterConfigSynchronization)
    HAL_TIM_Base_Init                        0x080020cd   Thumb Code    90  stm32f4xx_hal_tim.o(i.HAL_TIM_Base_Init)
    HAL_TIM_Base_MspInit                     0x08002129   Thumb Code    50  tim.o(i.HAL_TIM_Base_MspInit)
    HAL_TIM_Base_Start_IT                    0x08002161   Thumb Code   100  stm32f4xx_hal_tim.o(i.HAL_TIM_Base_Start_IT)
    HAL_TIM_ConfigClockSource                0x080021e1   Thumb Code   220  stm32f4xx_hal_tim.o(i.HAL_TIM_ConfigClockSource)
    HAL_TIM_IC_CaptureCallback               0x080022bd   Thumb Code     2  stm32f4xx_hal_tim.o(i.HAL_TIM_IC_CaptureCallback)
    HAL_TIM_IRQHandler                       0x080022bf   Thumb Code   304  stm32f4xx_hal_tim.o(i.HAL_TIM_IRQHandler)
    HAL_TIM_OC_DelayElapsedCallback          0x080023ef   Thumb Code     2  stm32f4xx_hal_tim.o(i.HAL_TIM_OC_DelayElapsedCallback)
    HAL_TIM_PWM_PulseFinishedCallback        0x080023f1   Thumb Code     2  stm32f4xx_hal_tim.o(i.HAL_TIM_PWM_PulseFinishedCallback)
    HAL_TIM_PeriodElapsedCallback            0x080023f5   Thumb Code    96  main.o(i.HAL_TIM_PeriodElapsedCallback)
    HAL_TIM_TriggerCallback                  0x08002469   Thumb Code     2  stm32f4xx_hal_tim.o(i.HAL_TIM_TriggerCallback)
    HAL_UARTEx_RxEventCallback               0x0800246b   Thumb Code     2  stm32f4xx_hal_uart.o(i.HAL_UARTEx_RxEventCallback)
    HAL_UART_ErrorCallback                   0x0800246d   Thumb Code     2  stm32f4xx_hal_uart.o(i.HAL_UART_ErrorCallback)
    HAL_UART_IRQHandler                      0x08002471   Thumb Code   618  stm32f4xx_hal_uart.o(i.HAL_UART_IRQHandler)
    HAL_UART_Init                            0x080026e1   Thumb Code   100  stm32f4xx_hal_uart.o(i.HAL_UART_Init)
    HAL_UART_MspInit                         0x08002745   Thumb Code   182  usart.o(i.HAL_UART_MspInit)
    HAL_UART_Receive_IT                      0x08002811   Thumb Code    28  stm32f4xx_hal_uart.o(i.HAL_UART_Receive_IT)
    HAL_UART_RxCpltCallback                  0x0800282d   Thumb Code   178  hareware.o(i.HAL_UART_RxCpltCallback)
    HAL_UART_Transmit                        0x080028f1   Thumb Code   160  stm32f4xx_hal_uart.o(i.HAL_UART_Transmit)
    HAL_UART_TxCpltCallback                  0x08002991   Thumb Code     2  stm32f4xx_hal_uart.o(i.HAL_UART_TxCpltCallback)
    HardFault_Handler                        0x08002993   Thumb Code     2  stm32f4xx_it.o(i.HardFault_Handler)
    HomingMode                               0x08002995   Thumb Code    76  moto.o(i.HomingMode)
    Kinematic_Analysis_Inverse               0x080029e9   Thumb Code   310  calculation.o(i.Kinematic_Analysis_Inverse)
    M3508AngleIntegral                       0x08002b59   Thumb Code   180  moto.o(i.M3508AngleIntegral)
    M3508_Motor_Init                         0x08002c19   Thumb Code   648  moto.o(i.M3508_Motor_Init)
    MX_CAN1_Init                             0x08002ee1   Thumb Code    70  can.o(i.MX_CAN1_Init)
    MX_CAN2_Init                             0x08002f31   Thumb Code    62  can.o(i.MX_CAN2_Init)
    MX_FREERTOS_Init                         0x08002f79   Thumb Code    60  freertos.o(i.MX_FREERTOS_Init)
    MX_GPIO_Init                             0x08002fcd   Thumb Code   426  gpio.o(i.MX_GPIO_Init)
    MX_TIM2_Init                             0x08003191   Thumb Code    98  tim.o(i.MX_TIM2_Init)
    MX_UART4_Init                            0x080031f9   Thumb Code    48  usart.o(i.MX_UART4_Init)
    MX_USART3_UART_Init                      0x08003231   Thumb Code    48  usart.o(i.MX_USART3_UART_Init)
    MaxMinLimit                              0x08003269   Thumb Code    34  moto.o(i.MaxMinLimit)
    MemManage_Handler                        0x0800328b   Thumb Code     2  stm32f4xx_it.o(i.MemManage_Handler)
    MotorCtrl                                0x0800328d   Thumb Code   274  moto.o(i.MotorCtrl)
    NMI_Handler                              0x080033a9   Thumb Code     2  stm32f4xx_it.o(i.NMI_Handler)
    PID_abs_limit                            0x080033ab   Thumb Code    34  pid.o(i.PID_abs_limit)
    PID_incremental_PID_calculation          0x080033cd   Thumb Code   180  pid.o(i.PID_incremental_PID_calculation)
    PID_parameter_init                       0x08003485   Thumb Code    56  pid.o(i.PID_parameter_init)
    PID_position_PID_calculation             0x080034c1   Thumb Code   182  pid.o(i.PID_position_PID_calculation)
    PID_position_PID_calculation_by_error    0x0800357d   Thumb Code   178  pid.o(i.PID_position_PID_calculation_by_error)
    Robot_Control                            0x08003635   Thumb Code   110  calculation.o(i.Robot_Control)
    StartDefaultTask                         0x080036bd   Thumb Code    18  freertos.o(i.StartDefaultTask)
    SysTick_Handler                          0x080036d5   Thumb Code    26  cmsis_os2.o(i.SysTick_Handler)
    SystemClock_Config                       0x080036f1   Thumb Code   142  main.o(i.SystemClock_Config)
    SystemInit                               0x08003789   Thumb Code    12  system_stm32f4xx.o(i.SystemInit)
    TIM2_IRQHandler                          0x08003799   Thumb Code     6  stm32f4xx_it.o(i.TIM2_IRQHandler)
    TIM6_DAC_IRQHandler                      0x080037a5   Thumb Code     6  stm32f4xx_it.o(i.TIM6_DAC_IRQHandler)
    TIM_Base_SetConfig                       0x080037b1   Thumb Code   170  stm32f4xx_hal_tim.o(i.TIM_Base_SetConfig)
    TIM_ETR_SetConfig                        0x08003889   Thumb Code    20  stm32f4xx_hal_tim.o(i.TIM_ETR_SetConfig)
    UART4_IRQHandler                         0x080038f5   Thumb Code     6  stm32f4xx_it.o(i.UART4_IRQHandler)
    UART_Start_Receive_IT                    0x08003b2d   Thumb Code    54  stm32f4xx_hal_uart.o(i.UART_Start_Receive_IT)
    USART3_IRQHandler                        0x08003bd5   Thumb Code     6  stm32f4xx_it.o(i.USART3_IRQHandler)
    Update_Action                            0x08003be1   Thumb Code   318  hareware.o(i.Update_Action)
    UsageFault_Handler                       0x08003d4d   Thumb Code     2  stm32f4xx_it.o(i.UsageFault_Handler)
    VelocityPlanningMODE                     0x08003d51   Thumb Code   478  moto.o(i.VelocityPlanningMODE)
    World_Control                            0x08003f39   Thumb Code   124  calculation.o(i.World_Control)
    YawAdjust                                0x08003fd1   Thumb Code   148  moto.o(i.YawAdjust)
    __ARM_fpclassify                         0x08004079   Thumb Code    48  fpclassify.o(i.__ARM_fpclassify)
    __hardfp_cos                             0x080040c9   Thumb Code   180  cos.o(i.__hardfp_cos)
    __hardfp_sin                             0x08004191   Thumb Code   180  sin.o(i.__hardfp_sin)
    __hardfp_sqrt                            0x08004259   Thumb Code   122  sqrt.o(i.__hardfp_sqrt)
    __ieee754_rem_pio2                       0x080042d9   Thumb Code   938  rred.o(i.__ieee754_rem_pio2)
    __kernel_cos                             0x08004711   Thumb Code   322  cos_i.o(i.__kernel_cos)
    __kernel_poly                            0x08004881   Thumb Code   248  poly.o(i.__kernel_poly)
    __kernel_sin                             0x08004979   Thumb Code   280  sin_i.o(i.__kernel_sin)
    __mathlib_dbl_infnan                     0x08004aa9   Thumb Code    20  dunder.o(i.__mathlib_dbl_infnan)
    __mathlib_dbl_invalid                    0x08004ac1   Thumb Code    24  dunder.o(i.__mathlib_dbl_invalid)
    __mathlib_dbl_underflow                  0x08004ae1   Thumb Code    24  dunder.o(i.__mathlib_dbl_underflow)
    __scatterload_copy                       0x08004b01   Thumb Code    14  handlers.o(i.__scatterload_copy)
    __scatterload_null                       0x08004b0f   Thumb Code     2  handlers.o(i.__scatterload_null)
    __scatterload_zeroinit                   0x08004b11   Thumb Code    14  handlers.o(i.__scatterload_zeroinit)
    __set_errno                              0x08004b21   Thumb Code     6  errno.o(i.__set_errno)
    chassis_m3508_send_motor_currents        0x08004b2d   Thumb Code    98  moto.o(i.chassis_m3508_send_motor_currents)
    data_update                              0x08004b99   Thumb Code    28  freertos.o(i.data_update)
    fabs                                     0x08004bb9   Thumb Code    24  fabs.o(i.fabs)
    m3508_update_m3508_info                  0x08004bd1   Thumb Code    88  moto.o(i.m3508_update_m3508_info)
    main                                     0x08004c2d   Thumb Code    78  main.o(i.main)
    motor_control                            0x08004c91   Thumb Code    12  freertos.o(i.motor_control)
    move_base                                0x08004c9d   Thumb Code    18  freertos.o(i.move_base)
    osDelay                                  0x08004cb5   Thumb Code    26  cmsis_os2.o(i.osDelay)
    osKernelInitialize                       0x08004cd1   Thumb Code    32  cmsis_os2.o(i.osKernelInitialize)
    osKernelStart                            0x08004cf5   Thumb Code    48  cmsis_os2.o(i.osKernelStart)
    osThreadNew                              0x08004d2d   Thumb Code   138  cmsis_os2.o(i.osThreadNew)
    pvPortMalloc                             0x0800554d   Thumb Code   216  heap_4.o(i.pvPortMalloc)
    pxPortInitialiseStack                    0x08005629   Thumb Code    40  port.o(i.pxPortInitialiseStack)
    uxListRemove                             0x08005655   Thumb Code    38  list.o(i.uxListRemove)
    vApplicationGetIdleTaskMemory            0x0800567d   Thumb Code    16  cmsis_os2.o(i.vApplicationGetIdleTaskMemory)
    vApplicationGetTimerTaskMemory           0x08005691   Thumb Code    18  cmsis_os2.o(i.vApplicationGetTimerTaskMemory)
    vListInitialise                          0x080056a9   Thumb Code    22  list.o(i.vListInitialise)
    vListInitialiseItem                      0x080056bf   Thumb Code     6  list.o(i.vListInitialiseItem)
    vListInsert                              0x080056c5   Thumb Code    48  list.o(i.vListInsert)
    vListInsertEnd                           0x080056f5   Thumb Code    24  list.o(i.vListInsertEnd)
    vPortEnterCritical                       0x0800570d   Thumb Code    54  port.o(i.vPortEnterCritical)
    vPortExitCritical                        0x0800574d   Thumb Code    34  port.o(i.vPortExitCritical)
    vPortFree                                0x08005775   Thumb Code    94  heap_4.o(i.vPortFree)
    vPortSetupTimerInterrupt                 0x080057d9   Thumb Code    32  port.o(i.vPortSetupTimerInterrupt)
    vPortValidateInterruptPriority           0x080057fd   Thumb Code    74  port.o(i.vPortValidateInterruptPriority)
    vQueueAddToRegistry                      0x08005851   Thumb Code    34  queue.o(i.vQueueAddToRegistry)
    vQueueWaitForMessageRestricted           0x08005879   Thumb Code    68  queue.o(i.vQueueWaitForMessageRestricted)
    vTaskDelay                               0x080058bd   Thumb Code    66  tasks.o(i.vTaskDelay)
    vTaskDelayUntil                          0x08005909   Thumb Code   132  tasks.o(i.vTaskDelayUntil)
    vTaskInternalSetTimeOutState             0x08005995   Thumb Code    12  tasks.o(i.vTaskInternalSetTimeOutState)
    vTaskMissedYield                         0x080059a5   Thumb Code     8  tasks.o(i.vTaskMissedYield)
    vTaskPlaceOnEventList                    0x080059b1   Thumb Code    44  tasks.o(i.vTaskPlaceOnEventList)
    vTaskPlaceOnEventListRestricted          0x080059e1   Thumb Code    52  tasks.o(i.vTaskPlaceOnEventListRestricted)
    vTaskStartScheduler                      0x08005a19   Thumb Code   118  tasks.o(i.vTaskStartScheduler)
    vTaskSuspendAll                          0x08005aa1   Thumb Code    10  tasks.o(i.vTaskSuspendAll)
    vTaskSwitchContext                       0x08005ab1   Thumb Code    90  tasks.o(i.vTaskSwitchContext)
    xPortStartScheduler                      0x08005b15   Thumb Code   222  port.o(i.xPortStartScheduler)
    xPortSysTickHandler                      0x08005c09   Thumb Code    38  port.o(i.xPortSysTickHandler)
    xQueueGenericCreateStatic                0x08005c35   Thumb Code   102  queue.o(i.xQueueGenericCreateStatic)
    xQueueGenericReset                       0x08005c9d   Thumb Code   132  queue.o(i.xQueueGenericReset)
    xQueueGenericSend                        0x08005d25   Thumb Code   346  queue.o(i.xQueueGenericSend)
    xQueueGenericSendFromISR                 0x08005e85   Thumb Code   190  queue.o(i.xQueueGenericSendFromISR)
    xQueueReceive                            0x08005f45   Thumb Code   308  queue.o(i.xQueueReceive)
    xTaskCheckForTimeOut                     0x0800607d   Thumb Code   112  tasks.o(i.xTaskCheckForTimeOut)
    xTaskCreate                              0x080060f1   Thumb Code    90  tasks.o(i.xTaskCreate)
    xTaskCreateStatic                        0x0800614b   Thumb Code    86  tasks.o(i.xTaskCreateStatic)
    xTaskGetSchedulerState                   0x080061a1   Thumb Code    22  tasks.o(i.xTaskGetSchedulerState)
    xTaskGetTickCount                        0x080061bd   Thumb Code     6  tasks.o(i.xTaskGetTickCount)
    xTaskIncrementTick                       0x080061c9   Thumb Code   192  tasks.o(i.xTaskIncrementTick)
    xTaskPriorityDisinherit                  0x08006291   Thumb Code   118  tasks.o(i.xTaskPriorityDisinherit)
    xTaskRemoveFromEventList                 0x08006311   Thumb Code    98  tasks.o(i.xTaskRemoveFromEventList)
    xTaskResumeAll                           0x08006381   Thumb Code   182  tasks.o(i.xTaskResumeAll)
    xTimerCreateTimerTask                    0x08006445   Thumb Code    78  timers.o(i.xTimerCreateTimerTask)
    xTimerGenericCommand                     0x080064a5   Thumb Code    98  timers.o(i.xTimerGenericCommand)
    defaultTask_attributes                   0x0800650c   Data          36  freertos.o(.constdata)
    move_base_task_attributes                0x08006530   Data          36  freertos.o(.constdata)
    data_update_tas_attributes               0x08006554   Data          36  freertos.o(.constdata)
    motor_control_t_attributes               0x08006578   Data          36  freertos.o(.constdata)
    AHBPrescTable                            0x0800659c   Data          16  system_stm32f4xx.o(.constdata)
    APBPrescTable                            0x080065ac   Data           8  system_stm32f4xx.o(.constdata)
    Region$$Table$$Base                      0x08006714   Number         0  anon$$obj.o(Region$$Table)
    Region$$Table$$Limit                     0x08006734   Number         0  anon$$obj.o(Region$$Table)
    defaultTaskHandle                        0x20000004   Data           4  freertos.o(.data)
    move_base_taskHandle                     0x20000008   Data           4  freertos.o(.data)
    data_update_tasHandle                    0x2000000c   Data           4  freertos.o(.data)
    motor_control_tHandle                    0x20000010   Data           4  freertos.o(.data)
    Rx_Flag                                  0x20000014   Data           4  can.o(.data)
    o                                        0x2000001c   Data           4  can.o(.data)
    RxData                                   0x20000020   Data           8  can.o(.data)
    RxBuffer_for3                            0x20000028   Data           1  usart.o(.data)
    Time_Sys                                 0x2000002a   Data           8  hareware.o(.data)
    Microsecond_Cnt                          0x20000032   Data           2  hareware.o(.data)
    ppm_update_flag                          0x20000034   Data           1  hareware.o(.data)
    now_ppm_time_send                        0x2000003c   Data           4  hareware.o(.data)
    TIME_ISR_CNT                             0x20000040   Data           4  hareware.o(.data)
    PPM_Connected_Flag                       0x20000044   Data           4  hareware.o(.data)
    LAST_TIME_ISR_CNT                        0x20000050   Data           4  hareware.o(.data)
    YawAdjust_error                          0x20000058   Data           4  moto.o(.data)
    bb                                       0x2000005c   Data           4  moto.o(.data)
    KEEP_YAW                                 0x2000006c   Data           4  calculation.o(.data)
    uwTickFreq                               0x20000078   Data           1  stm32f4xx_hal.o(.data)
    uwTickPrio                               0x2000007c   Data           4  stm32f4xx_hal.o(.data)
    uwTick                                   0x20000080   Data           4  stm32f4xx_hal.o(.data)
    SystemCoreClock                          0x20000084   Data           4  system_stm32f4xx.o(.data)
    pxCurrentTCB                             0x20000088   Data           4  tasks.o(.data)
    TxHeader                                 0x2000010c   Data          24  can.o(.bss)
    hcan1                                    0x20000124   Data          40  can.o(.bss)
    hcan2                                    0x2000014c   Data          40  can.o(.bss)
    htim2                                    0x20000174   Data          72  tim.o(.bss)
    huart4                                   0x200001bc   Data          72  usart.o(.bss)
    huart3                                   0x20000204   Data          72  usart.o(.bss)
    htim6                                    0x2000024c   Data          72  stm32f4xx_hal_timebase_tim.o(.bss)
    PPM_Databuf                              0x200002a8   Data          20  hareware.o(.bss)
    ROBOT_REAL_POS_DATA                      0x200002bc   Data          16  hareware.o(.bss)
    ACTION_GL_POS_DATA                       0x200002e4   Data          56  hareware.o(.bss)
    action_Data                              0x2000031c   Data          24  hareware.o(.bss)
    Robot_Chassis                            0x20000334   Data          36  hareware.o(.bss)
    MOTOR_REAL_INFO                          0x20000358   Data        1120  moto.o(.bss)
    MOTOR_PID_RPM                            0x200007b8   Data         448  moto.o(.bss)
    MOTOR_PID_POS                            0x20000978   Data         448  moto.o(.bss)
    yaw_pid                                  0x20000b38   Data          56  moto.o(.bss)
    xQueueRegistry                           0x20000b70   Data          64  queue.o(.bss)
    __initial_sp                             0x20005848   Data           0  startup_stm32f407xx.o(STACK)



==============================================================================

Memory Map of the image

  Image Entry point : 0x08000189

  Load Region LR_IROM1 (Base: 0x08000000, Size: 0x00006840, Max: 0x00100000, ABSOLUTE)

    Execution Region ER_IROM1 (Exec base: 0x08000000, Load base: 0x08000000, Size: 0x00006734, Max: 0x00100000, ABSOLUTE)

    Exec Addr    Load Addr    Size         Type   Attr      Idx    E Section Name        Object

    0x08000000   0x08000000   0x00000188   Data   RO            3    RESET               startup_stm32f407xx.o
    0x08000188   0x08000188   0x00000000   Code   RO         5782  * .ARM.Collect$$$$00000000  mc_w.l(entry.o)
    0x08000188   0x08000188   0x00000004   Code   RO         5833    .ARM.Collect$$$$00000001  mc_w.l(entry2.o)
    0x0800018c   0x0800018c   0x00000004   Code   RO         5836    .ARM.Collect$$$$00000004  mc_w.l(entry5.o)
    0x08000190   0x08000190   0x00000000   Code   RO         5838    .ARM.Collect$$$$00000008  mc_w.l(entry7b.o)
    0x08000190   0x08000190   0x00000000   Code   RO         5840    .ARM.Collect$$$$0000000A  mc_w.l(entry8b.o)
    0x08000190   0x08000190   0x00000008   Code   RO         5841    .ARM.Collect$$$$0000000B  mc_w.l(entry9a.o)
    0x08000198   0x08000198   0x00000004   Code   RO         5848    .ARM.Collect$$$$0000000E  mc_w.l(entry12b.o)
    0x0800019c   0x0800019c   0x00000000   Code   RO         5843    .ARM.Collect$$$$0000000F  mc_w.l(entry10a.o)
    0x0800019c   0x0800019c   0x00000000   Code   RO         5845    .ARM.Collect$$$$00000011  mc_w.l(entry11a.o)
    0x0800019c   0x0800019c   0x00000004   Code   RO         5834    .ARM.Collect$$$$00002712  mc_w.l(entry2.o)
    0x080001a0   0x080001a0   0x000000be   Code   RO         5669    .emb_text           port.o
    0x0800025e   0x0800025e   0x00000002   PAD
    0x08000260   0x08000260   0x00000024   Code   RO            4    .text               startup_stm32f407xx.o
    0x08000284   0x08000284   0x00000062   Code   RO         5785    .text               mc_w.l(uldiv.o)
    0x080002e6   0x080002e6   0x00000024   Code   RO         5787    .text               mc_w.l(memcpya.o)
    0x0800030a   0x0800030a   0x00000024   Code   RO         5791    .text               mc_w.l(memseta.o)
    0x0800032e   0x0800032e   0x0000014e   Code   RO         5795    .text               mf_w.l(dadd.o)
    0x0800047c   0x0800047c   0x000000e4   Code   RO         5797    .text               mf_w.l(dmul.o)
    0x08000560   0x08000560   0x000000de   Code   RO         5799    .text               mf_w.l(ddiv.o)
    0x0800063e   0x0800063e   0x00000026   Code   RO         5801    .text               mf_w.l(f2d.o)
    0x08000664   0x08000664   0x00000038   Code   RO         5803    .text               mf_w.l(d2f.o)
    0x0800069c   0x0800069c   0x0000001e   Code   RO         5849    .text               mc_w.l(llshl.o)
    0x080006ba   0x080006ba   0x00000020   Code   RO         5851    .text               mc_w.l(llushr.o)
    0x080006da   0x080006da   0x00000024   Code   RO         5853    .text               mc_w.l(llsshr.o)
    0x080006fe   0x080006fe   0x00000000   Code   RO         5862    .text               mc_w.l(iusefp.o)
    0x080006fe   0x080006fe   0x0000006e   Code   RO         5863    .text               mf_w.l(fepilogue.o)
    0x0800076c   0x0800076c   0x000000ba   Code   RO         5865    .text               mf_w.l(depilogue.o)
    0x08000826   0x08000826   0x000000a2   Code   RO         5869    .text               mf_w.l(dsqrt.o)
    0x080008c8   0x080008c8   0x00000024   Code   RO         5883    .text               mc_w.l(init.o)
    0x080008ec   0x080008ec   0x00000022   Code   RO         5885    .text               mf_w.l(dflti.o)
    0x0800090e   0x0800090e   0x0000001a   Code   RO         5887    .text               mf_w.l(dfltui.o)
    0x08000928   0x08000928   0x0000003e   Code   RO         5889    .text               mf_w.l(dfixi.o)
    0x08000966   0x08000966   0x00000002   PAD
    0x08000968   0x08000968   0x0000002c   Code   RO          813    i.Action_Reset      hareware.o
    0x08000994   0x08000994   0x0000003c   Code   RO          814    i.Air_Pump_Control  hareware.o
    0x080009d0   0x080009d0   0x00000058   Code   RO          875    i.AngleLimit        moto.o
    0x08000a28   0x08000a28   0x00000154   Code   RO         1025    i.Axis_analyse_for_WORLDtoROBOT  calculation.o
    0x08000b7c   0x08000b7c   0x00000002   Code   RO          608    i.BusFault_Handler  stm32f4xx_it.o
    0x08000b7e   0x08000b7e   0x00000002   PAD
    0x08000b80   0x08000b80   0x00000060   Code   RO          448    i.CAN1_Filter_Init  can.o
    0x08000be0   0x08000be0   0x0000000c   Code   RO          609    i.CAN1_RX0_IRQHandler  stm32f4xx_it.o
    0x08000bec   0x08000bec   0x0000000c   Code   RO          610    i.CAN1_RX1_IRQHandler  stm32f4xx_it.o
    0x08000bf8   0x08000bf8   0x0000000c   Code   RO          611    i.CAN1_SCE_IRQHandler  stm32f4xx_it.o
    0x08000c04   0x08000c04   0x0000000c   Code   RO          612    i.CAN1_TX_IRQHandler  stm32f4xx_it.o
    0x08000c10   0x08000c10   0x0000000c   Code   RO          613    i.CAN2_RX0_IRQHandler  stm32f4xx_it.o
    0x08000c1c   0x08000c1c   0x0000000c   Code   RO          614    i.CAN2_RX1_IRQHandler  stm32f4xx_it.o
    0x08000c28   0x08000c28   0x0000000c   Code   RO          615    i.CAN2_SCE_IRQHandler  stm32f4xx_it.o
    0x08000c34   0x08000c34   0x0000000c   Code   RO          616    i.CAN2_TX_IRQHandler  stm32f4xx_it.o
    0x08000c40   0x08000c40   0x0000004c   Code   RO         1026    i.Contor_FSM        calculation.o
    0x08000c8c   0x08000c8c   0x00000002   Code   RO          617    i.DebugMon_Handler  stm32f4xx_it.o
    0x08000c8e   0x08000c8e   0x0000002e   Code   RO          618    i.EXTI15_10_IRQHandler  stm32f4xx_it.o
    0x08000cbc   0x08000cbc   0x00000006   Code   RO          619    i.EXTI9_5_IRQHandler  stm32f4xx_it.o
    0x08000cc2   0x08000cc2   0x00000004   Code   RO          270    i.Error_Handler     main.o
    0x08000cc6   0x08000cc6   0x00000024   Code   RO         1142    i.HAL_CAN_ActivateNotification  stm32f4xx_hal_can.o
    0x08000cea   0x08000cea   0x000000d0   Code   RO         1143    i.HAL_CAN_AddTxMessage  stm32f4xx_hal_can.o
    0x08000dba   0x08000dba   0x00000002   PAD
    0x08000dbc   0x08000dbc   0x0000010c   Code   RO         1144    i.HAL_CAN_ConfigFilter  stm32f4xx_hal_can.o
    0x08000ec8   0x08000ec8   0x00000002   Code   RO         1147    i.HAL_CAN_ErrorCallback  stm32f4xx_hal_can.o
    0x08000eca   0x08000eca   0x000000f4   Code   RO         1150    i.HAL_CAN_GetRxMessage  stm32f4xx_hal_can.o
    0x08000fbe   0x08000fbe   0x000001fc   Code   RO         1154    i.HAL_CAN_IRQHandler  stm32f4xx_hal_can.o
    0x080011ba   0x080011ba   0x0000011a   Code   RO         1155    i.HAL_CAN_Init      stm32f4xx_hal_can.o
    0x080012d4   0x080012d4   0x00000160   Code   RO          451    i.HAL_CAN_MspInit   can.o
    0x08001434   0x08001434   0x00000002   Code   RO         1162    i.HAL_CAN_RxFifo0FullCallback  stm32f4xx_hal_can.o
    0x08001436   0x08001436   0x00000002   PAD
    0x08001438   0x08001438   0x0000005c   Code   RO          452    i.HAL_CAN_RxFifo0MsgPendingCallback  can.o
    0x08001494   0x08001494   0x00000002   Code   RO         1164    i.HAL_CAN_RxFifo1FullCallback  stm32f4xx_hal_can.o
    0x08001496   0x08001496   0x00000002   Code   RO         1165    i.HAL_CAN_RxFifo1MsgPendingCallback  stm32f4xx_hal_can.o
    0x08001498   0x08001498   0x00000002   Code   RO         1166    i.HAL_CAN_SleepCallback  stm32f4xx_hal_can.o
    0x0800149a   0x0800149a   0x00000002   PAD
    0x0800149c   0x0800149c   0x00000058   Code   RO         1167    i.HAL_CAN_Start     stm32f4xx_hal_can.o
    0x080014f4   0x080014f4   0x00000002   Code   RO         1169    i.HAL_CAN_TxMailbox0AbortCallback  stm32f4xx_hal_can.o
    0x080014f6   0x080014f6   0x00000002   Code   RO         1170    i.HAL_CAN_TxMailbox0CompleteCallback  stm32f4xx_hal_can.o
    0x080014f8   0x080014f8   0x00000002   Code   RO         1171    i.HAL_CAN_TxMailbox1AbortCallback  stm32f4xx_hal_can.o
    0x080014fa   0x080014fa   0x00000002   Code   RO         1172    i.HAL_CAN_TxMailbox1CompleteCallback  stm32f4xx_hal_can.o
    0x080014fc   0x080014fc   0x00000002   Code   RO         1173    i.HAL_CAN_TxMailbox2AbortCallback  stm32f4xx_hal_can.o
    0x080014fe   0x080014fe   0x00000002   Code   RO         1174    i.HAL_CAN_TxMailbox2CompleteCallback  stm32f4xx_hal_can.o
    0x08001500   0x08001500   0x00000002   Code   RO         1176    i.HAL_CAN_WakeUpFromRxMsgCallback  stm32f4xx_hal_can.o
    0x08001502   0x08001502   0x00000092   Code   RO         1837    i.HAL_DMA_Abort     stm32f4xx_hal_dma.o
    0x08001594   0x08001594   0x00000024   Code   RO         1838    i.HAL_DMA_Abort_IT  stm32f4xx_hal_dma.o
    0x080015b8   0x080015b8   0x0000014c   Code   RO          815    i.HAL_GPIO_EXTI_Callback  hareware.o
    0x08001704   0x08001704   0x00000018   Code   RO         1729    i.HAL_GPIO_EXTI_IRQHandler  stm32f4xx_hal_gpio.o
    0x0800171c   0x0800171c   0x000001f0   Code   RO         1730    i.HAL_GPIO_Init     stm32f4xx_hal_gpio.o
    0x0800190c   0x0800190c   0x0000000a   Code   RO         1734    i.HAL_GPIO_WritePin  stm32f4xx_hal_gpio.o
    0x08001916   0x08001916   0x00000002   PAD
    0x08001918   0x08001918   0x0000000c   Code   RO         2280    i.HAL_GetTick       stm32f4xx_hal.o
    0x08001924   0x08001924   0x00000010   Code   RO         2286    i.HAL_IncTick       stm32f4xx_hal.o
    0x08001934   0x08001934   0x00000034   Code   RO         2287    i.HAL_Init          stm32f4xx_hal.o
    0x08001968   0x08001968   0x00000098   Code   RO          774    i.HAL_InitTick      stm32f4xx_hal_timebase_tim.o
    0x08001a00   0x08001a00   0x00000038   Code   RO          750    i.HAL_MspInit       stm32f4xx_hal_msp.o
    0x08001a38   0x08001a38   0x0000001a   Code   RO         2122    i.HAL_NVIC_EnableIRQ  stm32f4xx_hal_cortex.o
    0x08001a52   0x08001a52   0x00000002   PAD
    0x08001a54   0x08001a54   0x00000040   Code   RO         2128    i.HAL_NVIC_SetPriority  stm32f4xx_hal_cortex.o
    0x08001a94   0x08001a94   0x00000024   Code   RO         2129    i.HAL_NVIC_SetPriorityGrouping  stm32f4xx_hal_cortex.o
    0x08001ab8   0x08001ab8   0x00000134   Code   RO         1376    i.HAL_RCC_ClockConfig  stm32f4xx_hal_rcc.o
    0x08001bec   0x08001bec   0x00000040   Code   RO         1380    i.HAL_RCC_GetClockConfig  stm32f4xx_hal_rcc.o
    0x08001c2c   0x08001c2c   0x00000020   Code   RO         1383    i.HAL_RCC_GetPCLK1Freq  stm32f4xx_hal_rcc.o
    0x08001c4c   0x08001c4c   0x00000020   Code   RO         1384    i.HAL_RCC_GetPCLK2Freq  stm32f4xx_hal_rcc.o
    0x08001c6c   0x08001c6c   0x00000060   Code   RO         1385    i.HAL_RCC_GetSysClockFreq  stm32f4xx_hal_rcc.o
    0x08001ccc   0x08001ccc   0x0000036c   Code   RO         1388    i.HAL_RCC_OscConfig  stm32f4xx_hal_rcc.o
    0x08002038   0x08002038   0x00000002   Code   RO         3231    i.HAL_TIMEx_BreakCallback  stm32f4xx_hal_tim_ex.o
    0x0800203a   0x0800203a   0x00000002   Code   RO         3232    i.HAL_TIMEx_CommutCallback  stm32f4xx_hal_tim_ex.o
    0x0800203c   0x0800203c   0x00000090   Code   RO         3250    i.HAL_TIMEx_MasterConfigSynchronization  stm32f4xx_hal_tim_ex.o
    0x080020cc   0x080020cc   0x0000005a   Code   RO         2527    i.HAL_TIM_Base_Init  stm32f4xx_hal_tim.o
    0x08002126   0x08002126   0x00000002   PAD
    0x08002128   0x08002128   0x00000038   Code   RO          518    i.HAL_TIM_Base_MspInit  tim.o
    0x08002160   0x08002160   0x00000080   Code   RO         2532    i.HAL_TIM_Base_Start_IT  stm32f4xx_hal_tim.o
    0x080021e0   0x080021e0   0x000000dc   Code   RO         2536    i.HAL_TIM_ConfigClockSource  stm32f4xx_hal_tim.o
    0x080022bc   0x080022bc   0x00000002   Code   RO         2561    i.HAL_TIM_IC_CaptureCallback  stm32f4xx_hal_tim.o
    0x080022be   0x080022be   0x00000130   Code   RO         2575    i.HAL_TIM_IRQHandler  stm32f4xx_hal_tim.o
    0x080023ee   0x080023ee   0x00000002   Code   RO         2578    i.HAL_TIM_OC_DelayElapsedCallback  stm32f4xx_hal_tim.o
    0x080023f0   0x080023f0   0x00000002   Code   RO         2605    i.HAL_TIM_PWM_PulseFinishedCallback  stm32f4xx_hal_tim.o
    0x080023f2   0x080023f2   0x00000002   PAD
    0x080023f4   0x080023f4   0x00000074   Code   RO          271    i.HAL_TIM_PeriodElapsedCallback  main.o
    0x08002468   0x08002468   0x00000002   Code   RO         2618    i.HAL_TIM_TriggerCallback  stm32f4xx_hal_tim.o
    0x0800246a   0x0800246a   0x00000002   Code   RO         3510    i.HAL_UARTEx_RxEventCallback  stm32f4xx_hal_uart.o
    0x0800246c   0x0800246c   0x00000002   Code   RO         3524    i.HAL_UART_ErrorCallback  stm32f4xx_hal_uart.o
    0x0800246e   0x0800246e   0x00000002   PAD
    0x08002470   0x08002470   0x00000270   Code   RO         3527    i.HAL_UART_IRQHandler  stm32f4xx_hal_uart.o
    0x080026e0   0x080026e0   0x00000064   Code   RO         3528    i.HAL_UART_Init     stm32f4xx_hal_uart.o
    0x08002744   0x08002744   0x000000cc   Code   RO          560    i.HAL_UART_MspInit  usart.o
    0x08002810   0x08002810   0x0000001c   Code   RO         3533    i.HAL_UART_Receive_IT  stm32f4xx_hal_uart.o
    0x0800282c   0x0800282c   0x000000c4   Code   RO          816    i.HAL_UART_RxCpltCallback  hareware.o
    0x080028f0   0x080028f0   0x000000a0   Code   RO         3536    i.HAL_UART_Transmit  stm32f4xx_hal_uart.o
    0x08002990   0x08002990   0x00000002   Code   RO         3539    i.HAL_UART_TxCpltCallback  stm32f4xx_hal_uart.o
    0x08002992   0x08002992   0x00000002   Code   RO          620    i.HardFault_Handler  stm32f4xx_it.o
    0x08002994   0x08002994   0x00000054   Code   RO          877    i.HomingMode        moto.o
    0x080029e8   0x080029e8   0x00000170   Code   RO         1027    i.Kinematic_Analysis_Inverse  calculation.o
    0x08002b58   0x08002b58   0x000000c0   Code   RO          878    i.M3508AngleIntegral  moto.o
    0x08002c18   0x08002c18   0x000002c8   Code   RO          879    i.M3508_Motor_Init  moto.o
    0x08002ee0   0x08002ee0   0x00000050   Code   RO          453    i.MX_CAN1_Init      can.o
    0x08002f30   0x08002f30   0x00000048   Code   RO          454    i.MX_CAN2_Init      can.o
    0x08002f78   0x08002f78   0x00000054   Code   RO          387    i.MX_FREERTOS_Init  freertos.o
    0x08002fcc   0x08002fcc   0x000001c4   Code   RO          363    i.MX_GPIO_Init      gpio.o
    0x08003190   0x08003190   0x00000068   Code   RO          519    i.MX_TIM2_Init      tim.o
    0x080031f8   0x080031f8   0x00000038   Code   RO          561    i.MX_UART4_Init     usart.o
    0x08003230   0x08003230   0x00000038   Code   RO          562    i.MX_USART3_UART_Init  usart.o
    0x08003268   0x08003268   0x00000022   Code   RO          880    i.MaxMinLimit       moto.o
    0x0800328a   0x0800328a   0x00000002   Code   RO          621    i.MemManage_Handler  stm32f4xx_it.o
    0x0800328c   0x0800328c   0x0000011c   Code   RO          881    i.MotorCtrl         moto.o
    0x080033a8   0x080033a8   0x00000002   Code   RO          622    i.NMI_Handler       stm32f4xx_it.o
    0x080033aa   0x080033aa   0x00000022   Code   RO         1081    i.PID_abs_limit     pid.o
    0x080033cc   0x080033cc   0x000000b8   Code   RO         1082    i.PID_incremental_PID_calculation  pid.o
    0x08003484   0x08003484   0x0000003c   Code   RO         1084    i.PID_parameter_init  pid.o
    0x080034c0   0x080034c0   0x000000bc   Code   RO         1085    i.PID_position_PID_calculation  pid.o
    0x0800357c   0x0800357c   0x000000b8   Code   RO         1086    i.PID_position_PID_calculation_by_error  pid.o
    0x08003634   0x08003634   0x00000088   Code   RO         1028    i.Robot_Control     calculation.o
    0x080036bc   0x080036bc   0x00000018   Code   RO          388    i.StartDefaultTask  freertos.o
    0x080036d4   0x080036d4   0x0000001a   Code   RO         5101    i.SysTick_Handler   cmsis_os2.o
    0x080036ee   0x080036ee   0x00000002   PAD
    0x080036f0   0x080036f0   0x00000098   Code   RO          272    i.SystemClock_Config  main.o
    0x08003788   0x08003788   0x00000010   Code   RO         3862    i.SystemInit        system_stm32f4xx.o
    0x08003798   0x08003798   0x0000000c   Code   RO          623    i.TIM2_IRQHandler   stm32f4xx_it.o
    0x080037a4   0x080037a4   0x0000000c   Code   RO          624    i.TIM6_DAC_IRQHandler  stm32f4xx_it.o
    0x080037b0   0x080037b0   0x000000d8   Code   RO         2620    i.TIM_Base_SetConfig  stm32f4xx_hal_tim.o
    0x08003888   0x08003888   0x00000014   Code   RO         2631    i.TIM_ETR_SetConfig  stm32f4xx_hal_tim.o
    0x0800389c   0x0800389c   0x00000010   Code   RO         2632    i.TIM_ITRx_SetConfig  stm32f4xx_hal_tim.o
    0x080038ac   0x080038ac   0x00000022   Code   RO         2638    i.TIM_TI1_ConfigInputStage  stm32f4xx_hal_tim.o
    0x080038ce   0x080038ce   0x00000024   Code   RO         2640    i.TIM_TI2_ConfigInputStage  stm32f4xx_hal_tim.o
    0x080038f2   0x080038f2   0x00000002   PAD
    0x080038f4   0x080038f4   0x0000000c   Code   RO          625    i.UART4_IRQHandler  stm32f4xx_it.o
    0x08003900   0x08003900   0x00000010   Code   RO         3541    i.UART_DMAAbortOnError  stm32f4xx_hal_uart.o
    0x08003910   0x08003910   0x0000004e   Code   RO         3551    i.UART_EndRxTransfer  stm32f4xx_hal_uart.o
    0x0800395e   0x0800395e   0x000000c2   Code   RO         3553    i.UART_Receive_IT   stm32f4xx_hal_uart.o
    0x08003a20   0x08003a20   0x0000010c   Code   RO         3554    i.UART_SetConfig    stm32f4xx_hal_uart.o
    0x08003b2c   0x08003b2c   0x00000036   Code   RO         3556    i.UART_Start_Receive_IT  stm32f4xx_hal_uart.o
    0x08003b62   0x08003b62   0x00000072   Code   RO         3557    i.UART_WaitOnFlagUntilTimeout  stm32f4xx_hal_uart.o
    0x08003bd4   0x08003bd4   0x0000000c   Code   RO          626    i.USART3_IRQHandler  stm32f4xx_it.o
    0x08003be0   0x08003be0   0x0000016c   Code   RO          817    i.Update_Action     hareware.o
    0x08003d4c   0x08003d4c   0x00000002   Code   RO          627    i.UsageFault_Handler  stm32f4xx_it.o
    0x08003d4e   0x08003d4e   0x00000002   PAD
    0x08003d50   0x08003d50   0x000001e8   Code   RO          886    i.VelocityPlanningMODE  moto.o
    0x08003f38   0x08003f38   0x00000098   Code   RO         1029    i.World_Control     calculation.o
    0x08003fd0   0x08003fd0   0x000000a8   Code   RO          888    i.YawAdjust         moto.o
    0x08004078   0x08004078   0x00000030   Code   RO         5879    i.__ARM_fpclassify  m_wm.l(fpclassify.o)
    0x080040a8   0x080040a8   0x00000020   Code   RO         2135    i.__NVIC_SetPriority  stm32f4xx_hal_cortex.o
    0x080040c8   0x080040c8   0x000000c8   Code   RO         5746    i.__hardfp_cos      m_wm.l(cos.o)
    0x08004190   0x08004190   0x000000c8   Code   RO         5758    i.__hardfp_sin      m_wm.l(sin.o)
    0x08004258   0x08004258   0x0000007a   Code   RO         5770    i.__hardfp_sqrt     m_wm.l(sqrt.o)
    0x080042d2   0x080042d2   0x00000006   PAD
    0x080042d8   0x080042d8   0x00000438   Code   RO         5822    i.__ieee754_rem_pio2  m_wm.l(rred.o)
    0x08004710   0x08004710   0x00000170   Code   RO         5805    i.__kernel_cos      m_wm.l(cos_i.o)
    0x08004880   0x08004880   0x000000f8   Code   RO         5881    i.__kernel_poly     m_wm.l(poly.o)
    0x08004978   0x08004978   0x00000130   Code   RO         5827    i.__kernel_sin      m_wm.l(sin_i.o)
    0x08004aa8   0x08004aa8   0x00000014   Code   RO         5809    i.__mathlib_dbl_infnan  m_wm.l(dunder.o)
    0x08004abc   0x08004abc   0x00000004   PAD
    0x08004ac0   0x08004ac0   0x00000020   Code   RO         5811    i.__mathlib_dbl_invalid  m_wm.l(dunder.o)
    0x08004ae0   0x08004ae0   0x00000020   Code   RO         5814    i.__mathlib_dbl_underflow  m_wm.l(dunder.o)
    0x08004b00   0x08004b00   0x0000000e   Code   RO         5893    i.__scatterload_copy  mc_w.l(handlers.o)
    0x08004b0e   0x08004b0e   0x00000002   Code   RO         5894    i.__scatterload_null  mc_w.l(handlers.o)
    0x08004b10   0x08004b10   0x0000000e   Code   RO         5895    i.__scatterload_zeroinit  mc_w.l(handlers.o)
    0x08004b1e   0x08004b1e   0x00000002   PAD
    0x08004b20   0x08004b20   0x0000000c   Code   RO         5857    i.__set_errno       mc_w.l(errno.o)
    0x08004b2c   0x08004b2c   0x0000006c   Code   RO          890    i.chassis_m3508_send_motor_currents  moto.o
    0x08004b98   0x08004b98   0x00000020   Code   RO          389    i.data_update       freertos.o
    0x08004bb8   0x08004bb8   0x00000018   Code   RO         5875    i.fabs              m_wm.l(fabs.o)
    0x08004bd0   0x08004bd0   0x0000005c   Code   RO          892    i.m3508_update_m3508_info  moto.o
    0x08004c2c   0x08004c2c   0x00000064   Code   RO          273    i.main              main.o
    0x08004c90   0x08004c90   0x0000000c   Code   RO          390    i.motor_control     freertos.o
    0x08004c9c   0x08004c9c   0x00000018   Code   RO          391    i.move_base         freertos.o
    0x08004cb4   0x08004cb4   0x0000001a   Code   RO         5103    i.osDelay           cmsis_os2.o
    0x08004cce   0x08004cce   0x00000002   PAD
    0x08004cd0   0x08004cd0   0x00000024   Code   RO         5117    i.osKernelInitialize  cmsis_os2.o
    0x08004cf4   0x08004cf4   0x00000038   Code   RO         5120    i.osKernelStart     cmsis_os2.o
    0x08004d2c   0x08004d2c   0x0000008a   Code   RO         5162    i.osThreadNew       cmsis_os2.o
    0x08004db6   0x08004db6   0x00000002   PAD
    0x08004db8   0x08004db8   0x0000005c   Code   RO         4562    i.prvAddCurrentTaskToDelayedList  tasks.o
    0x08004e14   0x08004e14   0x000000d0   Code   RO         4563    i.prvAddNewTaskToReadyList  tasks.o
    0x08004ee4   0x08004ee4   0x00000058   Code   RO         4927    i.prvCheckForValidListAndQueue  timers.o
    0x08004f3c   0x08004f3c   0x00000026   Code   RO         4159    i.prvCopyDataFromQueue  queue.o
    0x08004f62   0x08004f62   0x0000006c   Code   RO         4160    i.prvCopyDataToQueue  queue.o
    0x08004fce   0x08004fce   0x00000034   Code   RO         4564    i.prvDeleteTCB      tasks.o
    0x08005002   0x08005002   0x00000002   PAD
    0x08005004   0x08005004   0x0000004c   Code   RO         5614    i.prvHeapInit       heap_4.o
    0x08005050   0x08005050   0x00000060   Code   RO         4565    i.prvIdleTask       tasks.o
    0x080050b0   0x080050b0   0x00000022   Code   RO         4162    i.prvInitialiseNewQueue  queue.o
    0x080050d2   0x080050d2   0x00000002   PAD
    0x080050d4   0x080050d4   0x000000b0   Code   RO         4566    i.prvInitialiseNewTask  tasks.o
    0x08005184   0x08005184   0x0000004c   Code   RO         5615    i.prvInsertBlockIntoFreeList  heap_4.o
    0x080051d0   0x080051d0   0x00000038   Code   RO         4929    i.prvInsertTimerInActiveList  timers.o
    0x08005208   0x08005208   0x0000001c   Code   RO         4163    i.prvIsQueueEmpty   queue.o
    0x08005224   0x08005224   0x000000fc   Code   RO         4930    i.prvProcessReceivedCommands  timers.o
    0x08005320   0x08005320   0x000000c0   Code   RO         4931    i.prvProcessTimerOrBlockTask  timers.o
    0x080053e0   0x080053e0   0x00000020   Code   RO         4568    i.prvResetNextTaskUnblockTime  tasks.o
    0x08005400   0x08005400   0x00000028   Code   RO         4932    i.prvSampleTimeNow  timers.o
    0x08005428   0x08005428   0x0000006c   Code   RO         4933    i.prvSwitchTimerLists  timers.o
    0x08005494   0x08005494   0x00000028   Code   RO         5670    i.prvTaskExitError  port.o
    0x080054bc   0x080054bc   0x00000024   Code   RO         4934    i.prvTimerTask      timers.o
    0x080054e0   0x080054e0   0x0000006a   Code   RO         4164    i.prvUnlockQueue    queue.o
    0x0800554a   0x0800554a   0x00000002   PAD
    0x0800554c   0x0800554c   0x000000dc   Code   RO         5616    i.pvPortMalloc      heap_4.o
    0x08005628   0x08005628   0x0000002c   Code   RO         5671    i.pxPortInitialiseStack  port.o
    0x08005654   0x08005654   0x00000026   Code   RO         4119    i.uxListRemove      list.o
    0x0800567a   0x0800567a   0x00000002   PAD
    0x0800567c   0x0800567c   0x00000014   Code   RO         5174    i.vApplicationGetIdleTaskMemory  cmsis_os2.o
    0x08005690   0x08005690   0x00000018   Code   RO         5175    i.vApplicationGetTimerTaskMemory  cmsis_os2.o
    0x080056a8   0x080056a8   0x00000016   Code   RO         4120    i.vListInitialise   list.o
    0x080056be   0x080056be   0x00000006   Code   RO         4121    i.vListInitialiseItem  list.o
    0x080056c4   0x080056c4   0x00000030   Code   RO         4122    i.vListInsert       list.o
    0x080056f4   0x080056f4   0x00000018   Code   RO         4123    i.vListInsertEnd    list.o
    0x0800570c   0x0800570c   0x00000040   Code   RO         5673    i.vPortEnterCritical  port.o
    0x0800574c   0x0800574c   0x00000028   Code   RO         5674    i.vPortExitCritical  port.o
    0x08005774   0x08005774   0x00000064   Code   RO         5617    i.vPortFree         heap_4.o
    0x080057d8   0x080057d8   0x00000024   Code   RO         5675    i.vPortSetupTimerInterrupt  port.o
    0x080057fc   0x080057fc   0x00000054   Code   RO         5676    i.vPortValidateInterruptPriority  port.o
    0x08005850   0x08005850   0x00000028   Code   RO         4170    i.vQueueAddToRegistry  queue.o
    0x08005878   0x08005878   0x00000044   Code   RO         4174    i.vQueueWaitForMessageRestricted  queue.o
    0x080058bc   0x080058bc   0x0000004c   Code   RO         4581    i.vTaskDelay        tasks.o
    0x08005908   0x08005908   0x0000008c   Code   RO         4582    i.vTaskDelayUntil   tasks.o
    0x08005994   0x08005994   0x00000010   Code   RO         4586    i.vTaskInternalSetTimeOutState  tasks.o
    0x080059a4   0x080059a4   0x0000000c   Code   RO         4587    i.vTaskMissedYield  tasks.o
    0x080059b0   0x080059b0   0x00000030   Code   RO         4589    i.vTaskPlaceOnEventList  tasks.o
    0x080059e0   0x080059e0   0x00000038   Code   RO         4590    i.vTaskPlaceOnEventListRestricted  tasks.o
    0x08005a18   0x08005a18   0x00000088   Code   RO         4598    i.vTaskStartScheduler  tasks.o
    0x08005aa0   0x08005aa0   0x00000010   Code   RO         4600    i.vTaskSuspendAll   tasks.o
    0x08005ab0   0x08005ab0   0x00000064   Code   RO         4601    i.vTaskSwitchContext  tasks.o
    0x08005b14   0x08005b14   0x000000f4   Code   RO         5677    i.xPortStartScheduler  port.o
    0x08005c08   0x08005c08   0x0000002c   Code   RO         5678    i.xPortSysTickHandler  port.o
    0x08005c34   0x08005c34   0x00000066   Code   RO         4180    i.xQueueGenericCreateStatic  queue.o
    0x08005c9a   0x08005c9a   0x00000002   PAD
    0x08005c9c   0x08005c9c   0x00000088   Code   RO         4181    i.xQueueGenericReset  queue.o
    0x08005d24   0x08005d24   0x00000160   Code   RO         4182    i.xQueueGenericSend  queue.o
    0x08005e84   0x08005e84   0x000000be   Code   RO         4183    i.xQueueGenericSendFromISR  queue.o
    0x08005f42   0x08005f42   0x00000002   PAD
    0x08005f44   0x08005f44   0x00000138   Code   RO         4192    i.xQueueReceive     queue.o
    0x0800607c   0x0800607c   0x00000074   Code   RO         4603    i.xTaskCheckForTimeOut  tasks.o
    0x080060f0   0x080060f0   0x0000005a   Code   RO         4604    i.xTaskCreate       tasks.o
    0x0800614a   0x0800614a   0x00000056   Code   RO         4605    i.xTaskCreateStatic  tasks.o
    0x080061a0   0x080061a0   0x0000001c   Code   RO         4609    i.xTaskGetSchedulerState  tasks.o
    0x080061bc   0x080061bc   0x0000000c   Code   RO         4610    i.xTaskGetTickCount  tasks.o
    0x080061c8   0x080061c8   0x000000c8   Code   RO         4612    i.xTaskIncrementTick  tasks.o
    0x08006290   0x08006290   0x00000080   Code   RO         4615    i.xTaskPriorityDisinherit  tasks.o
    0x08006310   0x08006310   0x00000070   Code   RO         4617    i.xTaskRemoveFromEventList  tasks.o
    0x08006380   0x08006380   0x000000c4   Code   RO         4618    i.xTaskResumeAll    tasks.o
    0x08006444   0x08006444   0x00000060   Code   RO         4943    i.xTimerCreateTimerTask  timers.o
    0x080064a4   0x080064a4   0x00000068   Code   RO         4944    i.xTimerGenericCommand  timers.o
    0x0800650c   0x0800650c   0x00000090   Data   RO          392    .constdata          freertos.o
    0x0800659c   0x0800659c   0x00000010   Data   RO         3863    .constdata          system_stm32f4xx.o
    0x080065ac   0x080065ac   0x00000008   Data   RO         3864    .constdata          system_stm32f4xx.o
    0x080065b4   0x080065b4   0x00000004   PAD
    0x080065b8   0x080065b8   0x00000030   Data   RO         5806    .constdata          m_wm.l(cos_i.o)
    0x080065e8   0x080065e8   0x000000c8   Data   RO         5824    .constdata          m_wm.l(rred.o)
    0x080066b0   0x080066b0   0x00000028   Data   RO         5828    .constdata          m_wm.l(sin_i.o)
    0x080066d8   0x080066d8   0x0000003c   Data   RO          393    .conststring        freertos.o
    0x08006714   0x08006714   0x00000020   Data   RO         5891    Region$$Table       anon$$obj.o


    Execution Region RW_IRAM1 (Exec base: 0x20000000, Load base: 0x08006734, Size: 0x00005848, Max: 0x00020000, ABSOLUTE)

    Exec Addr    Load Addr    Size         Type   Attr      Idx    E Section Name        Object

    0x20000000   0x08006734   0x00000014   Data   RW          394    .data               freertos.o
    0x20000014   0x08006748   0x00000014   Data   RW          456    .data               can.o
    0x20000028   0x0800675c   0x00000001   Data   RW          564    .data               usart.o
    0x20000029   0x0800675d   0x00000001   PAD
    0x2000002a   0x0800675e   0x00000008   Data   RW          822    .data               hareware.o
    0x20000032   0x08006766   0x00000002   Data   RW          823    .data               hareware.o
    0x20000034   0x08006768   0x0000001c   Data   RW          824    .data               hareware.o
    0x20000050   0x08006784   0x00000004   Data   RW          825    .data               hareware.o
    0x20000054   0x08006788   0x00000018   Data   RW          897    .data               moto.o
    0x2000006c   0x080067a0   0x0000000c   Data   RW         1030    .data               calculation.o
    0x20000078   0x080067ac   0x0000000c   Data   RW         2294    .data               stm32f4xx_hal.o
    0x20000084   0x080067b8   0x00000004   Data   RW         3865    .data               system_stm32f4xx.o
    0x20000088   0x080067bc   0x0000003c   Data   RW         4621    .data               tasks.o
    0x200000c4   0x080067f8   0x00000014   Data   RW         4952    .data               timers.o
    0x200000d8   0x0800680c   0x00000004   Data   RW         5177    .data               cmsis_os2.o
    0x200000dc   0x08006810   0x00000020   Data   RW         5623    .data               heap_4.o
    0x200000fc   0x08006830   0x0000000c   Data   RW         5679    .data               port.o
    0x20000108   0x0800683c   0x00000004   Data   RW         5858    .data               mc_w.l(errno.o)
    0x2000010c        -       0x00000068   Zero   RW          455    .bss                can.o
    0x20000174        -       0x00000048   Zero   RW          520    .bss                tim.o
    0x200001bc        -       0x00000090   Zero   RW          563    .bss                usart.o
    0x2000024c        -       0x00000048   Zero   RW          777    .bss                stm32f4xx_hal_timebase_tim.o
    0x20000294        -       0x000000a0   Zero   RW          818    .bss                hareware.o
    0x20000334        -       0x00000024   Zero   RW          821    .bss                hareware.o
    0x20000358        -       0x00000818   Zero   RW          894    .bss                moto.o
    0x20000b70        -       0x00000040   Zero   RW         4196    .bss                queue.o
    0x20000bb0        -       0x000004c4   Zero   RW         4620    .bss                tasks.o
    0x20001074        -       0x00000118   Zero   RW         4951    .bss                timers.o
    0x2000118c        -       0x000006b8   Zero   RW         5176    .bss                cmsis_os2.o
    0x20001844        -       0x00003c00   Zero   RW         5622    .bss                heap_4.o
    0x20005444   0x08006840   0x00000004   PAD
    0x20005448        -       0x00000400   Zero   RW            1    STACK               startup_stm32f407xx.o


==============================================================================

Image component sizes


      Code (inc. data)   RO Data    RW Data    ZI Data      Debug   Object Name

      1072        146          0         12          0       3801   calculation.o
       692         62          0         20        104       4831   can.o
       326         22          0          4       1720      66975   cmsis_os2.o
         0          0          0          0          0      19980   event_groups.o
       176         40        204         20          0       4392   freertos.o
       452         26          0          0          0       1415   gpio.o
       996         98          0         42        196       7523   hareware.o
       472         24          0         32      15360       5503   heap_4.o
       138          0          0          0          0       4178   list.o
       372         52          0          0          0      14492   main.o
         0          0          0          0          0     702968   mit.o
      2250        166          0         24       2072      13398   moto.o
       650         20          0          0          0       4458   pid.o
       786         82          0         12          0      12785   port.o
      1514         20          0          0         64      19020   queue.o
        36          8        392          0       1024        944   startup_stm32f407xx.o
        80         14          0         12          0       8722   stm32f4xx_hal.o
      1658          6          0          0          0      16451   stm32f4xx_hal_can.o
       158         14          0          0          0      33554   stm32f4xx_hal_cortex.o
       182          0          0          0          0       2423   stm32f4xx_hal_dma.o
       530         52          0          0          0       3251   stm32f4xx_hal_gpio.o
        56          4          0          0          0       1082   stm32f4xx_hal_msp.o
      1408         82          0          0          0       6645   stm32f4xx_hal_rcc.o
      1072         74          0          0          0      11829   stm32f4xx_hal_tim.o
       148         28          0          0          0       2913   stm32f4xx_hal_tim_ex.o
       152         20          0          0         72       1799   stm32f4xx_hal_timebase_tim.o
      1642         16          0          0          0      12936   stm32f4xx_hal_uart.o
       208         72          0          0          0      11554   stm32f4xx_it.o
         0          0          0          0          0        384   stream_buffer.o
        16          4         24          4          0       4163   system_stm32f4xx.o
      2224        176          0         60       1220      30934   tasks.o
       160         12          0          0         72       2126   tim.o
       972         80          0         20        280      33943   timers.o
       316         38          0          1        144       3023   usart.o

    ----------------------------------------------------------------------
     20956       1458        656        264      22332    1074395   Object Totals
         0          0         32          0          0          0   (incl. Generated)
        42          0          4          1          4          0   (incl. Padding)

    ----------------------------------------------------------------------

      Code (inc. data)   RO Data    RW Data    ZI Data      Debug   Library Member Name

       200         20          0          0          0        164   cos.o
       368         46         48          0          0        200   cos_i.o
        84         16          0          0          0        372   dunder.o
        24          0          0          0          0        124   fabs.o
        48          0          0          0          0        124   fpclassify.o
       248          0          0          0          0        152   poly.o
      1080        142        200          0          0        188   rred.o
       200         20          0          0          0        164   sin.o
       304         24         40          0          0        208   sin_i.o
       122          0          0          0          0        148   sqrt.o
         0          0          0          0          0          0   entry.o
         0          0          0          0          0          0   entry10a.o
         0          0          0          0          0          0   entry11a.o
         4          0          0          0          0          0   entry12b.o
         8          4          0          0          0          0   entry2.o
         4          0          0          0          0          0   entry5.o
         0          0          0          0          0          0   entry7b.o
         0          0          0          0          0          0   entry8b.o
         8          4          0          0          0          0   entry9a.o
        12          6          0          4          0         68   errno.o
        30          0          0          0          0          0   handlers.o
        36          8          0          0          0         68   init.o
         0          0          0          0          0          0   iusefp.o
        30          0          0          0          0         68   llshl.o
        36          0          0          0          0         68   llsshr.o
        32          0          0          0          0         68   llushr.o
        36          0          0          0          0         68   memcpya.o
        36          0          0          0          0        108   memseta.o
        98          0          0          0          0         92   uldiv.o
        56          0          0          0          0         88   d2f.o
       334          0          0          0          0        148   dadd.o
       222          0          0          0          0        100   ddiv.o
       186          0          0          0          0        176   depilogue.o
        62          0          0          0          0         80   dfixi.o
        34          0          0          0          0         76   dflti.o
        26          0          0          0          0         76   dfltui.o
       228          0          0          0          0         96   dmul.o
       162          0          0          0          0        100   dsqrt.o
        38          0          0          0          0         68   f2d.o
       110          0          0          0          0        168   fepilogue.o

    ----------------------------------------------------------------------
      4520        290        288          4          0       3628   Library Totals
        14          0          0          0          0          0   (incl. Padding)

    ----------------------------------------------------------------------

      Code (inc. data)   RO Data    RW Data    ZI Data      Debug   Library Name

      2678        268        288          0          0       1844   m_wm.l
       370         22          0          4          0        608   mc_w.l
      1458          0          0          0          0       1176   mf_w.l

    ----------------------------------------------------------------------
      4520        290        288          4          0       3628   Library Totals

    ----------------------------------------------------------------------

==============================================================================


      Code (inc. data)   RO Data    RW Data    ZI Data      Debug   

     25476       1748        944        268      22332    1057095   Grand Totals
     25476       1748        944        268      22332    1057095   ELF Image Totals
     25476       1748        944        268          0          0   ROM Totals

==============================================================================

    Total RO  Size (Code + RO Data)                26420 (  25.80kB)
    Total RW  Size (RW Data + ZI Data)             22600 (  22.07kB)
    Total ROM Size (Code + RO Data + RW Data)      26688 (  26.06kB)

==============================================================================

