<html>
<body>
<pre>
<h1>µVision Build Log</h1>
<h2>Tool Versions:</h2>
IDE-Version: ¦ÌVision V5.40.0.0
Copyright (C) 2024 ARM Ltd and ARM Germany GmbH. All rights reserved.
License Information: lee hm
null
User-based license: Keil MDK Community (non-commercial free of charge)
Valid until: Jun 1 2033. Cached until: Dec 11 2024
 
Tool Versions:
Toolchain:       Keil MDK Community (non-commercial free of charge  Version: 5.40.0.3
Toolchain Path:  D:\Keil5\ARM\ARMCLANG\Bin
C Compiler:      ArmClang.exe V6.22
Assembler:       Armasm.exe V6.22
Linker/Locator:  ArmLink.exe V6.22
Library Manager: ArmAr.exe V6.22
Hex Converter:   FromElf.exe V6.22
CPU DLL:         SARMCM3.DLL V5.40.0.3
Dialog DLL:      DCM.DLL V1.17.5.0
Target DLL:      STLink\ST-LINKIII-KEIL_SWO.dll V3.3.0.0
Dialog DLL:      TCM.DLL V1.56.4.0
 
<h2>Project:</h2>
C:\Users\32806\Desktop\9th_R2\test_air_pump\AirPump\MDK-ARM\AirPump.uvprojx
Project File Date:  12/07/2024

<h2>Output:</h2>
*** Using Compiler 'V6.22', folder: 'D:\Keil5\ARM\ARMCLANG\Bin'
Rebuild target 'AirPump'
compiling stm32f1xx_hal.c...
compiling stm32f1xx_hal_tim_ex.c...
compiling main.c...
compiling tim.c...
assembling startup_stm32f103xb.s...
compiling stm32f1xx_it.c...
compiling stm32f1xx_hal_msp.c...
compiling stm32f1xx_hal_gpio_ex.c...
compiling stm32f1xx_hal_dma.c...
compiling stm32f1xx_hal_cortex.c...
compiling stm32f1xx_hal_rcc_ex.c...
compiling stm32f1xx_hal_gpio.c...
compiling gpio.c...
compiling stm32f1xx_hal_pwr.c...
compiling stm32f1xx_hal_rcc.c...
compiling stm32f1xx_hal_flash.c...
compiling system_stm32f1xx.c...
compiling stm32f1xx_hal_exti.c...
compiling stm32f1xx_hal_flash_ex.c...
compiling stm32f1xx_hal_tim.c...
linking...
Program Size: Code=7512 RO-data=304 RW-data=12 ZI-data=1716  
FromELF: creating hex file...
"AirPump\AirPump.axf" - 0 Error(s), 0 Warning(s).

<h2>Software Packages used:</h2>

Package Vendor: ARM
                https://www.keil.com/pack/ARM.CMSIS.6.1.0.pack
                ARM::CMSIS@6.1.0
                CMSIS (Common Microcontroller Software Interface Standard)
   * Component: CORE Version: 6.1.0

Package Vendor: Keil
                https://www.keil.com/pack/Keil.STM32F1xx_DFP.2.4.1.pack
                Keil::STM32F1xx_DFP@2.4.1
                STMicroelectronics STM32F1 Series Device Support, Drivers and Examples

<h2>Collection of Component include folders:</h2>
  ./RTE/_AirPump
  D:/Keil5/ARM/PACK/ARM/CMSIS/6.1.0/CMSIS/Core/Include
  D:/Keil5/ARM/PACK/Keil/STM32F1xx_DFP/2.4.1/Device/Include

<h2>Collection of Component Files used:</h2>

   * Component: ARM::CMSIS:CORE@6.1.0
      Include file:  CMSIS/Core/Include/tz_context.h
Build Time Elapsed:  00:00:01
</pre>
</body>
</html>
