<html>
<body>
<pre>
<h1>礦ision Build Log</h1>
<h2>Tool Versions:</h2>
IDE-Version: μVision V5.14.0.0
Copyright (C) 2015 ARM Ltd and ARM Germany GmbH. All rights reserved.
License Information: 1 corre, 1, LIC=GE7GK-Z6XA7-XCUJ0-BB7SI-8LH2I-V3C5B
 
Tool Versions:
Toolchain:       MDK-ARM Professional  Version: 5.14.0.0
Toolchain Path:  C:\ALLENTRY\tool\MDK5\ARM\ARMCC\Bin
C Compiler:      Armcc.exe V5.05 update 1 (build 106)
Assembler:       Armasm.exe V5.05 update 1 (build 106)
Linker/Locator:  ArmLink.exe V5.05 update 1 (build 106)
Library Manager: ArmAr.exe V5.05 update 1 (build 106)
Hex Converter:   FromElf.exe V5.05 update 1 (build 106)
CPU DLL:         SARMCM3.DLL V5.14.0.0
Dialog DLL:      DCM.DLL V1.13.1.0
Target DLL:      STLink\ST-LINKIII-KEIL_SWO.dll V2.0.14.0_KEIL
Dialog DLL:      TCM.DLL V1.14.4.0
 
<h2>Project:</h2>
C:\Users\corre\Desktop\新建文件夹\Tricycle - 2.0\USER\LED.uvprojx
Project File Date:  05/08/2019

<h2>Output:</h2>
Build target 'Tricycle'
compiling main.c...
compiling stm32f4xx_it.c...
compiling system_stm32f4xx.c...
compiling delay.c...
compiling sys.c...
compiling usart.c...
compiling Action_usart.c...
compiling pid_usart.c...
..\SYSTEM\pid_usart\pid_usart.h(10): warning:  #1295-D: Deprecated declaration send_data - give arg types
  void send_data();
..\SYSTEM\pid_usart\pid_usart.c: 1 warning, 0 errors
assembling startup_stm32f40_41xxx.s...
compiling misc.c...
compiling stm32f4xx_gpio.c...
compiling stm32f4xx_rcc.c...
compiling stm32f4xx_syscfg.c...
compiling stm32f4xx_usart.c...
compiling stm32f4xx_can.c...
compiling stm32f4xx_tim.c...
compiling stm32f4xx_spi.c...
compiling stm32f4xx_dma.c...
compiling task.c...
..\SYSTEM\pid_usart\pid_usart.h(10): warning:  #1295-D: Deprecated declaration send_data - give arg types
  void send_data();
..\APP\point\point.h(4): warning:  #1295-D: Deprecated declaration track_point - give arg types
  void track_point();
..\APP\point\point.h(6): warning:  #1-D: last line of file ends without a newline
  #endif
..\APP\task.c(146): warning:  #223-D: function "use_tracking" declared implicitly
        use_tracking();
..\APP\task.c: 4 warnings, 0 errors
compiling control.c...
compiling protocol.c...
compiling timer2.c...
compiling can1.c...
compiling dma.c...
compiling pstwo.c...
compiling mpu6050.c...
compiling inv_mpu.c...
compiling inv_mpu_dmp_motion_driver.c...
compiling myiic.c...
compiling point.c...
..\APP\point\point.h(4): warning:  #1295-D: Deprecated declaration track_point - give arg types
  void track_point();
..\APP\point\point.h(6): warning:  #1-D: last line of file ends without a newline
  #endif
..\BSP\ALGORITHM\PID.h(52): warning:  #1-D: last line of file ends without a newline
  #endif
..\SYSTEM\pid_usart\pid_usart.h(10): warning:  #1295-D: Deprecated declaration send_data - give arg types
  void send_data();
..\APP\point\point.c(286): warning:  #1-D: last line of file ends without a newline
        
..\APP\point\point.c: 5 warnings, 0 errors
compiling usmart.c...
compiling usmart_config.c...
compiling usmart_str.c...
linking...
Program Size: Code=24560 RO-data=1236 RW-data=736 ZI-data=2128  
FromELF: creating hex file...
"..\OBJ\LED.axf" - 0 Error(s), 10 Warning(s).

<h2>Collection of Component include folders:</h2>
  C:\Users\corre\Desktop\新建文件夹\Tricycle - 2.0\USER\RTE
  C:\ALLENTRY\tool\MDK5\ARM\PACK\Keil\STM32F4xx_DFP\1.0.8\Device\Include

<h2>Collection of Component Files used:</h2>
</pre>
</body>
</html>
