Component: ARM Compiler 5.05 update 1 (build 106) Tool: armlink [4d0efa]

==============================================================================

Section Cross References

    main.o(i.main) refers to delay.o(i.delay_init) for delay_init
    main.o(i.main) refers to task.o(i.BSP_Init) for BSP_Init
    main.o(i.main) refers to task.o(i.Task_1000HZ) for Task_1000HZ
    main.o(i.main) refers to task.o(i.Task_500HZ) for Task_500HZ
    main.o(i.main) refers to task.o(i.Task_250HZ) for Task_250HZ
    main.o(i.main) refers to task.o(i.Task_200HZ) for Task_200HZ
    main.o(i.main) refers to task.o(i.Task_100HZ) for Task_100HZ
    main.o(i.main) refers to task.o(i.Task_50HZ) for Task_50HZ
    main.o(i.main) refers to task.o(i.Task_20HZ) for Task_20HZ
    main.o(i.main) refers to task.o(i.Task_10HZ) for Task_10HZ
    main.o(i.main) refers to task.o(i.Task_1HZ) for Task_1HZ
    main.o(i.main) refers to stm32f4xx_it.o(.data) for Count_1ms
    stm32f4xx_it.o(i.TIM2_IRQHandler) refers to task.o(.data) for Bsp_Int_Ok
    stm32f4xx_it.o(i.TIM2_IRQHandler) refers to timer2.o(.data) for Timer2_Count
    stm32f4xx_it.o(i.TIM2_IRQHandler) refers to stm32f4xx_it.o(.data) for Count_1ms
    system_stm32f4xx.o(i.SystemCoreClockUpdate) refers to system_stm32f4xx.o(.data) for SystemCoreClock
    system_stm32f4xx.o(i.SystemInit) refers to system_stm32f4xx.o(i.SetSysClock) for SetSysClock
    delay.o(i.delay_init) refers to misc.o(i.SysTick_CLKSourceConfig) for SysTick_CLKSourceConfig
    delay.o(i.delay_init) refers to delay.o(.data) for fac_us
    delay.o(i.delay_ms) refers to delay.o(i.delay_xms) for delay_xms
    delay.o(i.delay_us) refers to delay.o(.data) for fac_us
    delay.o(i.delay_xms) refers to delay.o(.data) for fac_ms
    usart.o(.rev16_text) refers (Special) to use_no_semi_2.o(.text) for __use_no_semihosting
    usart.o(.revsh_text) refers (Special) to use_no_semi_2.o(.text) for __use_no_semihosting
    usart.o(i.USART1_IRQHandler) refers (Special) to use_no_semi_2.o(.text) for __use_no_semihosting
    usart.o(i.USART1_IRQHandler) refers to stm32f4xx_usart.o(i.USART_GetITStatus) for USART_GetITStatus
    usart.o(i.USART1_IRQHandler) refers to stm32f4xx_usart.o(i.USART_ReceiveData) for USART_ReceiveData
    usart.o(i.USART1_IRQHandler) refers to usart.o(.data) for USART_RX_STA
    usart.o(i.USART1_IRQHandler) refers to usart.o(.bss) for USART_RX_BUF
    usart.o(i._sys_exit) refers (Special) to use_no_semi_2.o(.text) for __use_no_semihosting
    usart.o(i.fputc) refers (Special) to use_no_semi_2.o(.text) for __use_no_semihosting
    usart.o(i.uart_init) refers (Special) to use_no_semi_2.o(.text) for __use_no_semihosting
    usart.o(i.uart_init) refers to stm32f4xx_rcc.o(i.RCC_AHB1PeriphClockCmd) for RCC_AHB1PeriphClockCmd
    usart.o(i.uart_init) refers to stm32f4xx_rcc.o(i.RCC_APB2PeriphClockCmd) for RCC_APB2PeriphClockCmd
    usart.o(i.uart_init) refers to stm32f4xx_gpio.o(i.GPIO_PinAFConfig) for GPIO_PinAFConfig
    usart.o(i.uart_init) refers to stm32f4xx_gpio.o(i.GPIO_Init) for GPIO_Init
    usart.o(i.uart_init) refers to stm32f4xx_usart.o(i.USART_Init) for USART_Init
    usart.o(i.uart_init) refers to stm32f4xx_usart.o(i.USART_Cmd) for USART_Cmd
    usart.o(i.uart_init) refers to stm32f4xx_usart.o(i.USART_ITConfig) for USART_ITConfig
    usart.o(i.uart_init) refers to misc.o(i.NVIC_Init) for NVIC_Init
    usart.o(.bss) refers (Special) to use_no_semi_2.o(.text) for __use_no_semihosting
    usart.o(.data) refers (Special) to use_no_semi_2.o(.text) for __use_no_semihosting
    action_usart.o(i.Action_uart_init) refers to stm32f4xx_rcc.o(i.RCC_AHB1PeriphClockCmd) for RCC_AHB1PeriphClockCmd
    action_usart.o(i.Action_uart_init) refers to stm32f4xx_rcc.o(i.RCC_APB1PeriphClockCmd) for RCC_APB1PeriphClockCmd
    action_usart.o(i.Action_uart_init) refers to stm32f4xx_gpio.o(i.GPIO_PinAFConfig) for GPIO_PinAFConfig
    action_usart.o(i.Action_uart_init) refers to stm32f4xx_gpio.o(i.GPIO_Init) for GPIO_Init
    action_usart.o(i.Action_uart_init) refers to stm32f4xx_usart.o(i.USART_Init) for USART_Init
    action_usart.o(i.Action_uart_init) refers to stm32f4xx_usart.o(i.USART_Cmd) for USART_Cmd
    action_usart.o(i.Action_uart_init) refers to stm32f4xx_usart.o(i.USART_ITConfig) for USART_ITConfig
    action_usart.o(i.Action_uart_init) refers to misc.o(i.NVIC_Init) for NVIC_Init
    action_usart.o(i.USART3_IRQHandler) refers to stm32f4xx_usart.o(i.USART_GetITStatus) for USART_GetITStatus
    action_usart.o(i.USART3_IRQHandler) refers to stm32f4xx_usart.o(i.USART_ClearITPendingBit) for USART_ClearITPendingBit
    action_usart.o(i.USART3_IRQHandler) refers to stm32f4xx_usart.o(i.USART_ReceiveData) for USART_ReceiveData
    action_usart.o(i.USART3_IRQHandler) refers to action_usart.o(.data) for ch
    action_usart.o(i.USART3_IRQHandler) refers to action_usart.o(.bss) for posture
    pid_usart.o(i.USART2_IRQHandler) refers to stm32f4xx_usart.o(i.USART_GetITStatus) for USART_GetITStatus
[...]
    i.send_data                              0x08004270   Section        0  pid_usart.o(i.send_data)
    i.track_point                            0x08004318   Section        0  point.o(i.track_point)
    i.uart_init                              0x080045f0   Section        0  usart.o(i.uart_init)
    i.use_tracking                           0x0800469c   Section        0  point.o(i.use_tracking)
    i.usmart_cmd_rec                         0x080046b0   Section        0  usmart.o(i.usmart_cmd_rec)
    i.usmart_exe                             0x08004760   Section        0  usmart.o(i.usmart_exe)
    i.usmart_get_aparm                       0x08004a34   Section        0  usmart_str.o(i.usmart_get_aparm)
    i.usmart_get_cmdname                     0x08004afc   Section        0  usmart_str.o(i.usmart_get_cmdname)
    i.usmart_get_fname                       0x08004b34   Section        0  usmart_str.o(i.usmart_get_fname)
    i.usmart_get_fparam                      0x08004cf4   Section        0  usmart_str.o(i.usmart_get_fparam)
    i.usmart_get_parmpos                     0x08004e00   Section        0  usmart_str.o(i.usmart_get_parmpos)
    i.usmart_get_runtime                     0x08004e20   Section        0  usmart.o(i.usmart_get_runtime)
    i.usmart_init                            0x08004e64   Section        0  usmart.o(i.usmart_init)
    i.usmart_pow                             0x08004e8c   Section        0  usmart_str.o(i.usmart_pow)
    i.usmart_reset_runtime                   0x08004ea4   Section        0  usmart.o(i.usmart_reset_runtime)
    i.usmart_scan                            0x08004ed4   Section        0  usmart.o(i.usmart_scan)
    i.usmart_search_nextc                    0x08004f90   Section        0  usmart_str.o(i.usmart_search_nextc)
    i.usmart_str2num                         0x08004fa6   Section        0  usmart_str.o(i.usmart_str2num)
    i.usmart_strcmp                          0x08005070   Section        0  usmart_str.o(i.usmart_strcmp)
    i.usmart_strcopy                         0x08005092   Section        0  usmart_str.o(i.usmart_strcopy)
    i.usmart_strlen                          0x080050a8   Section        0  usmart_str.o(i.usmart_strlen)
    i.usmart_sys_cmd_exe                     0x080050c0   Section        0  usmart.o(i.usmart_sys_cmd_exe)
    i.write_addr                             0x080057a4   Section        0  usmart.o(i.write_addr)
    locale$$code                             0x080057a8   Section       44  lc_numeric_c.o(locale$$code)
    x$fpl$basic                              0x080057d4   Section       24  basic.o(x$fpl$basic)
    $v0                                      0x080057d4   Number         0  basic.o(x$fpl$basic)
    x$fpl$dadd                               0x080057ec   Section      336  daddsub_clz.o(x$fpl$dadd)
    $v0                                      0x080057ec   Number         0  daddsub_clz.o(x$fpl$dadd)
    _dadd1                                   0x080057fd   Thumb Code     0  daddsub_clz.o(x$fpl$dadd)
    x$fpl$ddiv                               0x0800593c   Section      688  ddiv.o(x$fpl$ddiv)
    $v0                                      0x0800593c   Number         0  ddiv.o(x$fpl$ddiv)
    ddiv_entry                               0x08005943   Thumb Code     0  ddiv.o(x$fpl$ddiv)
    x$fpl$dfix                               0x08005bec   Section       94  dfix.o(x$fpl$dfix)
    $v0                                      0x08005bec   Number         0  dfix.o(x$fpl$dfix)
    x$fpl$dflt                               0x08005c4a   Section       46  dflt_clz.o(x$fpl$dflt)
    $v0                                      0x08005c4a   Number         0  dflt_clz.o(x$fpl$dflt)
    x$fpl$dfltu                              0x08005c78   Section       38  dflt_clz.o(x$fpl$dfltu)
    $v0                                      0x08005c78   Number         0  dflt_clz.o(x$fpl$dfltu)
    x$fpl$dmul                               0x08005ca0   Section      340  dmul.o(x$fpl$dmul)
    $v0                                      0x08005ca0   Number         0  dmul.o(x$fpl$dmul)
    x$fpl$dnaninf                            0x08005df4   Section      156  dnaninf.o(x$fpl$dnaninf)
    $v0                                      0x08005df4   Number         0  dnaninf.o(x$fpl$dnaninf)
    x$fpl$dretinf                            0x08005e90   Section       12  dretinf.o(x$fpl$dretinf)
    $v0                                      0x08005e90   Number         0  dretinf.o(x$fpl$dretinf)
    x$fpl$drsb                               0x08005e9c   Section       22  daddsub_clz.o(x$fpl$drsb)
    $v0                                      0x08005e9c   Number         0  daddsub_clz.o(x$fpl$drsb)
    x$fpl$dsub                               0x08005eb4   Section      468  daddsub_clz.o(x$fpl$dsub)
    $v0                                      0x08005eb4   Number         0  daddsub_clz.o(x$fpl$dsub)
    _dsub1                                   0x08005ec5   Thumb Code     0  daddsub_clz.o(x$fpl$dsub)
    x$fpl$f2d                                0x08006088   Section       86  f2d.o(x$fpl$f2d)
    $v0                                      0x08006088   Number         0  f2d.o(x$fpl$f2d)
    x$fpl$fnaninf                            0x080060de   Section      140  fnaninf.o(x$fpl$fnaninf)
    $v0                                      0x080060de   Number         0  fnaninf.o(x$fpl$fnaninf)
    x$fpl$fpinit                             0x0800616a   Section       10  fpinit.o(x$fpl$fpinit)
    $v0                                      0x0800616a   Number         0  fpinit.o(x$fpl$fpinit)
    x$fpl$printf1                            0x08006174   Section        4  printf1.o(x$fpl$printf1)
    $v0                                      0x08006174   Number         0  printf1.o(x$fpl$printf1)
    .constdata                               0x08006178   Section       40  _printf_hex_int.o(.constdata)
    x$fpl$usenofp                            0x08006178   Section        0  usenofp.o(x$fpl$usenofp)
    uc_hextab                                0x08006178   Data          20  _printf_hex_int.o(.constdata)
    lc_hextab                                0x0800618c   Data          20  _printf_hex_int.o(.constdata)
    .constdata                               0x080061a0   Section       17  __printf_flags_ss_wp.o(.constdata)
    maptable                                 0x080061a0   Data          17  __printf_flags_ss_wp.o(.constdata)
    .constdata                               0x080061b8   Section       48  cos_i.o(.constdata)
    C                                        0x080061b8   Data          48  cos_i.o(.constdata)
    .constdata                               0x080061e8   Section      200  rred.o(.constdata)
    pio2s                                    0x080061e8   Data          48  rred.o(.constdata)
    twooverpi                                0x08006218   Data         152  rred.o(.constdata)
    .constdata                               0x080062b0   Section       40  sin_i.o(.constdata)
    S                                        0x080062b0   Data          40  sin_i.o(.constdata)
    .constdata                               0x080062d8   Section      148  bigflt0.o(.constdata)
    tenpwrs_x                                0x080062d8   Data          60  bigflt0.o(.constdata)
    tenpwrs_i                                0x08006314   Data          64  bigflt0.o(.constdata)
    .conststring                             0x0800636c   Section       40  usmart.o(.conststring)
    .conststring                             0x08006394   Section      241  usmart_config.o(.conststring)
    locale$$data                             0x080064a8   Section       28  lc_numeric_c.o(locale$$data)
    __lcnum_c_name                           0x080064ac   Data           2  lc_numeric_c.o(locale$$data)
    __lcnum_c_start                          0x080064b4   Data           0  lc_numeric_c.o(locale$$data)
    __lcnum_c_point                          0x080064c0   Data           0  lc_numeric_c.o(locale$$data)
    __lcnum_c_thousands                      0x080064c2   Data           0  lc_numeric_c.o(locale$$data)
    __lcnum_c_grouping                       0x080064c3   Data           0  lc_numeric_c.o(locale$$data)
    __lcnum_c_end                            0x080064c4   Data           0  lc_numeric_c.o(locale$$data)
    .data                                    0x20000000   Section       12  stm32f4xx_it.o(.data)
    .data                                    0x2000000c   Section        4  delay.o(.data)
    fac_us                                   0x2000000c   Data           1  delay.o(.data)
    fac_ms                                   0x2000000e   Data           2  delay.o(.data)
    .data                                    0x20000010   Section        6  usart.o(.data)
    .data                                    0x20000018   Section       27  action_usart.o(.data)
    ch                                       0x20000030   Data           1  action_usart.o(.data)
    count                                    0x20000031   Data           1  action_usart.o(.data)
    i                                        0x20000032   Data           1  action_usart.o(.data)
    .data                                    0x20000034   Section       47  pid_usart.o(.data)
    ch                                       0x20000060   Data           1  pid_usart.o(.data)
    count                                    0x20000061   Data           1  pid_usart.o(.data)
    i                                        0x20000062   Data           1  pid_usart.o(.data)
    .data                                    0x20000063   Section       16  stm32f4xx_rcc.o(.data)
    APBAHBPrescTable                         0x20000063   Data          16  stm32f4xx_rcc.o(.data)
    .data                                    0x20000073   Section        1  task.o(.data)
    .data                                    0x20000074   Section      184  control.o(.data)
    .data                                    0x2000012c   Section        6  timer2.o(.data)
    .data                                    0x20000132   Section       30  can1.o(.data)
    .data                                    0x20000150   Section       72  point.o(.data)
    .data                                    0x20000198   Section       28  usmart.o(.data)
    .data                                    0x200001b4   Section      300  usmart_config.o(.data)
    .bss                                     0x200002e0   Section      200  usart.o(.bss)
    .bss                                     0x200003a8   Section       24  action_usart.o(.bss)
    posture                                  0x200003a8   Data          24  action_usart.o(.bss)
    .bss                                     0x200003c0   Section       64  pid_usart.o(.bss)
    now_state                                0x200003c0   Data          32  pid_usart.o(.bss)
    posture                                  0x200003e0   Data          32  pid_usart.o(.bss)
    .bss                                     0x20000400   Section       16  can1.o(.bss)
    .bss                                     0x20000410   Section      188  point.o(.bss)
    .bss                                     0x200004cc   Section       96  libspace.o(.bss)
    HEAP                                     0x20000530   Section      512  startup_stm32f40_41xxx.o(HEAP)
    Heap_Mem                                 0x20000530   Data         512  startup_stm32f40_41xxx.o(HEAP)
    STACK                                    0x20000730   Section     1024  startup_stm32f40_41xxx.o(STACK)
    Stack_Mem                                0x20000730   Data        1024  startup_stm32f40_41xxx.o(STACK)
    __initial_sp                             0x20000b30   Data           0  startup_stm32f40_41xxx.o(STACK)

    Global Symbols

    Symbol Name                              Value     Ov Type        Size  Object(Section)

    BuildAttributes$$THM_ISAv4$E$P$D$K$B$S$7EM$VFPi3$EXTD16$VFPS$VFMA$PE$A:L22UL41UL21$X:L11$S22US41US21$IEEE1$IW$USESV6$~STKCKD$USESV7$~SHL$OTIME$ROPI$IEEEX$EBA8$UX$STANDARDLIB$REQ8$PRES8$EABIv2 0x00000000   Number         0  anon$$obj.o ABSOLUTE
    __ARM_use_no_argv                        0x00000000   Number         0  main.o ABSOLUTE
    _printf_flags                            0x00000000   Number         0  printf_stubs.o ABSOLUTE
    _printf_return_value                     0x00000000   Number         0  printf_stubs.o ABSOLUTE
    _printf_sizespec                         0x00000000   Number         0  printf_stubs.o ABSOLUTE
    _printf_widthprec                        0x00000000   Number         0  printf_stubs.o ABSOLUTE
    __ARM_exceptions_init                     - Undefined Weak Reference
    __alloca_initialize                       - Undefined Weak Reference
    __arm_preinit_                            - Undefined Weak Reference
    __cpp_initialize__aeabi_                  - Undefined Weak Reference
    __cxa_finalize                            - Undefined Weak Reference
    __sigvec_lookup                           - Undefined Weak Reference
    _atexit_init                              - Undefined Weak Reference
    _call_atexit_fns                          - Undefined Weak Reference
    _clock_init                               - Undefined Weak Reference
    _fp_trap_init                             - Undefined Weak Reference
    _fp_trap_shutdown                         - Undefined Weak Reference
    _get_lc_collate                           - Undefined Weak Reference
    _get_lc_ctype                             - Undefined Weak Reference
    _get_lc_monetary                          - Undefined Weak Reference
    _get_lc_time                              - Undefined Weak Reference
    _getenv_init                              - Undefined Weak Reference
    _handle_redirection                       - Undefined Weak Reference
    _init_alloc                               - Undefined Weak Reference
    _init_user_alloc                          - Undefined Weak Reference
    _initio                                   - Undefined Weak Reference
    _mutex_acquire                            - Undefined Weak Reference
    _mutex_release                            - Undefined Weak Reference
    _printf_mbtowc                            - Undefined Weak Reference
    _printf_truncate_signed                   - Undefined Weak Reference
    _printf_truncate_unsigned                 - Undefined Weak Reference
    _rand_init                                - Undefined Weak Reference
    _signal_finish                            - Undefined Weak Reference
    _signal_init                              - Undefined Weak Reference
    _terminate_alloc                          - Undefined Weak Reference
    _terminate_user_alloc                     - Undefined Weak Reference
    _terminateio                              - Undefined Weak Reference
    __Vectors_Size                           0x00000188   Number         0  startup_stm32f40_41xxx.o ABSOLUTE
    __Vectors                                0x08000000   Data           4  startup_stm32f40_41xxx.o(RESET)
    __Vectors_End                            0x08000188   Data           0  startup_stm32f40_41xxx.o(RESET)
    __main                                   0x08000189   Thumb Code     8  __main.o(!!!main)
    __scatterload                            0x08000191   Thumb Code     0  __scatter.o(!!!scatter)
    __scatterload_rt2                        0x08000191   Thumb Code    44  __scatter.o(!!!scatter)
    __scatterload_rt2_thumb_only             0x08000191   Thumb Code     0  __scatter.o(!!!scatter)
    __scatterload_null                       0x0800019f   Thumb Code     0  __scatter.o(!!!scatter)
    __decompress                             0x080001c5   Thumb Code    90  __dczerorl2.o(!!dczerorl2)
    __decompress1                            0x080001c5   Thumb Code     0  __dczerorl2.o(!!dczerorl2)
    __scatterload_zeroinit                   0x08000221   Thumb Code    28  __scatter_zi.o(!!handler_zi)
    _printf_f                                0x0800023d   Thumb Code     0  _printf_f.o(.ARM.Collect$$_printf_percent$$00000003)
    _printf_percent                          0x0800023d   Thumb Code     0  _printf_percent.o(.ARM.Collect$$_printf_percent$$00000000)
    _printf_d                                0x08000243   Thumb Code     0  _printf_d.o(.ARM.Collect$$_printf_percent$$00000009)
    _printf_u                                0x08000249   Thumb Code     0  _printf_u.o(.ARM.Collect$$_printf_percent$$0000000A)
    _printf_x                                0x0800024f   Thumb Code     0  _printf_x.o(.ARM.Collect$$_printf_percent$$0000000C)
    _printf_c                                0x08000255   Thumb Code     0  _printf_c.o(.ARM.Collect$$_printf_percent$$00000013)
    _printf_s                                0x0800025b   Thumb Code     0  _printf_s.o(.ARM.Collect$$_printf_percent$$00000014)
    _printf_percent_end                      0x08000261   Thumb Code     0  _printf_percent_end.o(.ARM.Collect$$_printf_percent$$00000017)
    __rt_lib_init                            0x08000265   Thumb Code     0  libinit.o(.ARM.Collect$$libinit$$00000000)
    __rt_lib_init_fp_1                       0x08000267   Thumb Code     0  libinit2.o(.ARM.Collect$$libinit$$00000001)
    __rt_lib_init_heap_1                     0x0800026b   Thumb Code     0  libinit2.o(.ARM.Collect$$libinit$$0000000A)
    __rt_lib_init_lc_common                  0x0800026b   Thumb Code     0  libinit2.o(.ARM.Collect$$libinit$$0000000F)
    __rt_lib_init_preinit_1                  0x0800026b   Thumb Code     0  libinit2.o(.ARM.Collect$$libinit$$00000004)
    __rt_lib_init_rand_1                     0x0800026b   Thumb Code     0  libinit2.o(.ARM.Collect$$libinit$$0000000E)
    __rt_lib_init_user_alloc_1               0x0800026b   Thumb Code     0  libinit2.o(.ARM.Collect$$libinit$$0000000C)
    __rt_lib_init_lc_collate_1               0x08000271   Thumb Code     0  libinit2.o(.ARM.Collect$$libinit$$00000011)
    __rt_lib_init_lc_ctype_1                 0x08000271   Thumb Code     0  libinit2.o(.ARM.Collect$$libinit$$00000013)
    __rt_lib_init_lc_monetary_1              0x08000271   Thumb Code     0  libinit2.o(.ARM.Collect$$libinit$$00000015)
    __rt_lib_init_lc_numeric_2               0x08000271   Thumb Code     0  libinit2.o(.ARM.Collect$$libinit$$00000016)
    __rt_lib_init_alloca_1                   0x0800027b   Thumb Code     0  libinit2.o(.ARM.Collect$$libinit$$0000002E)
    __rt_lib_init_argv_1                     0x0800027b   Thumb Code     0  libinit2.o(.ARM.Collect$$libinit$$0000002C)
    __rt_lib_init_atexit_1                   0x0800027b   Thumb Code     0  libinit2.o(.ARM.Collect$$libinit$$0000001B)
    __rt_lib_init_clock_1                    0x0800027b   Thumb Code     0  libinit2.o(.ARM.Collect$$libinit$$00000021)
    __rt_lib_init_cpp_1                      0x0800027b   Thumb Code     0  libinit2.o(.ARM.Collect$$libinit$$00000032)
    __rt_lib_init_exceptions_1               0x0800027b   Thumb Code     0  libinit2.o(.ARM.Collect$$libinit$$00000030)
    __rt_lib_init_fp_trap_1                  0x0800027b   Thumb Code     0  libinit2.o(.ARM.Collect$$libinit$$0000001F)
    __rt_lib_init_getenv_1                   0x0800027b   Thumb Code     0  libinit2.o(.ARM.Collect$$libinit$$00000023)
    __rt_lib_init_lc_numeric_1               0x0800027b   Thumb Code     0  libinit2.o(.ARM.Collect$$libinit$$00000017)
    __rt_lib_init_lc_time_1                  0x0800027b   Thumb Code     0  libinit2.o(.ARM.Collect$$libinit$$00000019)
    __rt_lib_init_return                     0x0800027b   Thumb Code     0  libinit2.o(.ARM.Collect$$libinit$$00000033)
    __rt_lib_init_signal_1                   0x0800027b   Thumb Code     0  libinit2.o(.ARM.Collect$$libinit$$0000001D)
    __rt_lib_init_stdio_1                    0x0800027b   Thumb Code     0  libinit2.o(.ARM.Collect$$libinit$$00000025)
    __rt_lib_shutdown                        0x0800027d   Thumb Code     0  libshutdown.o(.ARM.Collect$$libshutdown$$00000000)
    __rt_lib_shutdown_fp_trap_1              0x0800027f   Thumb Code     0  libshutdown2.o(.ARM.Collect$$libshutdown$$00000006)
    __rt_lib_shutdown_heap_1                 0x0800027f   Thumb Code     0  libshutdown2.o(.ARM.Collect$$libshutdown$$0000000E)
    __rt_lib_shutdown_return                 0x0800027f   Thumb Code     0  libshutdown2.o(.ARM.Collect$$libshutdown$$0000000F)
    __rt_lib_shutdown_signal_1               0x0800027f   Thumb Code     0  libshutdown2.o(.ARM.Collect$$libshutdown$$00000009)
    __rt_lib_shutdown_stdio_1                0x0800027f   Thumb Code     0  libshutdown2.o(.ARM.Collect$$libshutdown$$00000003)
    __rt_lib_shutdown_user_alloc_1           0x0800027f   Thumb Code     0  libshutdown2.o(.ARM.Collect$$libshutdown$$0000000B)
    __rt_entry                               0x08000281   Thumb Code     0  __rtentry.o(.ARM.Collect$$rtentry$$00000000)
    __rt_entry_presh_1                       0x08000281   Thumb Code     0  __rtentry2.o(.ARM.Collect$$rtentry$$00000002)
    __rt_entry_sh                            0x08000281   Thumb Code     0  __rtentry4.o(.ARM.Collect$$rtentry$$00000004)
    __rt_entry_li                            0x08000287   Thumb Code     0  __rtentry2.o(.ARM.Collect$$rtentry$$0000000A)
    __rt_entry_postsh_1                      0x08000287   Thumb Code     0  __rtentry2.o(.ARM.Collect$$rtentry$$00000009)
    __rt_entry_main                          0x0800028b   Thumb Code     0  __rtentry2.o(.ARM.Collect$$rtentry$$0000000D)
    __rt_entry_postli_1                      0x0800028b   Thumb Code     0  __rtentry2.o(.ARM.Collect$$rtentry$$0000000C)
    __rt_exit                                0x08000293   Thumb Code     0  rtexit.o(.ARM.Collect$$rtexit$$00000000)
    __rt_exit_ls                             0x08000295   Thumb Code     0  rtexit2.o(.ARM.Collect$$rtexit$$00000003)
    __rt_exit_prels_1                        0x08000295   Thumb Code     0  rtexit2.o(.ARM.Collect$$rtexit$$00000002)
    __rt_exit_exit                           0x08000299   Thumb Code     0  rtexit2.o(.ARM.Collect$$rtexit$$00000004)
    Reset_Handler                            0x080002a1   Thumb Code     8  startup_stm32f40_41xxx.o(.text)
    NMI_Handler                              0x080002a9   Thumb Code     2  startup_stm32f40_41xxx.o(.text)
    MemManage_Handler                        0x080002ad   Thumb Code     2  startup_stm32f40_41xxx.o(.text)
    BusFault_Handler                         0x080002af   Thumb Code     2  startup_stm32f40_41xxx.o(.text)
    UsageFault_Handler                       0x080002b1   Thumb Code     2  startup_stm32f40_41xxx.o(.text)
    SVC_Handler                              0x080002b3   Thumb Code     2  startup_stm32f40_41xxx.o(.text)
    DebugMon_Handler                         0x080002b5   Thumb Code     2  startup_stm32f40_41xxx.o(.text)
    PendSV_Handler                           0x080002b7   Thumb Code     2  startup_stm32f40_41xxx.o(.text)
    SysTick_Handler                          0x080002b9   Thumb Code     2  startup_stm32f40_41xxx.o(.text)
    ADC_IRQHandler                           0x080002bb   Thumb Code     0  startup_stm32f40_41xxx.o(.text)
    CAN1_RX1_IRQHandler                      0x080002bb   Thumb Code     0  startup_stm32f40_41xxx.o(.text)
    CAN1_SCE_IRQHandler                      0x080002bb   Thumb Code     0  startup_stm32f40_41xxx.o(.text)
    CAN2_RX0_IRQHandler                      0x080002bb   Thumb Code     0  startup_stm32f40_41xxx.o(.text)
    CAN2_RX1_IRQHandler                      0x080002bb   Thumb Code     0  startup_stm32f40_41xxx.o(.text)
    CAN2_SCE_IRQHandler                      0x080002bb   Thumb Code     0  startup_stm32f40_41xxx.o(.text)
    CAN2_TX_IRQHandler                       0x080002bb   Thumb Code     0  startup_stm32f40_41xxx.o(.text)
    CRYP_IRQHandler                          0x080002bb   Thumb Code     0  startup_stm32f40_41xxx.o(.text)
    DCMI_IRQHandler                          0x080002bb   Thumb Code     0  startup_stm32f40_41xxx.o(.text)
    DMA1_Stream0_IRQHandler                  0x080002bb   Thumb Code     0  startup_stm32f40_41xxx.o(.text)
    DMA1_Stream1_IRQHandler                  0x080002bb   Thumb Code     0  startup_stm32f40_41xxx.o(.text)
    DMA1_Stream2_IRQHandler                  0x080002bb   Thumb Code     0  startup_stm32f40_41xxx.o(.text)
    DMA1_Stream3_IRQHandler                  0x080002bb   Thumb Code     0  startup_stm32f40_41xxx.o(.text)
    DMA1_Stream4_IRQHandler                  0x080002bb   Thumb Code     0  startup_stm32f40_41xxx.o(.text)
    DMA1_Stream5_IRQHandler                  0x080002bb   Thumb Code     0  startup_stm32f40_41xxx.o(.text)
    DMA1_Stream6_IRQHandler                  0x080002bb   Thumb Code     0  startup_stm32f40_41xxx.o(.text)
    DMA1_Stream7_IRQHandler                  0x080002bb   Thumb Code     0  startup_stm32f40_41xxx.o(.text)
    DMA2_Stream0_IRQHandler                  0x080002bb   Thumb Code     0  startup_stm32f40_41xxx.o(.text)
    DMA2_Stream1_IRQHandler                  0x080002bb   Thumb Code     0  startup_stm32f40_41xxx.o(.text)
    DMA2_Stream2_IRQHandler                  0x080002bb   Thumb Code     0  startup_stm32f40_41xxx.o(.text)
    DMA2_Stream3_IRQHandler                  0x080002bb   Thumb Code     0  startup_stm32f40_41xxx.o(.text)
    DMA2_Stream4_IRQHandler                  0x080002bb   Thumb Code     0  startup_stm32f40_41xxx.o(.text)
    DMA2_Stream5_IRQHandler                  0x080002bb   Thumb Code     0  startup_stm32f40_41xxx.o(.text)
    DMA2_Stream6_IRQHandler                  0x080002bb   Thumb Code     0  startup_stm32f40_41xxx.o(.text)
    DMA2_Stream7_IRQHandler                  0x080002bb   Thumb Code     0  startup_stm32f40_41xxx.o(.text)
    ETH_IRQHandler                           0x080002bb   Thumb Code     0  startup_stm32f40_41xxx.o(.text)
    ETH_WKUP_IRQHandler                      0x080002bb   Thumb Code     0  startup_stm32f40_41xxx.o(.text)
    EXTI0_IRQHandler                         0x080002bb   Thumb Code     0  startup_stm32f40_41xxx.o(.text)
    EXTI15_10_IRQHandler                     0x080002bb   Thumb Code     0  startup_stm32f40_41xxx.o(.text)
    EXTI1_IRQHandler                         0x080002bb   Thumb Code     0  startup_stm32f40_41xxx.o(.text)
    EXTI2_IRQHandler                         0x080002bb   Thumb Code     0  startup_stm32f40_41xxx.o(.text)
    EXTI3_IRQHandler                         0x080002bb   Thumb Code     0  startup_stm32f40_41xxx.o(.text)
    EXTI4_IRQHandler                         0x080002bb   Thumb Code     0  startup_stm32f40_41xxx.o(.text)
    EXTI9_5_IRQHandler                       0x080002bb   Thumb Code     0  startup_stm32f40_41xxx.o(.text)
    FLASH_IRQHandler                         0x080002bb   Thumb Code     0  startup_stm32f40_41xxx.o(.text)
    FPU_IRQHandler                           0x080002bb   Thumb Code     0  startup_stm32f40_41xxx.o(.text)
    FSMC_IRQHandler                          0x080002bb   Thumb Code     0  startup_stm32f40_41xxx.o(.text)
    HASH_RNG_IRQHandler                      0x080002bb   Thumb Code     0  startup_stm32f40_41xxx.o(.text)
    I2C1_ER_IRQHandler                       0x080002bb   Thumb Code     0  startup_stm32f40_41xxx.o(.text)
    I2C1_EV_IRQHandler                       0x080002bb   Thumb Code     0  startup_stm32f40_41xxx.o(.text)
    I2C2_ER_IRQHandler                       0x080002bb   Thumb Code     0  startup_stm32f40_41xxx.o(.text)
    I2C2_EV_IRQHandler                       0x080002bb   Thumb Code     0  startup_stm32f40_41xxx.o(.text)
    I2C3_ER_IRQHandler                       0x080002bb   Thumb Code     0  startup_stm32f40_41xxx.o(.text)
    I2C3_EV_IRQHandler                       0x080002bb   Thumb Code     0  startup_stm32f40_41xxx.o(.text)
    OTG_FS_IRQHandler                        0x080002bb   Thumb Code     0  startup_stm32f40_41xxx.o(.text)
    OTG_FS_WKUP_IRQHandler                   0x080002bb   Thumb Code     0  startup_stm32f40_41xxx.o(.text)
    OTG_HS_EP1_IN_IRQHandler                 0x080002bb   Thumb Code     0  startup_stm32f40_41xxx.o(.text)
    OTG_HS_EP1_OUT_IRQHandler                0x080002bb   Thumb Code     0  startup_stm32f40_41xxx.o(.text)
    OTG_HS_IRQHandler                        0x080002bb   Thumb Code     0  startup_stm32f40_41xxx.o(.text)
    OTG_HS_WKUP_IRQHandler                   0x080002bb   Thumb Code     0  startup_stm32f40_41xxx.o(.text)
    PVD_IRQHandler                           0x080002bb   Thumb Code     0  startup_stm32f40_41xxx.o(.text)
    RCC_IRQHandler                           0x080002bb   Thumb Code     0  startup_stm32f40_41xxx.o(.text)
    RTC_Alarm_IRQHandler                     0x080002bb   Thumb Code     0  startup_stm32f40_41xxx.o(.text)
    RTC_WKUP_IRQHandler                      0x080002bb   Thumb Code     0  startup_stm32f40_41xxx.o(.text)
    SDIO_IRQHandler                          0x080002bb   Thumb Code     0  startup_stm32f40_41xxx.o(.text)
    SPI1_IRQHandler                          0x080002bb   Thumb Code     0  startup_stm32f40_41xxx.o(.text)
    SPI2_IRQHandler                          0x080002bb   Thumb Code     0  startup_stm32f40_41xxx.o(.text)
    SPI3_IRQHandler                          0x080002bb   Thumb Code     0  startup_stm32f40_41xxx.o(.text)
    TAMP_STAMP_IRQHandler                    0x080002bb   Thumb Code     0  startup_stm32f40_41xxx.o(.text)
    TIM1_BRK_TIM9_IRQHandler                 0x080002bb   Thumb Code     0  startup_stm32f40_41xxx.o(.text)
    TIM1_CC_IRQHandler                       0x080002bb   Thumb Code     0  startup_stm32f40_41xxx.o(.text)
    TIM1_TRG_COM_TIM11_IRQHandler            0x080002bb   Thumb Code     0  startup_stm32f40_41xxx.o(.text)
    TIM1_UP_TIM10_IRQHandler                 0x080002bb   Thumb Code     0  startup_stm32f40_41xxx.o(.text)
    TIM3_IRQHandler                          0x080002bb   Thumb Code     0  startup_stm32f40_41xxx.o(.text)
    TIM5_IRQHandler                          0x080002bb   Thumb Code     0  startup_stm32f40_41xxx.o(.text)
    TIM6_DAC_IRQHandler                      0x080002bb   Thumb Code     0  startup_stm32f40_41xxx.o(.text)
    TIM7_IRQHandler                          0x080002bb   Thumb Code     0  startup_stm32f40_41xxx.o(.text)
    TIM8_BRK_TIM12_IRQHandler                0x080002bb   Thumb Code     0  startup_stm32f40_41xxx.o(.text)
    TIM8_CC_IRQHandler                       0x080002bb   Thumb Code     0  startup_stm32f40_41xxx.o(.text)
    TIM8_TRG_COM_TIM14_IRQHandler            0x080002bb   Thumb Code     0  startup_stm32f40_41xxx.o(.text)
    TIM8_UP_TIM13_IRQHandler                 0x080002bb   Thumb Code     0  startup_stm32f40_41xxx.o(.text)
    UART4_IRQHandler                         0x080002bb   Thumb Code     0  startup_stm32f40_41xxx.o(.text)
    UART5_IRQHandler                         0x080002bb   Thumb Code     0  startup_stm32f40_41xxx.o(.text)
    USART6_IRQHandler                        0x080002bb   Thumb Code     0  startup_stm32f40_41xxx.o(.text)
    WWDG_IRQHandler                          0x080002bb   Thumb Code     0  startup_stm32f40_41xxx.o(.text)
    __user_initial_stackheap                 0x080002bd   Thumb Code     0  startup_stm32f40_41xxx.o(.text)
    __use_no_semihosting                     0x080002e1   Thumb Code     2  use_no_semi_2.o(.text)
    __2printf                                0x080002e5   Thumb Code    20  noretval__2printf.o(.text)
    _printf_pre_padding                      0x080002fd   Thumb Code    44  _printf_pad.o(.text)
    _printf_post_padding                     0x08000329   Thumb Code    34  _printf_pad.o(.text)
    _printf_str                              0x0800034b   Thumb Code    82  _printf_str.o(.text)
    _printf_int_dec                          0x0800039d   Thumb Code   104  _printf_dec.o(.text)
    _printf_int_hex                          0x08000415   Thumb Code    84  _printf_hex_int.o(.text)
    _printf_longlong_hex                     0x08000415   Thumb Code     0  _printf_hex_int.o(.text)
    __printf                                 0x0800046d   Thumb Code   388  __printf_flags_ss_wp.o(.text)
    __use_two_region_memory                  0x080005f5   Thumb Code     2  heapauxi.o(.text)
    __rt_heap_escrow$2region                 0x080005f7   Thumb Code     2  heapauxi.o(.text)
    __rt_heap_expand$2region                 0x080005f9   Thumb Code     2  heapauxi.o(.text)
    __I$use$semihosting                      0x080005fb   Thumb Code     0  use_no_semi.o(.text)
    __use_no_semihosting_swi                 0x080005fb   Thumb Code     2  use_no_semi.o(.text)
    __read_errno                             0x080005fd   Thumb Code    10  _rserrno.o(.text)
    __set_errno                              0x08000607   Thumb Code    12  _rserrno.o(.text)
    _printf_int_common                       0x08000613   Thumb Code   178  _printf_intcommon.o(.text)
    __lib_sel_fp_printf                      0x080006c5   Thumb Code     2  _printf_fp_dec.o(.text)
    _printf_fp_dec_real                      0x08000873   Thumb Code   620  _printf_fp_dec.o(.text)
    _printf_cs_common                        0x08000adf   Thumb Code    20  _printf_char.o(.text)
    _printf_char                             0x08000af3   Thumb Code    16  _printf_char.o(.text)
    _printf_string                           0x08000b03   Thumb Code     8  _printf_char.o(.text)
    _printf_char_file                        0x08000b0d   Thumb Code    32  _printf_char_file.o(.text)
    __rt_locale                              0x08000b31   Thumb Code     8  rt_locale_intlibspace.o(.text)
    __aeabi_errno_addr                       0x08000b39   Thumb Code     8  rt_errno_addr_intlibspace.o(.text)
    __errno$intlibspace                      0x08000b39   Thumb Code     0  rt_errno_addr_intlibspace.o(.text)
    __rt_errno_addr$intlibspace              0x08000b39   Thumb Code     0  rt_errno_addr_intlibspace.o(.text)
    _ll_udiv10                               0x08000b41   Thumb Code   138  lludiv10.o(.text)
    _printf_char_common                      0x08000bd7   Thumb Code    32  _printf_char_common.o(.text)
    _printf_fp_infnan                        0x08000bfd   Thumb Code   112  _printf_fp_infnan.o(.text)
    _btod_etento                             0x08000c7d   Thumb Code   216  bigflt0.o(.text)
    ferror                                   0x08000d59   Thumb Code     8  ferror.o(.text)
    __user_libspace                          0x08000d61   Thumb Code     8  libspace.o(.text)
    __user_perproc_libspace                  0x08000d61   Thumb Code     0  libspace.o(.text)
    __user_perthread_libspace                0x08000d61   Thumb Code     0  libspace.o(.text)
    __user_setup_stackheap                   0x08000d69   Thumb Code    74  sys_stackheap_outer.o(.text)
    exit                                     0x08000db3   Thumb Code    12  exit.o(.text)
    strcmp                                   0x08000dc1   Thumb Code   128  strcmpv7m.o(.text)
    _btod_d2e                                0x08000e41   Thumb Code    62  btod.o(CL$$btod_d2e)
    _d2e_denorm_low                          0x08000e7f   Thumb Code    70  btod.o(CL$$btod_d2e_denorm_low)
    _d2e_norm_op1                            0x08000ec5   Thumb Code    96  btod.o(CL$$btod_d2e_norm_op1)
    __btod_div_common                        0x08000f25   Thumb Code   696  btod.o(CL$$btod_div_common)
    _e2e                                     0x0800125d   Thumb Code   198  btod.o(CL$$btod_e2e)
    _btod_ediv                               0x08001323   Thumb Code    40  btod.o(CL$$btod_ediv)
    _btod_emul                               0x0800134b   Thumb Code    40  btod.o(CL$$btod_emul)
    __btod_mult_common                       0x08001373   Thumb Code   580  btod.o(CL$$btod_mult_common)
    Action_uart_init                         0x080015b9   Thumb Code   164  action_usart.o(i.Action_uart_init)
    BSP_Init                                 0x08001665   Thumb Code   116  task.o(i.BSP_Init)
    CAN1_Configuration                       0x080016e1   Thumb Code   262  can1.o(i.CAN1_Configuration)
    CAN1_RX0_IRQHandler                      0x080017f1   Thumb Code   516  can1.o(i.CAN1_RX0_IRQHandler)
    CAN1_TX_IRQHandler                       0x08001a11   Thumb Code    28  can1.o(i.CAN1_TX_IRQHandler)
    CAN_ClearITPendingBit                    0x08001a35   Thumb Code   162  stm32f4xx_can.o(i.CAN_ClearITPendingBit)
    CAN_DeInit                               0x08001add   Thumb Code    50  stm32f4xx_can.o(i.CAN_DeInit)
    CAN_FilterInit                           0x08001b15   Thumb Code   258  stm32f4xx_can.o(i.CAN_FilterInit)
    CAN_GetITStatus                          0x08001c1d   Thumb Code   284  stm32f4xx_can.o(i.CAN_GetITStatus)
    CAN_ITConfig                             0x08001d3d   Thumb Code    18  stm32f4xx_can.o(i.CAN_ITConfig)
    CAN_Init                                 0x08001d4f   Thumb Code   276  stm32f4xx_can.o(i.CAN_Init)
    CAN_Receive                              0x08001e63   Thumb Code   240  stm32f4xx_can.o(i.CAN_Receive)
    CAN_RoboModule_DRV_Config                0x08001f55   Thumb Code   118  can1.o(i.CAN_RoboModule_DRV_Config)
    CAN_RoboModule_DRV_Mode_Choice           0x08001fd5   Thumb Code   104  can1.o(i.CAN_RoboModule_DRV_Mode_Choice)
    CAN_RoboModule_DRV_Reset                 0x08002045   Thumb Code   104  can1.o(i.CAN_RoboModule_DRV_Reset)
    CAN_RoboModule_DRV_Velocity_Mode         0x080020b5   Thumb Code   152  can1.o(i.CAN_RoboModule_DRV_Velocity_Mode)
    CAN_StructInit                           0x08002159   Thumb Code    32  stm32f4xx_can.o(i.CAN_StructInit)
    CAN_Transmit                             0x08002179   Thumb Code   294  stm32f4xx_can.o(i.CAN_Transmit)
    GPIO_Init                                0x080022b1   Thumb Code   144  stm32f4xx_gpio.o(i.GPIO_Init)
    GPIO_PinAFConfig                         0x08002341   Thumb Code    70  stm32f4xx_gpio.o(i.GPIO_PinAFConfig)
    HardFault_Handler                        0x08002387   Thumb Code     4  stm32f4xx_it.o(i.HardFault_Handler)
    NVIC_Init                                0x0800238d   Thumb Code   106  misc.o(i.NVIC_Init)
    NVIC_PriorityGroupConfig                 0x08002405   Thumb Code    10  misc.o(i.NVIC_PriorityGroupConfig)
    Nvic_Init                                0x08002419   Thumb Code    70  task.o(i.Nvic_Init)
    PIDInit                                  0x08002461   Thumb Code    46  point.o(i.PIDInit)
    PID_Position_Calc                        0x08002495   Thumb Code   150  point.o(i.PID_Position_Calc)
    RCC_AHB1PeriphClockCmd                   0x0800252d   Thumb Code    26  stm32f4xx_rcc.o(i.RCC_AHB1PeriphClockCmd)
    RCC_APB1PeriphClockCmd                   0x0800254d   Thumb Code    26  stm32f4xx_rcc.o(i.RCC_APB1PeriphClockCmd)
    RCC_APB1PeriphResetCmd                   0x0800256d   Thumb Code    26  stm32f4xx_rcc.o(i.RCC_APB1PeriphResetCmd)
    RCC_APB2PeriphClockCmd                   0x0800258d   Thumb Code    26  stm32f4xx_rcc.o(i.RCC_APB2PeriphClockCmd)
    RCC_APB2PeriphResetCmd                   0x080025ad   Thumb Code    26  stm32f4xx_rcc.o(i.RCC_APB2PeriphResetCmd)
    RCC_GetClocksFreq                        0x080025cd   Thumb Code   214  stm32f4xx_rcc.o(i.RCC_GetClocksFreq)
    SysTick_CLKSourceConfig                  0x080027a1   Thumb Code    40  misc.o(i.SysTick_CLKSourceConfig)
    SystemInit                               0x080027c9   Thumb Code    88  system_stm32f4xx.o(i.SystemInit)
    TIM2_IRQHandler                          0x08002831   Thumb Code   136  stm32f4xx_it.o(i.TIM2_IRQHandler)
    TIM4_IRQHandler                          0x080028e5   Thumb Code    46  usmart.o(i.TIM4_IRQHandler)
    TIM_ClearFlag                            0x0800291d   Thumb Code     6  stm32f4xx_tim.o(i.TIM_ClearFlag)
    TIM_ClearITPendingBit                    0x08002923   Thumb Code     6  stm32f4xx_tim.o(i.TIM_ClearITPendingBit)
    TIM_Cmd                                  0x08002929   Thumb Code    24  stm32f4xx_tim.o(i.TIM_Cmd)
    TIM_DeInit                               0x08002941   Thumb Code   346  stm32f4xx_tim.o(i.TIM_DeInit)
    TIM_GetCounter                           0x08002ad1   Thumb Code     6  stm32f4xx_tim.o(i.TIM_GetCounter)
    TIM_GetFlagStatus                        0x08002ad7   Thumb Code    18  stm32f4xx_tim.o(i.TIM_GetFlagStatus)
    TIM_GetITStatus                          0x08002ae9   Thumb Code    34  stm32f4xx_tim.o(i.TIM_GetITStatus)
    TIM_ITConfig                             0x08002b0b   Thumb Code    18  stm32f4xx_tim.o(i.TIM_ITConfig)
    TIM_SetAutoreload                        0x08002b1d   Thumb Code     4  stm32f4xx_tim.o(i.TIM_SetAutoreload)
    TIM_SetCounter                           0x08002b21   Thumb Code     4  stm32f4xx_tim.o(i.TIM_SetCounter)
    TIM_TimeBaseInit                         0x08002b25   Thumb Code   104  stm32f4xx_tim.o(i.TIM_TimeBaseInit)
    Task_1000HZ                              0x08002ba9   Thumb Code     2  task.o(i.Task_1000HZ)
    Task_100HZ                               0x08002bad   Thumb Code   202  task.o(i.Task_100HZ)
    Task_10HZ                                0x08002cd1   Thumb Code     2  task.o(i.Task_10HZ)
    Task_1HZ                                 0x08002cd3   Thumb Code     2  task.o(i.Task_1HZ)
    Task_200HZ                               0x08002cd5   Thumb Code     2  task.o(i.Task_200HZ)
    Task_20HZ                                0x08002cd7   Thumb Code     2  task.o(i.Task_20HZ)
    Task_250HZ                               0x08002cd9   Thumb Code     2  task.o(i.Task_250HZ)
    Task_500HZ                               0x08002cdb   Thumb Code     2  task.o(i.Task_500HZ)
    Task_50HZ                                0x08002cdd   Thumb Code     8  task.o(i.Task_50HZ)
    Timer2_Init                              0x08002ce5   Thumb Code    82  timer2.o(i.Timer2_Init)
    Timer4_Init                              0x08002d3d   Thumb Code    86  usmart.o(i.Timer4_Init)
    USART1_IRQHandler                        0x08002d99   Thumb Code   122  usart.o(i.USART1_IRQHandler)
    USART2_IRQHandler                        0x08002e21   Thumb Code   334  pid_usart.o(i.USART2_IRQHandler)
    USART3_IRQHandler                        0x08002fa9   Thumb Code   304  action_usart.o(i.USART3_IRQHandler)
    USART_ClearITPendingBit                  0x08003105   Thumb Code    30  stm32f4xx_usart.o(i.USART_ClearITPendingBit)
    USART_Cmd                                0x08003123   Thumb Code    24  stm32f4xx_usart.o(i.USART_Cmd)
    USART_GetFlagStatus                      0x0800313b   Thumb Code    26  stm32f4xx_usart.o(i.USART_GetFlagStatus)
    USART_GetITStatus                        0x08003155   Thumb Code    84  stm32f4xx_usart.o(i.USART_GetITStatus)
    USART_ITConfig                           0x080031a9   Thumb Code    74  stm32f4xx_usart.o(i.USART_ITConfig)
    USART_Init                               0x080031f5   Thumb Code   204  stm32f4xx_usart.o(i.USART_Init)
    USART_ReceiveData                        0x080032c9   Thumb Code    10  stm32f4xx_usart.o(i.USART_ReceiveData)
    USART_SendData                           0x080032d3   Thumb Code     8  stm32f4xx_usart.o(i.USART_SendData)
    World_Kinematic_Analysis                 0x080032dd   Thumb Code   682  control.o(i.World_Kinematic_Analysis)
    __ARM_fpclassify                         0x080035a1   Thumb Code    48  fpclassify.o(i.__ARM_fpclassify)
    __hardfp_cos                             0x080035d1   Thumb Code   180  cos.o(i.__hardfp_cos)
    __hardfp_sin                             0x08003699   Thumb Code   180  sin.o(i.__hardfp_sin)
    __ieee754_rem_pio2                       0x08003761   Thumb Code   938  rred.o(i.__ieee754_rem_pio2)
    __kernel_cos                             0x08003b99   Thumb Code   322  cos_i.o(i.__kernel_cos)
    __kernel_poly                            0x08003d09   Thumb Code   248  poly.o(i.__kernel_poly)
    __kernel_sin                             0x08003e01   Thumb Code   280  sin_i.o(i.__kernel_sin)
    __mathlib_dbl_infnan                     0x08003f31   Thumb Code    20  dunder.o(i.__mathlib_dbl_infnan)
    __mathlib_dbl_invalid                    0x08003f49   Thumb Code    24  dunder.o(i.__mathlib_dbl_invalid)
    __mathlib_dbl_underflow                  0x08003f69   Thumb Code    24  dunder.o(i.__mathlib_dbl_underflow)
    _is_digit                                0x08003f89   Thumb Code    14  __printf_wp.o(i._is_digit)
    _sys_exit                                0x08003f97   Thumb Code     4  usart.o(i._sys_exit)
    delay_init                               0x08003f9d   Thumb Code    52  delay.o(i.delay_init)
    delay_ms                                 0x08003fd9   Thumb Code    56  delay.o(i.delay_ms)
    delay_us                                 0x08004011   Thumb Code    72  delay.o(i.delay_us)
    delay_xms                                0x0800405d   Thumb Code    72  delay.o(i.delay_xms)
    fabs                                     0x080040a9   Thumb Code    24  fabs.o(i.fabs)
    fputc                                    0x080040c1   Thumb Code    22  usart.o(i.fputc)
    goal_set                                 0x080040dd   Thumb Code     2  task.o(i.goal_set)
    main                                     0x080040e1   Thumb Code   178  main.o(i.main)
    pid_position_set                         0x080041b9   Thumb Code     2  task.o(i.pid_position_set)
    pid_uart_init                            0x080041bd   Thumb Code   162  pid_usart.o(i.pid_uart_init)
    pid_yaw_set                              0x08004269   Thumb Code     2  task.o(i.pid_yaw_set)
    read_addr                                0x0800426b   Thumb Code     6  usmart.o(i.read_addr)
    send_data                                0x08004271   Thumb Code   152  pid_usart.o(i.send_data)
    track_point                              0x08004319   Thumb Code   652  point.o(i.track_point)
    uart_init                                0x080045f1   Thumb Code   164  usart.o(i.uart_init)
    use_tracking                             0x0800469d   Thumb Code    16  point.o(i.use_tracking)
    usmart_cmd_rec                           0x080046b1   Thumb Code   170  usmart.o(i.usmart_cmd_rec)
    usmart_exe                               0x08004761   Thumb Code   632  usmart.o(i.usmart_exe)
    usmart_get_aparm                         0x08004a35   Thumb Code   200  usmart_str.o(i.usmart_get_aparm)
    usmart_get_cmdname                       0x08004afd   Thumb Code    54  usmart_str.o(i.usmart_get_cmdname)
    usmart_get_fname                         0x08004b35   Thumb Code   440  usmart_str.o(i.usmart_get_fname)
    usmart_get_fparam                        0x08004cf5   Thumb Code   262  usmart_str.o(i.usmart_get_fparam)
    usmart_get_parmpos                       0x08004e01   Thumb Code    26  usmart_str.o(i.usmart_get_parmpos)
    usmart_get_runtime                       0x08004e21   Thumb Code    60  usmart.o(i.usmart_get_runtime)
    usmart_init                              0x08004e65   Thumb Code    36  usmart.o(i.usmart_init)
    usmart_pow                               0x08004e8d   Thumb Code    22  usmart_str.o(i.usmart_pow)
    usmart_reset_runtime                     0x08004ea5   Thumb Code    38  usmart.o(i.usmart_reset_runtime)
    usmart_scan                              0x08004ed5   Thumb Code   120  usmart.o(i.usmart_scan)
    usmart_search_nextc                      0x08004f91   Thumb Code    22  usmart_str.o(i.usmart_search_nextc)
    usmart_str2num                           0x08004fa7   Thumb Code   202  usmart_str.o(i.usmart_str2num)
    usmart_strcmp                            0x08005071   Thumb Code    34  usmart_str.o(i.usmart_strcmp)
    usmart_strcopy                           0x08005093   Thumb Code    22  usmart_str.o(i.usmart_strcopy)
    usmart_strlen                            0x080050a9   Thumb Code    24  usmart_str.o(i.usmart_strlen)
    usmart_sys_cmd_exe                       0x080050c1   Thumb Code  1554  usmart.o(i.usmart_sys_cmd_exe)
    write_addr                               0x080057a5   Thumb Code     4  usmart.o(i.write_addr)
    _get_lc_numeric                          0x080057a9   Thumb Code    44  lc_numeric_c.o(locale$$code)
    __aeabi_dneg                             0x080057d5   Thumb Code     0  basic.o(x$fpl$basic)
    _dneg                                    0x080057d5   Thumb Code     6  basic.o(x$fpl$basic)
    __aeabi_fneg                             0x080057db   Thumb Code     0  basic.o(x$fpl$basic)
    _fneg                                    0x080057db   Thumb Code     6  basic.o(x$fpl$basic)
    _dabs                                    0x080057e1   Thumb Code     6  basic.o(x$fpl$basic)
    _fabs                                    0x080057e7   Thumb Code     6  basic.o(x$fpl$basic)
    __aeabi_dadd                             0x080057ed   Thumb Code     0  daddsub_clz.o(x$fpl$dadd)
    _dadd                                    0x080057ed   Thumb Code   332  daddsub_clz.o(x$fpl$dadd)
    __aeabi_ddiv                             0x0800593d   Thumb Code     0  ddiv.o(x$fpl$ddiv)
    _ddiv                                    0x0800593d   Thumb Code   552  ddiv.o(x$fpl$ddiv)
    __aeabi_d2iz                             0x08005bed   Thumb Code     0  dfix.o(x$fpl$dfix)
    _dfix                                    0x08005bed   Thumb Code    94  dfix.o(x$fpl$dfix)
    __aeabi_i2d                              0x08005c4b   Thumb Code     0  dflt_clz.o(x$fpl$dflt)
    _dflt                                    0x08005c4b   Thumb Code    46  dflt_clz.o(x$fpl$dflt)
    __aeabi_ui2d                             0x08005c79   Thumb Code     0  dflt_clz.o(x$fpl$dfltu)
    _dfltu                                   0x08005c79   Thumb Code    38  dflt_clz.o(x$fpl$dfltu)
    __aeabi_dmul                             0x08005ca1   Thumb Code     0  dmul.o(x$fpl$dmul)
    _dmul                                    0x08005ca1   Thumb Code   332  dmul.o(x$fpl$dmul)
    __fpl_dnaninf                            0x08005df5   Thumb Code   156  dnaninf.o(x$fpl$dnaninf)
    __fpl_dretinf                            0x08005e91   Thumb Code    12  dretinf.o(x$fpl$dretinf)
    __aeabi_drsub                            0x08005e9d   Thumb Code     0  daddsub_clz.o(x$fpl$drsb)
    _drsb                                    0x08005e9d   Thumb Code    22  daddsub_clz.o(x$fpl$drsb)
    __aeabi_dsub                             0x08005eb5   Thumb Code     0  daddsub_clz.o(x$fpl$dsub)
    _dsub                                    0x08005eb5   Thumb Code   464  daddsub_clz.o(x$fpl$dsub)
    __aeabi_f2d                              0x08006089   Thumb Code     0  f2d.o(x$fpl$f2d)
    _f2d                                     0x08006089   Thumb Code    86  f2d.o(x$fpl$f2d)
    __fpl_fnaninf                            0x080060df   Thumb Code   140  fnaninf.o(x$fpl$fnaninf)
    _fp_init                                 0x0800616b   Thumb Code    10  fpinit.o(x$fpl$fpinit)
    __fplib_config_fpu_vfp                   0x08006173   Thumb Code     0  fpinit.o(x$fpl$fpinit)
    __fplib_config_pureend_doubles           0x08006173   Thumb Code     0  fpinit.o(x$fpl$fpinit)
    _printf_fp_dec                           0x08006175   Thumb Code     4  printf1.o(x$fpl$printf1)
    __I$use$fp                               0x08006178   Number         0  usenofp.o(x$fpl$usenofp)
    Region$$Table$$Base                      0x08006488   Number         0  anon$$obj.o(Region$$Table)
    Region$$Table$$Limit                     0x080064a8   Number         0  anon$$obj.o(Region$$Table)
    Count_1ms                                0x20000000   Data           1  stm32f4xx_it.o(.data)
    Count_2ms                                0x20000001   Data           1  stm32f4xx_it.o(.data)
    Count_4ms                                0x20000002   Data           1  stm32f4xx_it.o(.data)
    Count_5ms                                0x20000003   Data           1  stm32f4xx_it.o(.data)
    Count_10ms                               0x20000004   Data           1  stm32f4xx_it.o(.data)
    Count_20ms                               0x20000005   Data           1  stm32f4xx_it.o(.data)
    Count_50ms                               0x20000006   Data           1  stm32f4xx_it.o(.data)
    Count_100ms                              0x20000007   Data           1  stm32f4xx_it.o(.data)
    Count_1000ms                             0x20000008   Data           4  stm32f4xx_it.o(.data)
    __stdout                                 0x20000010   Data           4  usart.o(.data)
    USART_RX_STA                             0x20000014   Data           2  usart.o(.data)
    pos_x                                    0x20000018   Data           4  action_usart.o(.data)
    pos_y                                    0x2000001c   Data           4  action_usart.o(.data)
    zangle                                   0x20000020   Data           4  action_usart.o(.data)
    xangle                                   0x20000024   Data           4  action_usart.o(.data)
    yangle                                   0x20000028   Data           4  action_usart.o(.data)
    w_z                                      0x2000002c   Data           4  action_usart.o(.data)
    USART2_RX_STA                            0x20000034   Data           1  pid_usart.o(.data)
    p1                                       0x20000038   Data           4  pid_usart.o(.data)
    i1                                       0x2000003c   Data           4  pid_usart.o(.data)
    d1                                       0x20000040   Data           4  pid_usart.o(.data)
    p2                                       0x20000044   Data           4  pid_usart.o(.data)
    i2                                       0x20000048   Data           4  pid_usart.o(.data)
    d2                                       0x2000004c   Data           4  pid_usart.o(.data)
    t1                                       0x20000050   Data           4  pid_usart.o(.data)
    t2                                       0x20000054   Data           4  pid_usart.o(.data)
    n1                                       0x20000058   Data           4  pid_usart.o(.data)
    n2                                       0x2000005c   Data           4  pid_usart.o(.data)
    Bsp_Int_Ok                               0x20000073   Data           1  task.o(.data)
    Vx                                       0x20000074   Data           4  control.o(.data)
    Vy                                       0x20000078   Data           4  control.o(.data)
    Vz                                       0x2000007c   Data           4  control.o(.data)
    Px                                       0x20000080   Data           4  control.o(.data)
    Py                                       0x20000084   Data           4  control.o(.data)
    Pz                                       0x20000088   Data           4  control.o(.data)
    PVx                                      0x2000008c   Data           4  control.o(.data)
    PVy                                      0x20000090   Data           4  control.o(.data)
    PVz                                      0x20000094   Data           4  control.o(.data)
    Motor_A                                  0x20000098   Data           4  control.o(.data)
    Motor_B                                  0x2000009c   Data           4  control.o(.data)
    Motor_C                                  0x200000a0   Data           4  control.o(.data)
    key                                      0x200000a4   Data           1  control.o(.data)
    mode                                     0x200000a5   Data           1  control.o(.data)
    start_encoder                            0x200000a8   Data           8  control.o(.data)
    target_encoder                           0x200000b0   Data           8  control.o(.data)
    start_angle                              0x200000b8   Data           4  control.o(.data)
    target_angle                             0x200000bc   Data           4  control.o(.data)
    running                                  0x200000c0   Data           4  control.o(.data)
    step                                     0x200000c4   Data           4  control.o(.data)
    error                                    0x200000c8   Data           4  control.o(.data)
    acc_flag                                 0x200000cc   Data           4  control.o(.data)
    break_flag                               0x200000d0   Data           4  control.o(.data)
    sigmoid_count                            0x200000d4   Data           4  control.o(.data)
    sigmoid                                  0x200000d8   Data          84  control.o(.data)
    Timer2_Count                             0x2000012c   Data           4  timer2.o(.data)
    Timer2_Frequency                         0x20000130   Data           2  timer2.o(.data)
    can_tx_success_flag                      0x20000132   Data           1  can1.o(.data)
    Real_Current_Value                       0x20000134   Data           8  can1.o(.data)
    Real_Velocity_Value                      0x2000013c   Data           8  can1.o(.data)
    Real_Online                              0x20000144   Data           4  can1.o(.data)
    Real_Ctl1_Value                          0x20000148   Data           4  can1.o(.data)
    Real_Ctl2_Value                          0x2000014c   Data           4  can1.o(.data)
    init                                     0x20000150   Data           1  point.o(.data)
    continue_run_flag                        0x20000151   Data           1  point.o(.data)
    point                                    0x20000154   Data          64  point.o(.data)
    count                                    0x20000194   Data           4  point.o(.data)
    sys_cmd_tab                              0x20000198   Data          28  usmart.o(.data)
    usmart_nametab                           0x200001b4   Data          56  usmart_config.o(.data)
    usmart_dev                               0x200001ec   Data         244  usmart_config.o(.data)
    USART_RX_BUF                             0x200002e0   Data         200  usart.o(.bss)
    Real_Position_Value                      0x20000400   Data          16  can1.o(.bss)
    last_speed                               0x20000410   Data          12  point.o(.bss)
    pid_yaw                                  0x2000041c   Data          40  point.o(.bss)
    pid_x                                    0x20000444   Data          40  point.o(.bss)
    pid_y                                    0x2000046c   Data          40  point.o(.bss)
    pid_position                             0x20000494   Data          40  point.o(.bss)
    goal_errors                              0x200004bc   Data          16  point.o(.bss)
    __libspace_start                         0x200004cc   Data          96  libspace.o(.bss)
    __temporary_stack_top$libspace           0x2000052c   Data           0  libspace.o(.bss)



==============================================================================

Memory Map of the image

  Image Entry point : 0x08000189

  Load Region LR_IROM1 (Base: 0x08000000, Size: 0x000067a4, Max: 0x00100000, ABSOLUTE, COMPRESSED[0x000065a4])

    Execution Region ER_IROM1 (Base: 0x08000000, Size: 0x000064c4, Max: 0x00100000, ABSOLUTE)

    Base Addr    Size         Type   Attr      Idx    E Section Name        Object

    0x08000000   0x00000188   Data   RO          430    RESET               startup_stm32f40_41xxx.o
    0x08000188   0x00000008   Code   RO         3667  * !!!main             c_w.l(__main.o)
    0x08000190   0x00000034   Code   RO         4064    !!!scatter          c_w.l(__scatter.o)
    0x080001c4   0x0000005a   Code   RO         4062    !!dczerorl2         c_w.l(__dczerorl2.o)
    0x0800021e   0x00000002   PAD
    0x08000220   0x0000001c   Code   RO         4066    !!handler_zi        c_w.l(__scatter_zi.o)
    0x0800023c   0x00000000   Code   RO         3660    .ARM.Collect$$_printf_percent$$00000000  c_w.l(_printf_percent.o)
    0x0800023c   0x00000006   Code   RO         3659    .ARM.Collect$$_printf_percent$$00000003  c_w.l(_printf_f.o)
    0x08000242   0x00000006   Code   RO         3657    .ARM.Collect$$_printf_percent$$00000009  c_w.l(_printf_d.o)
    0x08000248   0x00000006   Code   RO         3658    .ARM.Collect$$_printf_percent$$0000000A  c_w.l(_printf_u.o)
    0x0800024e   0x00000006   Code   RO         3656    .ARM.Collect$$_printf_percent$$0000000C  c_w.l(_printf_x.o)
    0x08000254   0x00000006   Code   RO         3654    .ARM.Collect$$_printf_percent$$00000013  c_w.l(_printf_c.o)
    0x0800025a   0x00000006   Code   RO         3655    .ARM.Collect$$_printf_percent$$00000014  c_w.l(_printf_s.o)
    0x08000260   0x00000004   Code   RO         3776    .ARM.Collect$$_printf_percent$$00000017  c_w.l(_printf_percent_end.o)
    0x08000264   0x00000002   Code   RO         3936    .ARM.Collect$$libinit$$00000000  c_w.l(libinit.o)
    0x08000266   0x00000004   Code   RO         3937    .ARM.Collect$$libinit$$00000001  c_w.l(libinit2.o)
    0x0800026a   0x00000000   Code   RO         3940    .ARM.Collect$$libinit$$00000004  c_w.l(libinit2.o)
    0x0800026a   0x00000000   Code   RO         3943    .ARM.Collect$$libinit$$0000000A  c_w.l(libinit2.o)
    0x0800026a   0x00000000   Code   RO         3945    .ARM.Collect$$libinit$$0000000C  c_w.l(libinit2.o)
    0x0800026a   0x00000000   Code   RO         3947    .ARM.Collect$$libinit$$0000000E  c_w.l(libinit2.o)
    0x0800026a   0x00000006   Code   RO         3948    .ARM.Collect$$libinit$$0000000F  c_w.l(libinit2.o)
    0x08000270   0x00000000   Code   RO         3950    .ARM.Collect$$libinit$$00000011  c_w.l(libinit2.o)
    0x08000270   0x00000000   Code   RO         3952    .ARM.Collect$$libinit$$00000013  c_w.l(libinit2.o)
    0x08000270   0x00000000   Code   RO         3954    .ARM.Collect$$libinit$$00000015  c_w.l(libinit2.o)
    0x08000270   0x0000000a   Code   RO         3955    .ARM.Collect$$libinit$$00000016  c_w.l(libinit2.o)
    0x0800027a   0x00000000   Code   RO         3956    .ARM.Collect$$libinit$$00000017  c_w.l(libinit2.o)
    0x0800027a   0x00000000   Code   RO         3958    .ARM.Collect$$libinit$$00000019  c_w.l(libinit2.o)
    0x0800027a   0x00000000   Code   RO         3960    .ARM.Collect$$libinit$$0000001B  c_w.l(libinit2.o)
    0x0800027a   0x00000000   Code   RO         3962    .ARM.Collect$$libinit$$0000001D  c_w.l(libinit2.o)
    0x0800027a   0x00000000   Code   RO         3964    .ARM.Collect$$libinit$$0000001F  c_w.l(libinit2.o)
    0x0800027a   0x00000000   Code   RO         3966    .ARM.Collect$$libinit$$00000021  c_w.l(libinit2.o)
    0x0800027a   0x00000000   Code   RO         3968    .ARM.Collect$$libinit$$00000023  c_w.l(libinit2.o)
    0x0800027a   0x00000000   Code   RO         3970    .ARM.Collect$$libinit$$00000025  c_w.l(libinit2.o)
    0x0800027a   0x00000000   Code   RO         3974    .ARM.Collect$$libinit$$0000002C  c_w.l(libinit2.o)
    0x0800027a   0x00000000   Code   RO         3976    .ARM.Collect$$libinit$$0000002E  c_w.l(libinit2.o)
    0x0800027a   0x00000000   Code   RO         3978    .ARM.Collect$$libinit$$00000030  c_w.l(libinit2.o)
    0x0800027a   0x00000000   Code   RO         3980    .ARM.Collect$$libinit$$00000032  c_w.l(libinit2.o)
    0x0800027a   0x00000002   Code   RO         3981    .ARM.Collect$$libinit$$00000033  c_w.l(libinit2.o)
    0x0800027c   0x00000002   Code   RO         4023    .ARM.Collect$$libshutdown$$00000000  c_w.l(libshutdown.o)
    0x0800027e   0x00000000   Code   RO         4033    .ARM.Collect$$libshutdown$$00000003  c_w.l(libshutdown2.o)
    0x0800027e   0x00000000   Code   RO         4036    .ARM.Collect$$libshutdown$$00000006  c_w.l(libshutdown2.o)
    0x0800027e   0x00000000   Code   RO         4039    .ARM.Collect$$libshutdown$$00000009  c_w.l(libshutdown2.o)
    0x0800027e   0x00000000   Code   RO         4041    .ARM.Collect$$libshutdown$$0000000B  c_w.l(libshutdown2.o)
    0x0800027e   0x00000000   Code   RO         4044    .ARM.Collect$$libshutdown$$0000000E  c_w.l(libshutdown2.o)
    0x0800027e   0x00000002   Code   RO         4045    .ARM.Collect$$libshutdown$$0000000F  c_w.l(libshutdown2.o)
    0x08000280   0x00000000   Code   RO         3763    .ARM.Collect$$rtentry$$00000000  c_w.l(__rtentry.o)
    0x08000280   0x00000000   Code   RO         3846    .ARM.Collect$$rtentry$$00000002  c_w.l(__rtentry2.o)
    0x08000280   0x00000006   Code   RO         3858    .ARM.Collect$$rtentry$$00000004  c_w.l(__rtentry4.o)
    0x08000286   0x00000000   Code   RO         3848    .ARM.Collect$$rtentry$$00000009  c_w.l(__rtentry2.o)
    0x08000286   0x00000004   Code   RO         3849    .ARM.Collect$$rtentry$$0000000A  c_w.l(__rtentry2.o)
    0x0800028a   0x00000000   Code   RO         3851    .ARM.Collect$$rtentry$$0000000C  c_w.l(__rtentry2.o)
    0x0800028a   0x00000008   Code   RO         3852    .ARM.Collect$$rtentry$$0000000D  c_w.l(__rtentry2.o)
    0x08000292   0x00000002   Code   RO         3982    .ARM.Collect$$rtexit$$00000000  c_w.l(rtexit.o)
    0x08000294   0x00000000   Code   RO         3993    .ARM.Collect$$rtexit$$00000002  c_w.l(rtexit2.o)
    0x08000294   0x00000004   Code   RO         3994    .ARM.Collect$$rtexit$$00000003  c_w.l(rtexit2.o)
    0x08000298   0x00000006   Code   RO         3995    .ARM.Collect$$rtexit$$00000004  c_w.l(rtexit2.o)
    0x0800029e   0x00000002   PAD
    0x080002a0   0x00000040   Code   RO          431    .text               startup_stm32f40_41xxx.o
    0x080002e0   0x00000002   Code   RO         3597    .text               c_w.l(use_no_semi_2.o)
    0x080002e2   0x00000002   PAD
    0x080002e4   0x00000018   Code   RO         3603    .text               c_w.l(noretval__2printf.o)
    0x080002fc   0x0000004e   Code   RO         3607    .text               c_w.l(_printf_pad.o)
    0x0800034a   0x00000052   Code   RO         3609    .text               c_w.l(_printf_str.o)
    0x0800039c   0x00000078   Code   RO         3611    .text               c_w.l(_printf_dec.o)
    0x08000414   0x00000058   Code   RO         3616    .text               c_w.l(_printf_hex_int.o)
    0x0800046c   0x00000188   Code   RO         3651    .text               c_w.l(__printf_flags_ss_wp.o)
    0x080005f4   0x00000006   Code   RO         3665    .text               c_w.l(heapauxi.o)
    0x080005fa   0x00000002   Code   RO         3761    .text               c_w.l(use_no_semi.o)
    0x080005fc   0x00000016   Code   RO         3766    .text               c_w.l(_rserrno.o)
    0x08000612   0x000000b2   Code   RO         3768    .text               c_w.l(_printf_intcommon.o)
    0x080006c4   0x0000041a   Code   RO         3770    .text               c_w.l(_printf_fp_dec.o)
    0x08000ade   0x0000002c   Code   RO         3772    .text               c_w.l(_printf_char.o)
    0x08000b0a   0x00000002   PAD
    0x08000b0c   0x00000024   Code   RO         3774    .text               c_w.l(_printf_char_file.o)
    0x08000b30   0x00000008   Code   RO         3867    .text               c_w.l(rt_locale_intlibspace.o)
    0x08000b38   0x00000008   Code   RO         3872    .text               c_w.l(rt_errno_addr_intlibspace.o)
    0x08000b40   0x0000008a   Code   RO         3874    .text               c_w.l(lludiv10.o)
    0x08000bca   0x00000002   PAD
    0x08000bcc   0x00000030   Code   RO         3876    .text               c_w.l(_printf_char_common.o)
    0x08000bfc   0x00000080   Code   RO         3878    .text               c_w.l(_printf_fp_infnan.o)
    0x08000c7c   0x000000dc   Code   RO         3880    .text               c_w.l(bigflt0.o)
    0x08000d58   0x00000008   Code   RO         3905    .text               c_w.l(ferror.o)
    0x08000d60   0x00000008   Code   RO         3918    .text               c_w.l(libspace.o)
    0x08000d68   0x0000004a   Code   RO         3921    .text               c_w.l(sys_stackheap_outer.o)
    0x08000db2   0x0000000c   Code   RO         3927    .text               c_w.l(exit.o)
    0x08000dbe   0x00000002   PAD
    0x08000dc0   0x00000080   Code   RO         3929    .text               c_w.l(strcmpv7m.o)
    0x08000e40   0x0000003e   Code   RO         3883    CL$$btod_d2e        c_w.l(btod.o)
    0x08000e7e   0x00000046   Code   RO         3885    CL$$btod_d2e_denorm_low  c_w.l(btod.o)
    0x08000ec4   0x00000060   Code   RO         3884    CL$$btod_d2e_norm_op1  c_w.l(btod.o)
    0x08000f24   0x00000338   Code   RO         3893    CL$$btod_div_common  c_w.l(btod.o)
    0x0800125c   0x000000c6   Code   RO         3890    CL$$btod_e2e        c_w.l(btod.o)
    0x08001322   0x00000028   Code   RO         3887    CL$$btod_ediv       c_w.l(btod.o)
    0x0800134a   0x00000028   Code   RO         3886    CL$$btod_emul       c_w.l(btod.o)
    0x08001372   0x00000244   Code   RO         3892    CL$$btod_mult_common  c_w.l(btod.o)
    0x080015b6   0x00000002   PAD
    0x080015b8   0x000000ac   Code   RO          350    i.Action_uart_init  action_usart.o
    0x08001664   0x0000007c   Code   RO         2174    i.BSP_Init          task.o
    0x080016e0   0x00000110   Code   RO         2435    i.CAN1_Configuration  can1.o
    0x080017f0   0x00000220   Code   RO         2436    i.CAN1_RX0_IRQHandler  can1.o
    0x08001a10   0x00000024   Code   RO         2437    i.CAN1_TX_IRQHandler  can1.o
    0x08001a34   0x000000a8   Code   RO         1159    i.CAN_ClearITPendingBit  stm32f4xx_can.o
    0x08001adc   0x00000038   Code   RO         1161    i.CAN_DeInit        stm32f4xx_can.o
    0x08001b14   0x00000108   Code   RO         1163    i.CAN_FilterInit    stm32f4xx_can.o
    0x08001c1c   0x00000120   Code   RO         1165    i.CAN_GetITStatus   stm32f4xx_can.o
    0x08001d3c   0x00000012   Code   RO         1169    i.CAN_ITConfig      stm32f4xx_can.o
    0x08001d4e   0x00000114   Code   RO         1170    i.CAN_Init          stm32f4xx_can.o
    0x08001e62   0x000000f0   Code   RO         1173    i.CAN_Receive       stm32f4xx_can.o
    0x08001f52   0x00000002   PAD
    0x08001f54   0x00000080   Code   RO         2438    i.CAN_RoboModule_DRV_Config  can1.o
    0x08001fd4   0x00000070   Code   RO         2443    i.CAN_RoboModule_DRV_Mode_Choice  can1.o
    0x08002044   0x00000070   Code   RO         2447    i.CAN_RoboModule_DRV_Reset  can1.o
    0x080020b4   0x000000a4   Code   RO         2448    i.CAN_RoboModule_DRV_Velocity_Mode  can1.o
    0x08002158   0x00000020   Code   RO         1176    i.CAN_StructInit    stm32f4xx_can.o
    0x08002178   0x00000126   Code   RO         1178    i.CAN_Transmit      stm32f4xx_can.o
    0x0800229e   0x00000012   Code   RO         1181    i.CheckITStatus     stm32f4xx_can.o
    0x080022b0   0x00000090   Code   RO          482    i.GPIO_Init         stm32f4xx_gpio.o
    0x08002340   0x00000046   Code   RO          483    i.GPIO_PinAFConfig  stm32f4xx_gpio.o
    0x08002386   0x00000004   Code   RO          147    i.HardFault_Handler  stm32f4xx_it.o
    0x0800238a   0x00000002   PAD
    0x0800238c   0x00000078   Code   RO          437    i.NVIC_Init         misc.o
    0x08002404   0x00000014   Code   RO          438    i.NVIC_PriorityGroupConfig  misc.o
    0x08002418   0x00000046   Code   RO         2175    i.Nvic_Init         task.o
    0x0800245e   0x00000002   PAD
    0x08002460   0x00000034   Code   RO         3354    i.PIDInit           point.o
    0x08002494   0x00000096   Code   RO         3356    i.PID_Position_Calc  point.o
    0x0800252a   0x00000002   PAD
    0x0800252c   0x00000020   Code   RO          579    i.RCC_AHB1PeriphClockCmd  stm32f4xx_rcc.o
    0x0800254c   0x00000020   Code   RO          588    i.RCC_APB1PeriphClockCmd  stm32f4xx_rcc.o
    0x0800256c   0x00000020   Code   RO          590    i.RCC_APB1PeriphResetCmd  stm32f4xx_rcc.o
    0x0800258c   0x00000020   Code   RO          591    i.RCC_APB2PeriphClockCmd  stm32f4xx_rcc.o
    0x080025ac   0x00000020   Code   RO          593    i.RCC_APB2PeriphResetCmd  stm32f4xx_rcc.o
    0x080025cc   0x000000e8   Code   RO          600    i.RCC_GetClocksFreq  stm32f4xx_rcc.o
    0x080026b4   0x000000ec   Code   RO          206    i.SetSysClock       system_stm32f4xx.o
    0x080027a0   0x00000028   Code   RO          441    i.SysTick_CLKSourceConfig  misc.o
    0x080027c8   0x00000068   Code   RO          208    i.SystemInit        system_stm32f4xx.o
    0x08002830   0x000000b4   Code   RO          148    i.TIM2_IRQHandler   stm32f4xx_it.o
    0x080028e4   0x00000038   Code   RO         3412    i.TIM4_IRQHandler   usmart.o
    0x0800291c   0x00000006   Code   RO         1330    i.TIM_ClearFlag     stm32f4xx_tim.o
    0x08002922   0x00000006   Code   RO         1331    i.TIM_ClearITPendingBit  stm32f4xx_tim.o
    0x08002928   0x00000018   Code   RO         1336    i.TIM_Cmd           stm32f4xx_tim.o
    0x08002940   0x00000190   Code   RO         1341    i.TIM_DeInit        stm32f4xx_tim.o
    0x08002ad0   0x00000006   Code   RO         1355    i.TIM_GetCounter    stm32f4xx_tim.o
    0x08002ad6   0x00000012   Code   RO         1356    i.TIM_GetFlagStatus  stm32f4xx_tim.o
    0x08002ae8   0x00000022   Code   RO         1357    i.TIM_GetITStatus   stm32f4xx_tim.o
    0x08002b0a   0x00000012   Code   RO         1361    i.TIM_ITConfig      stm32f4xx_tim.o
    0x08002b1c   0x00000004   Code   RO         1396    i.TIM_SetAutoreload  stm32f4xx_tim.o
    0x08002b20   0x00000004   Code   RO         1402    i.TIM_SetCounter    stm32f4xx_tim.o
    0x08002b24   0x00000084   Code   RO         1408    i.TIM_TimeBaseInit  stm32f4xx_tim.o
    0x08002ba8   0x00000002   Code   RO         2176    i.Task_1000HZ       task.o
    0x08002baa   0x00000002   PAD
    0x08002bac   0x00000124   Code   RO         2177    i.Task_100HZ        task.o
    0x08002cd0   0x00000002   Code   RO         2178    i.Task_10HZ         task.o
    0x08002cd2   0x00000002   Code   RO         2179    i.Task_1HZ          task.o
    0x08002cd4   0x00000002   Code   RO         2180    i.Task_200HZ        task.o
    0x08002cd6   0x00000002   Code   RO         2181    i.Task_20HZ         task.o
    0x08002cd8   0x00000002   Code   RO         2182    i.Task_250HZ        task.o
    0x08002cda   0x00000002   Code   RO         2183    i.Task_500HZ        task.o
    0x08002cdc   0x00000008   Code   RO         2184    i.Task_50HZ         task.o
    0x08002ce4   0x00000058   Code   RO         2403    i.Timer2_Init       timer2.o
    0x08002d3c   0x0000005c   Code   RO         3413    i.Timer4_Init       usmart.o
    0x08002d98   0x00000088   Code   RO          301    i.USART1_IRQHandler  usart.o
    0x08002e20   0x00000188   Code   RO          391    i.USART2_IRQHandler  pid_usart.o
    0x08002fa8   0x0000015c   Code   RO          351    i.USART3_IRQHandler  action_usart.o
    0x08003104   0x0000001e   Code   RO          970    i.USART_ClearITPendingBit  stm32f4xx_usart.o
    0x08003122   0x00000018   Code   RO          973    i.USART_Cmd         stm32f4xx_usart.o
    0x0800313a   0x0000001a   Code   RO          976    i.USART_GetFlagStatus  stm32f4xx_usart.o
    0x08003154   0x00000054   Code   RO          977    i.USART_GetITStatus  stm32f4xx_usart.o
    0x080031a8   0x0000004a   Code   RO          979    i.USART_ITConfig    stm32f4xx_usart.o
    0x080031f2   0x00000002   PAD
    0x080031f4   0x000000d4   Code   RO          980    i.USART_Init        stm32f4xx_usart.o
    0x080032c8   0x0000000a   Code   RO          987    i.USART_ReceiveData  stm32f4xx_usart.o
    0x080032d2   0x00000008   Code   RO          990    i.USART_SendData    stm32f4xx_usart.o
    0x080032da   0x00000002   PAD
    0x080032dc   0x000002c4   Code   RO         2319    i.World_Kinematic_Analysis  control.o
    0x080035a0   0x00000030   Code   RO         3829    i.__ARM_fpclassify  m_wm.l(fpclassify.o)
    0x080035d0   0x000000c8   Code   RO         3725    i.__hardfp_cos      m_wm.l(cos.o)
    0x08003698   0x000000c8   Code   RO         3737    i.__hardfp_sin      m_wm.l(sin.o)
    0x08003760   0x00000438   Code   RO         3834    i.__ieee754_rem_pio2  m_wm.l(rred.o)
    0x08003b98   0x00000170   Code   RO         3806    i.__kernel_cos      m_wm.l(cos_i.o)
    0x08003d08   0x000000f8   Code   RO         3831    i.__kernel_poly     m_wm.l(poly.o)
    0x08003e00   0x00000130   Code   RO         3839    i.__kernel_sin      m_wm.l(sin_i.o)
    0x08003f30   0x00000014   Code   RO         3810    i.__mathlib_dbl_infnan  m_wm.l(dunder.o)
    0x08003f44   0x00000004   PAD
    0x08003f48   0x00000020   Code   RO         3812    i.__mathlib_dbl_invalid  m_wm.l(dunder.o)
    0x08003f68   0x00000020   Code   RO         3815    i.__mathlib_dbl_underflow  m_wm.l(dunder.o)
    0x08003f88   0x0000000e   Code   RO         3644    i._is_digit         c_w.l(__printf_wp.o)
    0x08003f96   0x00000004   Code   RO          302    i._sys_exit         usart.o
    0x08003f9a   0x00000002   PAD
    0x08003f9c   0x0000003c   Code   RO          243    i.delay_init        delay.o
    0x08003fd8   0x00000038   Code   RO          244    i.delay_ms          delay.o
    0x08004010   0x0000004c   Code   RO          245    i.delay_us          delay.o
    0x0800405c   0x0000004c   Code   RO          246    i.delay_xms         delay.o
    0x080040a8   0x00000018   Code   RO         3825    i.fabs              m_wm.l(fabs.o)
    0x080040c0   0x0000001c   Code   RO          303    i.fputc             usart.o
    0x080040dc   0x00000002   Code   RO         2185    i.goal_set          task.o
    0x080040de   0x00000002   PAD
    0x080040e0   0x000000d8   Code   RO            3    i.main              main.o
    0x080041b8   0x00000002   Code   RO         2186    i.pid_position_set  task.o
    0x080041ba   0x00000002   PAD
    0x080041bc   0x000000ac   Code   RO          392    i.pid_uart_init     pid_usart.o
    0x08004268   0x00000002   Code   RO         2187    i.pid_yaw_set       task.o
    0x0800426a   0x00000006   Code   RO         3414    i.read_addr         usmart.o
    0x08004270   0x000000a8   Code   RO          393    i.send_data         pid_usart.o
    0x08004318   0x000002d8   Code   RO         3358    i.track_point       point.o
    0x080045f0   0x000000ac   Code   RO          304    i.uart_init         usart.o
    0x0800469c   0x00000014   Code   RO         3359    i.use_tracking      point.o
    0x080046b0   0x000000b0   Code   RO         3415    i.usmart_cmd_rec    usmart.o
    0x08004760   0x000002d4   Code   RO         3416    i.usmart_exe        usmart.o
    0x08004a34   0x000000c8   Code   RO         3517    i.usmart_get_aparm  usmart_str.o
    0x08004afc   0x00000036   Code   RO         3518    i.usmart_get_cmdname  usmart_str.o
    0x08004b32   0x00000002   PAD
    0x08004b34   0x000001c0   Code   RO         3519    i.usmart_get_fname  usmart_str.o
    0x08004cf4   0x0000010c   Code   RO         3520    i.usmart_get_fparam  usmart_str.o
    0x08004e00   0x00000020   Code   RO         3521    i.usmart_get_parmpos  usmart_str.o
    0x08004e20   0x00000044   Code   RO         3417    i.usmart_get_runtime  usmart.o
    0x08004e64   0x00000028   Code   RO         3418    i.usmart_init       usmart.o
    0x08004e8c   0x00000016   Code   RO         3522    i.usmart_pow        usmart_str.o
    0x08004ea2   0x00000002   PAD
    0x08004ea4   0x00000030   Code   RO         3419    i.usmart_reset_runtime  usmart.o
    0x08004ed4   0x000000bc   Code   RO         3420    i.usmart_scan       usmart.o
    0x08004f90   0x00000016   Code   RO         3523    i.usmart_search_nextc  usmart_str.o
    0x08004fa6   0x000000ca   Code   RO         3524    i.usmart_str2num    usmart_str.o
    0x08005070   0x00000022   Code   RO         3525    i.usmart_strcmp     usmart_str.o
    0x08005092   0x00000016   Code   RO         3526    i.usmart_strcopy    usmart_str.o
    0x080050a8   0x00000018   Code   RO         3527    i.usmart_strlen     usmart_str.o
    0x080050c0   0x000006e4   Code   RO         3421    i.usmart_sys_cmd_exe  usmart.o
    0x080057a4   0x00000004   Code   RO         3422    i.write_addr        usmart.o
    0x080057a8   0x0000002c   Code   RO         3910    locale$$code        c_w.l(lc_numeric_c.o)
    0x080057d4   0x00000018   Code   RO         3669    x$fpl$basic         fz_wm.l(basic.o)
    0x080057ec   0x00000150   Code   RO         3673    x$fpl$dadd          fz_wm.l(daddsub_clz.o)
    0x0800593c   0x000002b0   Code   RO         3680    x$fpl$ddiv          fz_wm.l(ddiv.o)
    0x08005bec   0x0000005e   Code   RO         3683    x$fpl$dfix          fz_wm.l(dfix.o)
    0x08005c4a   0x0000002e   Code   RO         3688    x$fpl$dflt          fz_wm.l(dflt_clz.o)
    0x08005c78   0x00000026   Code   RO         3687    x$fpl$dfltu         fz_wm.l(dflt_clz.o)
    0x08005c9e   0x00000002   PAD
    0x08005ca0   0x00000154   Code   RO         3693    x$fpl$dmul          fz_wm.l(dmul.o)
    0x08005df4   0x0000009c   Code   RO         3781    x$fpl$dnaninf       fz_wm.l(dnaninf.o)
    0x08005e90   0x0000000c   Code   RO         3783    x$fpl$dretinf       fz_wm.l(dretinf.o)
    0x08005e9c   0x00000016   Code   RO         3674    x$fpl$drsb          fz_wm.l(daddsub_clz.o)
    0x08005eb2   0x00000002   PAD
    0x08005eb4   0x000001d4   Code   RO         3675    x$fpl$dsub          fz_wm.l(daddsub_clz.o)
    0x08006088   0x00000056   Code   RO         3695    x$fpl$f2d           fz_wm.l(f2d.o)
    0x080060de   0x0000008c   Code   RO         3787    x$fpl$fnaninf       fz_wm.l(fnaninf.o)
    0x0800616a   0x0000000a   Code   RO         3990    x$fpl$fpinit        fz_wm.l(fpinit.o)
    0x08006174   0x00000004   Code   RO         3697    x$fpl$printf1       fz_wm.l(printf1.o)
    0x08006178   0x00000000   Code   RO         3791    x$fpl$usenofp       fz_wm.l(usenofp.o)
    0x08006178   0x00000028   Data   RO         3617    .constdata          c_w.l(_printf_hex_int.o)
    0x080061a0   0x00000011   Data   RO         3652    .constdata          c_w.l(__printf_flags_ss_wp.o)
    0x080061b1   0x00000007   PAD
    0x080061b8   0x00000030   Data   RO         3807    .constdata          m_wm.l(cos_i.o)
    0x080061e8   0x000000c8   Data   RO         3836    .constdata          m_wm.l(rred.o)
    0x080062b0   0x00000028   Data   RO         3840    .constdata          m_wm.l(sin_i.o)
    0x080062d8   0x00000094   Data   RO         3881    .constdata          c_w.l(bigflt0.o)
    0x0800636c   0x00000028   Data   RO         3423    .conststring        usmart.o
    0x08006394   0x000000f1   Data   RO         3496    .conststring        usmart_config.o
    0x08006485   0x00000003   PAD
    0x08006488   0x00000020   Data   RO         4060    Region$$Table       anon$$obj.o
    0x080064a8   0x0000001c   Data   RO         3909    locale$$data        c_w.l(lc_numeric_c.o)


    Execution Region RW_IRAM1 (Base: 0x20000000, Size: 0x00000b30, Max: 0x00020000, ABSOLUTE, COMPRESSED[0x000000e0])

    Base Addr    Size         Type   Attr      Idx    E Section Name        Object

    0x20000000   0x0000000c   Data   RW          149    .data               stm32f4xx_it.o
    0x2000000c   0x00000004   Data   RW          247    .data               delay.o
    0x20000010   0x00000006   Data   RW          306    .data               usart.o
    0x20000016   0x00000002   PAD
    0x20000018   0x0000001b   Data   RW          353    .data               action_usart.o
    0x20000033   0x00000001   PAD
    0x20000034   0x0000002f   Data   RW          395    .data               pid_usart.o
    0x20000063   0x00000010   Data   RW          632    .data               stm32f4xx_rcc.o
    0x20000073   0x00000001   Data   RW         2188    .data               task.o
    0x20000074   0x000000b8   Data   RW         2323    .data               control.o
    0x2000012c   0x00000006   Data   RW         2404    .data               timer2.o
    0x20000132   0x0000001e   Data   RW         2451    .data               can1.o
    0x20000150   0x00000048   Data   RW         3361    .data               point.o
    0x20000198   0x0000001c   Data   RW         3424    .data               usmart.o
    0x200001b4   0x0000012c   Data   RW         3497    .data               usmart_config.o
    0x200002e0   0x000000c8   Zero   RW          305    .bss                usart.o
    0x200003a8   0x00000018   Zero   RW          352    .bss                action_usart.o
    0x200003c0   0x00000040   Zero   RW          394    .bss                pid_usart.o
    0x20000400   0x00000010   Zero   RW         2450    .bss                can1.o
    0x20000410   0x000000bc   Zero   RW         3360    .bss                point.o
    0x200004cc   0x00000060   Zero   RW         3919    .bss                c_w.l(libspace.o)
    0x2000052c   0x00000004   PAD
    0x20000530   0x00000200   Zero   RW          429    HEAP                startup_stm32f40_41xxx.o
    0x20000730   0x00000400   Zero   RW          428    STACK               startup_stm32f40_41xxx.o


==============================================================================

Image component sizes


      Code (inc. data)   RO Data    RW Data    ZI Data      Debug   Object Name

       520         58          0         27         24       1982   action_usart.o
      1368         84          0         30         16       6452   can1.o
       708         26          0        184          0       2352   control.o
       268         16          0          4          0       2491   delay.o
       216         38          0          0          0     290483   main.o
       180         24          0          0          0       2081   misc.o
       732         90          0         47         64       2726   pid_usart.o
       950         86          0         72        188       4654   point.o
        64         26        392          0       1536        844   startup_stm32f40_41xxx.o
      1654         22          0          0          0       7492   stm32f4xx_can.o
       214          0          0          0          0       1763   stm32f4xx_gpio.o
       184         44          0         12          0       1510   stm32f4xx_it.o
       392         48          0         16          0       5817   stm32f4xx_rcc.o
       652         82          0          0          0       7269   stm32f4xx_tim.o
       468          8          0          0          0       6091   stm32f4xx_usart.o
       340         32          0          0          0       1485   system_stm32f4xx.o
       514         98          0          1          0       7125   task.o
        88          6          0          6          0        878   timer2.o
       340         28          0          6        200       4292   usart.o
      3166       1332         40         28          0       7954   usmart.o
         0          0        241        300          0       1524   usmart_config.o
      1328         20          0          0          0       8737   usmart_str.o

    ----------------------------------------------------------------------
     14370       2168        708        736       2028     376002   Object Totals
         0          0         32          0          0          0   (incl. Generated)
        24          0          3          3          0          0   (incl. Padding)

    ----------------------------------------------------------------------

      Code (inc. data)   RO Data    RW Data    ZI Data      Debug   Library Member Name

        90          0          0          0          0          0   __dczerorl2.o
         8          0          0          0          0         68   __main.o
       392          4         17          0          0         92   __printf_flags_ss_wp.o
        14          0          0          0          0         68   __printf_wp.o
         0          0          0          0          0          0   __rtentry.o
        12          0          0          0          0          0   __rtentry2.o
         6          0          0          0          0          0   __rtentry4.o
        52          8          0          0          0          0   __scatter.o
        28          0          0          0          0          0   __scatter_zi.o
         6          0          0          0          0          0   _printf_c.o
        44          0          0          0          0        108   _printf_char.o
        48          6          0          0          0         96   _printf_char_common.o
        36          4          0          0          0         80   _printf_char_file.o
         6          0          0          0          0          0   _printf_d.o
       120         16          0          0          0         92   _printf_dec.o
         6          0          0          0          0          0   _printf_f.o
      1050          0          0          0          0        216   _printf_fp_dec.o
       128         16          0          0          0         84   _printf_fp_infnan.o
        88          4         40          0          0         88   _printf_hex_int.o
       178          0          0          0          0         88   _printf_intcommon.o
        78          0          0          0          0        108   _printf_pad.o
         0          0          0          0          0          0   _printf_percent.o
         4          0          0          0          0          0   _printf_percent_end.o
         6          0          0          0          0          0   _printf_s.o
        82          0          0          0          0         80   _printf_str.o
         6          0          0          0          0          0   _printf_u.o
         6          0          0          0          0          0   _printf_x.o
        22          0          0          0          0        100   _rserrno.o
       220          4        148          0          0         96   bigflt0.o
      1910        128          0          0          0        672   btod.o
        12          0          0          0          0         72   exit.o
         8          0          0          0          0         68   ferror.o
         6          0          0          0          0        152   heapauxi.o
        44         10         28          0          0         76   lc_numeric_c.o
         2          0          0          0          0          0   libinit.o
        22          0          0          0          0          0   libinit2.o
         2          0          0          0          0          0   libshutdown.o
         2          0          0          0          0          0   libshutdown2.o
         8          4          0          0         96         68   libspace.o
       138          0          0          0          0         80   lludiv10.o
        24          4          0          0          0         84   noretval__2printf.o
         8          4          0          0          0         68   rt_errno_addr_intlibspace.o
         8          4          0          0          0         68   rt_locale_intlibspace.o
         2          0          0          0          0          0   rtexit.o
        10          0          0          0          0          0   rtexit2.o
       128          0          0          0          0         68   strcmpv7m.o
        74          0          0          0          0         80   sys_stackheap_outer.o
         2          0          0          0          0         68   use_no_semi.o
         2          0          0          0          0         68   use_no_semi_2.o
        24          0          0          0          0        164   basic.o
       826         16          0          0          0        492   daddsub_clz.o
       688        140          0          0          0        256   ddiv.o
        94          4          0          0          0        140   dfix.o
        84          0          0          0          0        232   dflt_clz.o
       340         12          0          0          0        152   dmul.o
       156          4          0          0          0        140   dnaninf.o
        12          0          0          0          0        116   dretinf.o
        86          4          0          0          0        132   f2d.o
       140          4          0          0          0        132   fnaninf.o
        10          0          0          0          0        116   fpinit.o
         4          0          0          0          0        116   printf1.o
         0          0          0          0          0          0   usenofp.o
       200         20          0          0          0        164   cos.o
       368         46         48          0          0        200   cos_i.o
        84         16          0          0          0        372   dunder.o
        24          0          0          0          0        124   fabs.o
        48          0          0          0          0        124   fpclassify.o
       248          0          0          0          0        152   poly.o
      1080        142        200          0          0        188   rred.o
       200         20          0          0          0        164   sin.o
       304         24         40          0          0        208   sin_i.o

    ----------------------------------------------------------------------
     10190        668        528          0        100       7040   Library Totals
        22          0          7          0          4          0   (incl. Padding)

    ----------------------------------------------------------------------

      Code (inc. data)   RO Data    RW Data    ZI Data      Debug   Library Name

      5148        216        233          0         96       3156   c_w.l
      2464        184          0          0          0       2188   fz_wm.l
      2556        268        288          0          0       1696   m_wm.l

    ----------------------------------------------------------------------
     10190        668        528          0        100       7040   Library Totals

    ----------------------------------------------------------------------

==============================================================================


      Code (inc. data)   RO Data    RW Data    ZI Data      Debug   

     24560       2836       1236        736       2128     368926   Grand Totals
     24560       2836       1236        224       2128     368926   ELF Image Totals (compressed)
     24560       2836       1236        224          0          0   ROM Totals

==============================================================================

    Total RO  Size (Code + RO Data)                25796 (  25.19kB)
    Total RW  Size (RW Data + ZI Data)              2864 (   2.80kB)
    Total ROM Size (Code + RO Data + RW Data)      26020 (  25.41kB)

==============================================================================

